Archive member included to satisfy reference by file (symbol)

/usr/lib/gcc/arm-none-eabi/10.3.1/thumb/v6-m/nofp/libgcc.a(_dvmd_tls.o)
                              CMakeFiles/onboard_temperature.dir/home/henr7381/pico/pico-sdk/src/rp2_common/pico_divider/divider_hardware.S.obj (__aeabi_idiv0)
/usr/lib/gcc/arm-none-eabi/10.3.1/../../../arm-none-eabi/lib/thumb/v6-m/nofp/libg.a(lib_a-atexit.o)
                              /usr/lib/gcc/arm-none-eabi/10.3.1/../../../arm-none-eabi/lib/thumb/v6-m/nofp/crt0.o (atexit)
/usr/lib/gcc/arm-none-eabi/10.3.1/../../../arm-none-eabi/lib/thumb/v6-m/nofp/libg.a(lib_a-calloc.o)
                              CMakeFiles/onboard_temperature.dir/home/henr7381/pico/pico-sdk/src/rp2_common/pico_malloc/malloc.c.obj (calloc)
/usr/lib/gcc/arm-none-eabi/10.3.1/../../../arm-none-eabi/lib/thumb/v6-m/nofp/libg.a(lib_a-callocr.o)
                              /usr/lib/gcc/arm-none-eabi/10.3.1/../../../arm-none-eabi/lib/thumb/v6-m/nofp/libg.a(lib_a-calloc.o) (_calloc_r)
/usr/lib/gcc/arm-none-eabi/10.3.1/../../../arm-none-eabi/lib/thumb/v6-m/nofp/libg.a(lib_a-fini.o)
                              /usr/lib/gcc/arm-none-eabi/10.3.1/../../../arm-none-eabi/lib/thumb/v6-m/nofp/crt0.o (__libc_fini_array)
/usr/lib/gcc/arm-none-eabi/10.3.1/../../../arm-none-eabi/lib/thumb/v6-m/nofp/libg.a(lib_a-impure.o)
                              /usr/lib/gcc/arm-none-eabi/10.3.1/../../../arm-none-eabi/lib/thumb/v6-m/nofp/libg.a(lib_a-calloc.o) (_impure_ptr)
/usr/lib/gcc/arm-none-eabi/10.3.1/../../../arm-none-eabi/lib/thumb/v6-m/nofp/libg.a(lib_a-init.o)
                              /usr/lib/gcc/arm-none-eabi/10.3.1/../../../arm-none-eabi/lib/thumb/v6-m/nofp/crt0.o (__libc_init_array)
/usr/lib/gcc/arm-none-eabi/10.3.1/../../../arm-none-eabi/lib/thumb/v6-m/nofp/libg.a(lib_a-lcltime_r.o)
                              CMakeFiles/onboard_temperature.dir/home/henr7381/pico/pico-sdk/src/common/pico_util/datetime.c.obj (localtime_r)
/usr/lib/gcc/arm-none-eabi/10.3.1/../../../arm-none-eabi/lib/thumb/v6-m/nofp/libg.a(lib_a-malloc.o)
                              CMakeFiles/onboard_temperature.dir/home/henr7381/pico/pico-sdk/src/rp2_common/pico_malloc/malloc.c.obj (malloc)
/usr/lib/gcc/arm-none-eabi/10.3.1/../../../arm-none-eabi/lib/thumb/v6-m/nofp/libg.a(lib_a-mallocr.o)
                              /usr/lib/gcc/arm-none-eabi/10.3.1/../../../arm-none-eabi/lib/thumb/v6-m/nofp/libg.a(lib_a-callocr.o) (_malloc_r)
/usr/lib/gcc/arm-none-eabi/10.3.1/../../../arm-none-eabi/lib/thumb/v6-m/nofp/libg.a(lib_a-memcmp.o)
                              CMakeFiles/onboard_temperature.dir/home/henr7381/pico/pico-sdk/src/rp2_common/pico_atomic/atomic.c.obj (memcmp)
/usr/lib/gcc/arm-none-eabi/10.3.1/../../../arm-none-eabi/lib/thumb/v6-m/nofp/libg.a(lib_a-mktime.o)
                              CMakeFiles/onboard_temperature.dir/home/henr7381/pico/pico-sdk/src/common/pico_util/datetime.c.obj (mktime)
/usr/lib/gcc/arm-none-eabi/10.3.1/../../../arm-none-eabi/lib/thumb/v6-m/nofp/libg.a(lib_a-mlock.o)
                              /usr/lib/gcc/arm-none-eabi/10.3.1/../../../arm-none-eabi/lib/thumb/v6-m/nofp/libg.a(lib_a-mallocr.o) (__malloc_lock)
/usr/lib/gcc/arm-none-eabi/10.3.1/../../../arm-none-eabi/lib/thumb/v6-m/nofp/libg.a(lib_a-month_lengths.o)
                              /usr/lib/gcc/arm-none-eabi/10.3.1/../../../arm-none-eabi/lib/thumb/v6-m/nofp/libg.a(lib_a-lcltime_r.o) (__month_lengths)
/usr/lib/gcc/arm-none-eabi/10.3.1/../../../arm-none-eabi/lib/thumb/v6-m/nofp/libg.a(lib_a-realloc.o)
                              CMakeFiles/onboard_temperature.dir/home/henr7381/pico/pico-sdk/src/rp2_common/pico_malloc/malloc.c.obj (realloc)
/usr/lib/gcc/arm-none-eabi/10.3.1/../../../arm-none-eabi/lib/thumb/v6-m/nofp/libg.a(lib_a-reallocr.o)
                              /usr/lib/gcc/arm-none-eabi/10.3.1/../../../arm-none-eabi/lib/thumb/v6-m/nofp/libg.a(lib_a-realloc.o) (_realloc_r)
/usr/lib/gcc/arm-none-eabi/10.3.1/../../../arm-none-eabi/lib/thumb/v6-m/nofp/libg.a(lib_a-sbrkr.o)
                              /usr/lib/gcc/arm-none-eabi/10.3.1/../../../arm-none-eabi/lib/thumb/v6-m/nofp/libg.a(lib_a-mallocr.o) (_sbrk_r)
/usr/lib/gcc/arm-none-eabi/10.3.1/../../../arm-none-eabi/lib/thumb/v6-m/nofp/libg.a(lib_a-strlen-stub.o)
                              CMakeFiles/onboard_temperature.dir/home/henr7381/pico/pico-sdk/src/rp2_common/pico_stdio/stdio.c.obj (strlen)
/usr/lib/gcc/arm-none-eabi/10.3.1/../../../arm-none-eabi/lib/thumb/v6-m/nofp/libg.a(lib_a-tzcalc_limits.o)
                              /usr/lib/gcc/arm-none-eabi/10.3.1/../../../arm-none-eabi/lib/thumb/v6-m/nofp/libg.a(lib_a-lcltime_r.o) (__tzcalc_limits)
/usr/lib/gcc/arm-none-eabi/10.3.1/../../../arm-none-eabi/lib/thumb/v6-m/nofp/libg.a(lib_a-tzlock.o)
                              /usr/lib/gcc/arm-none-eabi/10.3.1/../../../arm-none-eabi/lib/thumb/v6-m/nofp/libg.a(lib_a-lcltime_r.o) (__tz_lock)
[...]
Memory Configuration

Name             Origin             Length             Attributes
FLASH            0x0000000010000000 0x0000000000200000 xr
RAM              0x0000000020000000 0x0000000000040000 xrw
SCRATCH_X        0x0000000020040000 0x0000000000001000 xrw
SCRATCH_Y        0x0000000020041000 0x0000000000001000 xrw
*default*        0x0000000000000000 0xffffffffffffffff

Linker script and memory map

LOAD /usr/lib/gcc/arm-none-eabi/10.3.1/thumb/v6-m/nofp/crti.o
LOAD /usr/lib/gcc/arm-none-eabi/10.3.1/thumb/v6-m/nofp/crtbegin.o
LOAD /usr/lib/gcc/arm-none-eabi/10.3.1/../../../arm-none-eabi/lib/thumb/v6-m/nofp/crt0.o

.flash_begin    0x0000000010000000        0x0
                0x0000000010000000                __flash_binary_start = .

.boot2          0x0000000010000000      0x100
                0x0000000010000000                __boot2_start__ = .
 *(.boot2)
 .boot2         0x0000000010000000      0x100 /tmp/ccYEuxi2.o
                0x0000000010000100                __boot2_end__ = .
                0x0000000000000001                ASSERT (((__boot2_end__ - __boot2_start__) == 0x100), ERROR: Pico second stage bootloader must be 256 bytes in size)

.text           0x0000000010000100     0x3da8
                0x0000000010000100                __logical_binary_start = .
 *(.vectors)
 .vectors       0x0000000010000100       0xd4 CMakeFiles/onboard_temperature.dir/home/henr7381/pico/pico-sdk/src/rp2_common/pico_crt0/crt0.S.obj
                0x0000000010000100                __vectors
                0x0000000010000100                __VECTOR_TABLE
                0x00000000100001c0                isr_invalid
                0x00000000100001c0                __default_isrs_start
                0x00000000100001c2                isr_nmi
                0x00000000100001c4                isr_hardfault
                0x00000000100001c6                isr_svcall
                0x00000000100001c8                isr_pendsv
                0x00000000100001ca                isr_systick
                0x00000000100001cc                isr_irq30
                0x00000000100001cc                __unhandled_user_irq
                0x00000000100001cc                isr_irq13
                0x00000000100001cc                isr_irq27
                0x00000000100001cc                isr_irq31
                0x00000000100001cc                isr_irq5
                0x00000000100001cc                isr_irq11
                0x00000000100001cc                isr_irq23
                0x00000000100001cc                isr_irq18
                0x00000000100001cc                isr_irq28
                0x00000000100001cc                isr_irq19
                0x00000000100001cc                isr_irq0
                0x00000000100001cc                isr_irq6
                0x00000000100001cc                isr_irq22
                0x00000000100001cc                isr_irq17
                0x00000000100001cc                isr_irq14
                0x00000000100001cc                isr_irq2
                0x00000000100001cc                isr_irq10
                0x00000000100001cc                isr_irq8
                0x00000000100001cc                isr_irq24
                0x00000000100001cc                isr_irq1
                0x00000000100001cc                isr_irq7
                0x00000000100001cc                isr_irq21
                0x00000000100001cc                isr_irq20
                0x00000000100001cc                isr_irq15
                0x00000000100001cc                isr_irq25
                0x00000000100001cc                isr_irq4
                0x00000000100001cc                isr_irq16
                0x00000000100001cc                isr_irq29
                0x00000000100001cc                isr_irq26
                0x00000000100001cc                __default_isrs_end
                0x00000000100001cc                isr_irq3
                0x00000000100001cc                isr_irq12
                0x00000000100001cc                isr_irq9
                0x00000000100001d2                unhandled_user_irq_num_in_r0
 *(.binary_info_header)
 .binary_info_header
                0x00000000100001d4       0x14 CMakeFiles/onboard_temperature.dir/home/henr7381/pico/pico-sdk/src/rp2_common/pico_crt0/crt0.S.obj
                0x00000000100001e8                __binary_info_header_end = .
 *(.embedded_block)
                0x00000000100001e8                __embedded_block_end = .
 *(.reset)
 .reset         0x00000000100001e8       0x9c CMakeFiles/onboard_temperature.dir/home/henr7381/pico/pico-sdk/src/rp2_common/pico_crt0/crt0.S.obj
                0x00000000100001e8                _entry_point
 *(.init)
 .init          0x0000000010000284        0x4 /usr/lib/gcc/arm-none-eabi/10.3.1/thumb/v6-m/nofp/crti.o
                0x0000000010000284                _init
 *(EXCLUDE_FILE(*libm.a: *libc.a:*lib_a-mem*.o *libgcc.a:) .text*)
 .text          0x0000000010000288       0x98 /usr/lib/gcc/arm-none-eabi/10.3.1/thumb/v6-m/nofp/crtbegin.o
 .text.read_onboard_temperature
                0x0000000010000320       0x7c CMakeFiles/onboard_temperature.dir/onboard_temperature.c.obj
                0x0000000010000320                read_onboard_temperature
 .text.main     0x000000001000039c       0x7c CMakeFiles/onboard_temperature.dir/onboard_temperature.c.obj
                0x000000001000039c                main
 .text.gpio_set_function
                0x0000000010000418       0x34 CMakeFiles/onboard_temperature.dir/home/henr7381/pico/pico-sdk/src/rp2_common/hardware_gpio/gpio.c.obj
                0x0000000010000418                gpio_set_function
 .text.gpio_init
                0x000000001000044c       0x16 CMakeFiles/onboard_temperature.dir/home/henr7381/pico/pico-sdk/src/rp2_common/hardware_gpio/gpio.c.obj
                0x000000001000044c                gpio_init
 *fill*         0x0000000010000462        0x2 
 .text.panic    0x0000000010000464       0x30 CMakeFiles/onboard_temperature.dir/home/henr7381/pico/pico-sdk/src/rp2_common/pico_platform_panic/panic.c.obj
                0x0000000010000464                panic
 .text.hw_claim_lock
                0x0000000010000494       0x18 CMakeFiles/onboard_temperature.dir/home/henr7381/pico/pico-sdk/src/common/hardware_claim/claim.c.obj
                0x0000000010000494                hw_claim_lock
 .text.hw_claim_unlock
                0x00000000100004ac       0x14 CMakeFiles/onboard_temperature.dir/home/henr7381/pico/pico-sdk/src/common/hardware_claim/claim.c.obj
                0x00000000100004ac                hw_claim_unlock
 .text.hw_claim_or_assert
                0x00000000100004c0       0x32 CMakeFiles/onboard_temperature.dir/home/henr7381/pico/pico-sdk/src/common/hardware_claim/claim.c.obj
                0x00000000100004c0                hw_claim_or_assert
 *fill*         0x00000000100004f2        0x2 
 .text.next_striped_spin_lock_num
                0x00000000100004f4       0x1c CMakeFiles/onboard_temperature.dir/home/henr7381/pico/pico-sdk/src/rp2_common/hardware_sync/sync.c.obj
                0x00000000100004f4                next_striped_spin_lock_num
 .text.spin_locks_reset
                0x0000000010000510       0x20 CMakeFiles/onboard_temperature.dir/home/henr7381/pico/pico-sdk/src/rp2_common/hardware_sync_spin_lock/sync_spin_lock.c.obj
                0x0000000010000510                spin_locks_reset
 .text.set_raw_irq_handler_and_unlock
                0x0000000010000530       0x28 CMakeFiles/onboard_temperature.dir/home/henr7381/pico/pico-sdk/src/rp2_common/hardware_irq/irq.c.obj
 .text.nvic_ipr0
                0x0000000010000558        0x8 CMakeFiles/onboard_temperature.dir/home/henr7381/pico/pico-sdk/src/rp2_common/hardware_irq/irq.c.obj
 .text.runtime_init_per_core_irq_priorities
                0x0000000010000560       0x1c CMakeFiles/onboard_temperature.dir/home/henr7381/pico/pico-sdk/src/rp2_common/hardware_irq/irq.c.obj
                0x0000000010000560                runtime_init_per_core_irq_priorities
 .text.make_j_16
                0x000000001000057c       0x4c CMakeFiles/onboard_temperature.dir/home/henr7381/pico/pico-sdk/src/rp2_common/hardware_irq/irq.c.obj
 .text.insert_bl_32
                0x00000000100005c8       0x40 CMakeFiles/onboard_temperature.dir/home/henr7381/pico/pico-sdk/src/rp2_common/hardware_irq/irq.c.obj
 .text.irq_is_enabled
                0x0000000010000608       0x18 CMakeFiles/onboard_temperature.dir/home/henr7381/pico/pico-sdk/src/rp2_common/hardware_irq/irq.c.obj
                0x0000000010000608                irq_is_enabled
 .text.irq_set_mask_n_enabled
                0x0000000010000620       0x1c CMakeFiles/onboard_temperature.dir/home/henr7381/pico/pico-sdk/src/rp2_common/hardware_irq/irq.c.obj
                0x0000000010000620                irq_set_mask_n_enabled
 .text.irq_set_enabled
                0x000000001000063c       0x14 CMakeFiles/onboard_temperature.dir/home/henr7381/pico/pico-sdk/src/rp2_common/hardware_irq/irq.c.obj
                0x000000001000063c                irq_set_enabled
 .text.irq_get_vtable_handler
                0x0000000010000650       0x10 CMakeFiles/onboard_temperature.dir/home/henr7381/pico/pico-sdk/src/rp2_common/hardware_irq/irq.c.obj
                0x0000000010000650                irq_get_vtable_handler
 .text.irq_set_exclusive_handler
                0x0000000010000660       0x54 CMakeFiles/onboard_temperature.dir/home/henr7381/pico/pico-sdk/src/rp2_common/hardware_irq/irq.c.obj
                0x0000000010000660                irq_set_exclusive_handler
 .text.irq_remove_handler
                0x00000000100006b4      0x1b0 CMakeFiles/onboard_temperature.dir/home/henr7381/pico/pico-sdk/src/rp2_common/hardware_irq/irq.c.obj
                0x00000000100006b4                irq_remove_handler
 .text.irq_add_tail_to_free_list
                0x0000000010000864       0xf4 CMakeFiles/onboard_temperature.dir/home/henr7381/pico/pico-sdk/src/rp2_common/hardware_irq/irq.c.obj
                0x0000000010000864                irq_add_tail_to_free_list
 .text.lock_init
                0x0000000010000958       0x10 CMakeFiles/onboard_temperature.dir/home/henr7381/pico/pico-sdk/src/common/pico_sync/lock_core.c.obj
                0x0000000010000958                lock_init
 .text.mutex_init
                0x0000000010000968       0x1a CMakeFiles/onboard_temperature.dir/home/henr7381/pico/pico-sdk/src/common/pico_sync/mutex.c.obj
                0x0000000010000968                mutex_init
 .text.recursive_mutex_init
                0x0000000010000982       0x1e CMakeFiles/onboard_temperature.dir/home/henr7381/pico/pico-sdk/src/common/pico_sync/mutex.c.obj
                0x0000000010000982                recursive_mutex_init
 .text.runtime_init_mutex
                0x00000000100009a0       0x4c CMakeFiles/onboard_temperature.dir/home/henr7381/pico/pico-sdk/src/common/pico_sync/mutex.c.obj
                0x00000000100009a0                runtime_init_mutex
 .text.make_alarm_id
                0x00000000100009ec        0x6 CMakeFiles/onboard_temperature.dir/home/henr7381/pico/pico-sdk/src/common/pico_time/time.c.obj
 *fill*         0x00000000100009f2        0x2 
 .text.sleep_until_callback
                0x00000000100009f4       0x30 CMakeFiles/onboard_temperature.dir/home/henr7381/pico/pico-sdk/src/common/pico_time/time.c.obj
 .text.alarm_pool_irq_handler
                0x0000000010000a24      0x2e4 CMakeFiles/onboard_temperature.dir/home/henr7381/pico/pico-sdk/src/common/pico_time/time.c.obj
 .text.alarm_pool_post_alloc_init
                0x0000000010000d08       0x94 CMakeFiles/onboard_temperature.dir/home/henr7381/pico/pico-sdk/src/common/pico_time/time.c.obj
 .text.alarm_pool_get_default
                0x0000000010000d9c       0x2c CMakeFiles/onboard_temperature.dir/home/henr7381/pico/pico-sdk/src/common/pico_time/time.c.obj
                0x0000000010000d9c                alarm_pool_get_default
 .text.alarm_pool_add_alarm_at_force_in_context
                0x0000000010000dc8       0xb0 CMakeFiles/onboard_temperature.dir/home/henr7381/pico/pico-sdk/src/common/pico_time/time.c.obj
                0x0000000010000dc8                alarm_pool_add_alarm_at_force_in_context
 .text.alarm_pool_add_alarm_at
                0x0000000010000e78       0x3c CMakeFiles/onboard_temperature.dir/home/henr7381/pico/pico-sdk/src/common/pico_time/time.c.obj
                0x0000000010000e78                alarm_pool_add_alarm_at
 .text.alarm_pool_cancel_alarm
                0x0000000010000eb4       0x78 CMakeFiles/onboard_temperature.dir/home/henr7381/pico/pico-sdk/src/common/pico_time/time.c.obj
                0x0000000010000eb4                alarm_pool_cancel_alarm
 .text.sleep_until
                0x0000000010000f2c       0xc8 CMakeFiles/onboard_temperature.dir/home/henr7381/pico/pico-sdk/src/common/pico_time/time.c.obj
                0x0000000010000f2c                sleep_until
 .text.sleep_us
                0x0000000010000ff4       0x24 CMakeFiles/onboard_temperature.dir/home/henr7381/pico/pico-sdk/src/common/pico_time/time.c.obj
                0x0000000010000ff4                sleep_us
 .text.sleep_ms
                0x0000000010001018       0x14 CMakeFiles/onboard_temperature.dir/home/henr7381/pico/pico-sdk/src/common/pico_time/time.c.obj
                0x0000000010001018                sleep_ms
 .text.best_effort_wfe_or_timeout
                0x000000001000102c       0xd8 CMakeFiles/onboard_temperature.dir/home/henr7381/pico/pico-sdk/src/common/pico_time/time.c.obj
                0x000000001000102c                best_effort_wfe_or_timeout
 .text.alarm_pool_get_default_timer
                0x0000000010001104        0x8 CMakeFiles/onboard_temperature.dir/home/henr7381/pico/pico-sdk/src/common/pico_time/time.c.obj
                0x0000000010001104                alarm_pool_get_default_timer
 .text.runtime_init_default_alarm_pool
                0x000000001000110c       0x38 CMakeFiles/onboard_temperature.dir/home/henr7381/pico/pico-sdk/src/common/pico_time/time.c.obj
                0x000000001000110c                runtime_init_default_alarm_pool
 .text.timer_hardware_alarm_claim
                0x0000000010001144       0x14 CMakeFiles/onboard_temperature.dir/home/henr7381/pico/pico-sdk/src/rp2_common/hardware_timer/timer.c.obj
                0x0000000010001144                timer_hardware_alarm_claim
 .text.timer_time_us_64
                0x0000000010001158       0x10 CMakeFiles/onboard_temperature.dir/home/henr7381/pico/pico-sdk/src/rp2_common/hardware_timer/timer.c.obj
                0x0000000010001158                timer_time_us_64
 .text.timer_busy_wait_until
                0x0000000010001168       0x1a CMakeFiles/onboard_temperature.dir/home/henr7381/pico/pico-sdk/src/rp2_common/hardware_timer/timer.c.obj
                0x0000000010001168                timer_busy_wait_until
 .text.timer_busy_wait_us
                0x0000000010001182       0x38 CMakeFiles/onboard_temperature.dir/home/henr7381/pico/pico-sdk/src/rp2_common/hardware_timer/timer.c.obj
                0x0000000010001182                timer_busy_wait_us
 *fill*         0x00000000100011ba        0x2 
 .text.time_us_64
                0x00000000100011bc       0x10 CMakeFiles/onboard_temperature.dir/home/henr7381/pico/pico-sdk/src/rp2_common/hardware_timer/timer.c.obj
                0x00000000100011bc                time_us_64
 .text.busy_wait_us
                0x00000000100011cc       0x14 CMakeFiles/onboard_temperature.dir/home/henr7381/pico/pico-sdk/src/rp2_common/hardware_timer/timer.c.obj
                0x00000000100011cc                busy_wait_us
 .text.busy_wait_until
                0x00000000100011e0       0x14 CMakeFiles/onboard_temperature.dir/home/henr7381/pico/pico-sdk/src/rp2_common/hardware_timer/timer.c.obj
                0x00000000100011e0                busy_wait_until
 .text.uart_disable_before_lcr_write
                0x00000000100011f4       0x48 CMakeFiles/onboard_temperature.dir/home/henr7381/pico/pico-sdk/src/rp2_common/hardware_uart/uart.c.obj
 .text.uart_write_lcr_bits_masked
                0x000000001000123c       0x20 CMakeFiles/onboard_temperature.dir/home/henr7381/pico/pico-sdk/src/rp2_common/hardware_uart/uart.c.obj
 .text.uart_set_baudrate
                0x000000001000125c       0x5c CMakeFiles/onboard_temperature.dir/home/henr7381/pico/pico-sdk/src/rp2_common/hardware_uart/uart.c.obj
                0x000000001000125c                uart_set_baudrate
 .text.uart_set_translate_crlf
                0x00000000100012b8       0x28 CMakeFiles/onboard_temperature.dir/home/henr7381/pico/pico-sdk/src/rp2_common/hardware_uart/uart.c.obj
                0x00000000100012b8                uart_set_translate_crlf
 .text.uart_init
                0x00000000100012e0       0x84 CMakeFiles/onboard_temperature.dir/home/henr7381/pico/pico-sdk/src/rp2_common/hardware_uart/uart.c.obj
                0x00000000100012e0                uart_init
 .text.clock_configure_internal
                0x0000000010001364       0xc4 CMakeFiles/onboard_temperature.dir/home/henr7381/pico/pico-sdk/src/rp2_common/hardware_clocks/clocks.c.obj
 .text.clock_configure_int_divider
                0x0000000010001428       0x28 CMakeFiles/onboard_temperature.dir/home/henr7381/pico/pico-sdk/src/rp2_common/hardware_clocks/clocks.c.obj
                0x0000000010001428                clock_configure_int_divider
 .text.clock_configure_undivided
                0x0000000010001450       0x12 CMakeFiles/onboard_temperature.dir/home/henr7381/pico/pico-sdk/src/rp2_common/hardware_clocks/clocks.c.obj
                0x0000000010001450                clock_configure_undivided
 *fill*         0x0000000010001462        0x2 
 .text.clock_get_hz
                0x0000000010001464        0xc CMakeFiles/onboard_temperature.dir/home/henr7381/pico/pico-sdk/src/rp2_common/hardware_clocks/clocks.c.obj
                0x0000000010001464                clock_get_hz
 .text.pll_init
                0x0000000010001470      0x120 CMakeFiles/onboard_temperature.dir/home/henr7381/pico/pico-sdk/src/rp2_common/hardware_pll/pll.c.obj
                0x0000000010001470                pll_init
 .text.tick_start
                0x0000000010001590       0x10 CMakeFiles/onboard_temperature.dir/home/henr7381/pico/pico-sdk/src/rp2_common/hardware_ticks/ticks.c.obj
                0x0000000010001590                tick_start
 .text.xosc_init
                0x00000000100015a0       0x28 CMakeFiles/onboard_temperature.dir/home/henr7381/pico/pico-sdk/src/rp2_common/hardware_xosc/xosc.c.obj
                0x00000000100015a0                xosc_init
 .text.runtime_run_initializers_from
                0x00000000100015c8       0x18 CMakeFiles/onboard_temperature.dir/home/henr7381/pico/pico-sdk/src/rp2_common/pico_runtime/runtime.c.obj
 .text.first_per_core_initializer
                0x00000000100015e0        0x2 CMakeFiles/onboard_temperature.dir/home/henr7381/pico/pico-sdk/src/rp2_common/pico_runtime/runtime.c.obj
 *fill*         0x00000000100015e2        0x2 
 .text.runtime_run_initializers
                0x00000000100015e4       0x10 CMakeFiles/onboard_temperature.dir/home/henr7381/pico/pico-sdk/src/rp2_common/pico_runtime/runtime.c.obj
                0x00000000100015e4                runtime_run_initializers
 .text.runtime_init_early_resets
                0x00000000100015f4       0x2c CMakeFiles/onboard_temperature.dir/home/henr7381/pico/pico-sdk/src/rp2_common/pico_runtime_init/runtime_init.c.obj
                0x00000000100015f4                runtime_init_early_resets
 .text.runtime_init_usb_power_down
                0x0000000010001620       0x1c CMakeFiles/onboard_temperature.dir/home/henr7381/pico/pico-sdk/src/rp2_common/pico_runtime_init/runtime_init.c.obj
                0x0000000010001620                runtime_init_usb_power_down
 .text.runtime_init_post_clock_resets
                0x000000001000163c       0x20 CMakeFiles/onboard_temperature.dir/home/henr7381/pico/pico-sdk/src/rp2_common/pico_runtime_init/runtime_init.c.obj
                0x000000001000163c                runtime_init_post_clock_resets
 .text.runtime_init_rp2040_gpio_ie_disable
                0x000000001000165c       0x14 CMakeFiles/onboard_temperature.dir/home/henr7381/pico/pico-sdk/src/rp2_common/pico_runtime_init/runtime_init.c.obj
                0x000000001000165c                runtime_init_rp2040_gpio_ie_disable
 .text.runtime_init_spin_locks_reset
                0x0000000010001670        0x8 CMakeFiles/onboard_temperature.dir/home/henr7381/pico/pico-sdk/src/rp2_common/pico_runtime_init/runtime_init.c.obj
                0x0000000010001670                runtime_init_spin_locks_reset
 .text.runtime_init_install_ram_vector_table
                0x0000000010001678       0x1c CMakeFiles/onboard_temperature.dir/home/henr7381/pico/pico-sdk/src/rp2_common/pico_runtime_init/runtime_init.c.obj
                0x0000000010001678                runtime_init_install_ram_vector_table
 .text.start_all_ticks
                0x0000000010001694       0x28 CMakeFiles/onboard_temperature.dir/home/henr7381/pico/pico-sdk/src/rp2_common/pico_runtime_init/runtime_init_clocks.c.obj
 .text.runtime_init_clocks
                0x00000000100016bc       0xcc CMakeFiles/onboard_temperature.dir/home/henr7381/pico/pico-sdk/src/rp2_common/pico_runtime_init/runtime_init_clocks.c.obj
                0x00000000100016bc                runtime_init_clocks
 .text          0x0000000010001788       0x10 CMakeFiles/onboard_temperature.dir/home/henr7381/pico/pico-sdk/src/rp2_common/pico_bit_ops/bit_ops_aeabi.S.obj
 .text.rom_func_lookup
                0x0000000010001798       0x10 CMakeFiles/onboard_temperature.dir/home/henr7381/pico/pico-sdk/src/rp2_common/pico_bootrom/bootrom.c.obj
                0x0000000010001798                rom_func_lookup
 .text.rom_data_lookup
                0x00000000100017a8       0x10 CMakeFiles/onboard_temperature.dir/home/henr7381/pico/pico-sdk/src/rp2_common/pico_bootrom/bootrom.c.obj
                0x00000000100017a8                rom_data_lookup
 .text.rom_funcs_lookup
                0x00000000100017b8       0x36 CMakeFiles/onboard_temperature.dir/home/henr7381/pico/pico-sdk/src/rp2_common/pico_bootrom/bootrom.c.obj
                0x00000000100017b8                rom_funcs_lookup
 *fill*         0x00000000100017ee        0x2 
 .text.__wrap___aeabi_idiv
                0x00000000100017f0       0x50 CMakeFiles/onboard_temperature.dir/home/henr7381/pico/pico-sdk/src/rp2_common/pico_divider/divider_hardware.S.obj
                0x00000000100017f0                __wrap___aeabi_idivmod
                0x00000000100017f0                divmod_s32s32
                0x00000000100017f0                div_s32s32
                0x00000000100017f0                __wrap___aeabi_idiv
                0x00000000100017f8                divmod_s32s32_unsafe
                0x0000000010001824                divmod_s32s32_savestate
 .text.__wrap___aeabi_uidiv
                0x0000000010001840       0x4c CMakeFiles/onboard_temperature.dir/home/henr7381/pico/pico-sdk/src/rp2_common/pico_divider/divider_hardware.S.obj
                0x0000000010001840                __wrap___aeabi_uidiv
                0x0000000010001840                __wrap___aeabi_uidivmod
                0x0000000010001840                div_u32u32
                0x0000000010001840                divmod_u32u32
                0x0000000010001848                divmod_u32u32_unsafe
                0x0000000010001870                divmod_u32u32_savestate
 .text.__wrap___aeabi_ldiv
                0x000000001000188c      0x424 CMakeFiles/onboard_temperature.dir/home/henr7381/pico/pico-sdk/src/rp2_common/pico_divider/divider_hardware.S.obj
                0x000000001000188c                div_s64s64
                0x000000001000188c                divmod_s64s64
                0x000000001000188c                __wrap___aeabi_ldivmod
                0x00000000100018bc                div_u64u64
                0x00000000100018bc                divmod_u64u64
                0x00000000100018bc                __wrap___aeabi_uldivmod
                0x00000000100018cc                divmod_u64u64_savestate
                0x00000000100018ec                divmod_s64s64_unsafe
                0x0000000010001974                divmod_u64u64_unsafe
 .text.__wrap___aeabi_darithmetic
                0x0000000010001cb0       0x80 CMakeFiles/onboard_temperature.dir/home/henr7381/pico/pico-sdk/src/rp2_common/pico_double/double_aeabi_rp2040.S.obj
                0x0000000010001cb0                __wrap___aeabi_drsub
                0x0000000010001cb6                __wrap___aeabi_dsub
                0x0000000010001cc8                __wrap___aeabi_dadd
                0x0000000010001cda                __wrap___aeabi_ddiv
                0x0000000010001d16                __wrap___aeabi_dmul
 .text.__wrap___aeabi_cdcmple
                0x0000000010001d30       0x6c CMakeFiles/onboard_temperature.dir/home/henr7381/pico/pico-sdk/src/rp2_common/pico_double/double_aeabi_rp2040.S.obj
                0x0000000010001d30                __wrap___aeabi_cdrcmple
                0x0000000010001d40                __wrap___aeabi_cdcmple
                0x0000000010001d40                __wrap___aeabi_cdcmpeq
 .text.__wrap___aeabi_dcmplt
                0x0000000010001d9c        0xc CMakeFiles/onboard_temperature.dir/home/henr7381/pico/pico-sdk/src/rp2_common/pico_double/double_aeabi_rp2040.S.obj
                0x0000000010001d9c                __wrap___aeabi_dcmplt
 .text.__wrap___aeabi_dcmple
                0x0000000010001da8       0x10 CMakeFiles/onboard_temperature.dir/home/henr7381/pico/pico-sdk/src/rp2_common/pico_double/double_aeabi_rp2040.S.obj
                0x0000000010001da8                __wrap___aeabi_dcmple
 .text.__wrap___aeabi_dcmpge
                0x0000000010001db8       0x10 CMakeFiles/onboard_temperature.dir/home/henr7381/pico/pico-sdk/src/rp2_common/pico_double/double_aeabi_rp2040.S.obj
                0x0000000010001db8                __wrap___aeabi_dcmpge
 .text.__wrap___aeabi_dcmpgt
                0x0000000010001dc8        0xa CMakeFiles/onboard_temperature.dir/home/henr7381/pico/pico-sdk/src/rp2_common/pico_double/double_aeabi_rp2040.S.obj
                0x0000000010001dc8                __wrap___aeabi_dcmpgt
 .text.__wrap___aeabi_dcmpun
                0x0000000010001dd2       0x18 CMakeFiles/onboard_temperature.dir/home/henr7381/pico/pico-sdk/src/rp2_common/pico_double/double_aeabi_rp2040.S.obj
                0x0000000010001dd2                __wrap___aeabi_dcmpun
 *fill*         0x0000000010001dea        0x2 
 .text.__wrap___aeabi_i2d
                0x0000000010001dec       0x38 CMakeFiles/onboard_temperature.dir/home/henr7381/pico/pico-sdk/src/rp2_common/pico_double/double_aeabi_rp2040.S.obj
                0x0000000010001dec                __wrap___aeabi_ui2d
                0x0000000010001df4                __wrap___aeabi_i2d
 .text.__wrap___aeabi_d2iz
                0x0000000010001e24       0x48 CMakeFiles/onboard_temperature.dir/home/henr7381/pico/pico-sdk/src/rp2_common/pico_double/double_aeabi_rp2040.S.obj
                0x0000000010001e24                __wrap___aeabi_d2iz
                0x0000000010001e24                double2int_z
 .text.__wrap___aeabi_d2uiz
                0x0000000010001e6c       0x18 CMakeFiles/onboard_temperature.dir/home/henr7381/pico/pico-sdk/src/rp2_common/pico_double/double_aeabi_rp2040.S.obj
                0x0000000010001e6c                double2uint
                0x0000000010001e6c                __wrap___aeabi_d2uiz
 .text.__aeabi_double_init
                0x0000000010001e84       0xc8 CMakeFiles/onboard_temperature.dir/home/henr7381/pico/pico-sdk/src/rp2_common/pico_double/double_init_rom_rp2040.c.obj
                0x0000000010001e84                __aeabi_double_init
 .text.double_table_shim_on_use_helper
                0x0000000010001f4c       0x34 CMakeFiles/onboard_temperature.dir/home/henr7381/pico/pico-sdk/src/rp2_common/pico_double/double_v1_rom_shim_rp2040.S.obj
                0x0000000010001f4c                double_table_shim_on_use_helper
 .text.__wrap___aeabi_dsub
                0x0000000010001f80       0x10 CMakeFiles/onboard_temperature.dir/home/henr7381/pico/pico-sdk/src/rp2_common/pico_double/double_v1_rom_shim_rp2040.S.obj
                0x0000000010001f80                drsub_shim
                0x0000000010001f86                dsub_shim
 .text.dadd_shim
                0x0000000010001f90      0x15c CMakeFiles/onboard_temperature.dir/home/henr7381/pico/pico-sdk/src/rp2_common/pico_double/double_v1_rom_shim_rp2040.S.obj
                0x0000000010001f90                dadd_shim
 .text.dmul_shim
                0x00000000100020ec      0x15c CMakeFiles/onboard_temperature.dir/home/henr7381/pico/pico-sdk/src/rp2_common/pico_double/double_v1_rom_shim_rp2040.S.obj
                0x00000000100020ec                dmul_shim
 .text.ddiv_shim
                0x0000000010002248      0x1b0 CMakeFiles/onboard_temperature.dir/home/henr7381/pico/pico-sdk/src/rp2_common/pico_double/double_v1_rom_shim_rp2040.S.obj
                0x0000000010002248                ddiv_shim
 .text.double2uint_shim
                0x00000000100023f8        0xe CMakeFiles/onboard_temperature.dir/home/henr7381/pico/pico-sdk/src/rp2_common/pico_double/double_v1_rom_shim_rp2040.S.obj
                0x00000000100023f8                double2uint_shim
                0x00000000100023fa                double2ufix_shim
 *fill*         0x0000000010002406        0x2 
 .text.double2uint64_shim
                0x0000000010002408       0x70 CMakeFiles/onboard_temperature.dir/home/henr7381/pico/pico-sdk/src/rp2_common/pico_double/double_v1_rom_shim_rp2040.S.obj
                0x0000000010002408                double2uint64_shim
                0x000000001000240a                double2ufix64_shim
                0x000000001000242a                d2fix_a
 .text.dunpacks
                0x0000000010002478       0x3c CMakeFiles/onboard_temperature.dir/home/henr7381/pico/pico-sdk/src/rp2_common/pico_double/double_v1_rom_shim_rp2040.S.obj
                0x0000000010002478                dunpacks
 .text.__aeabi_lmul
                0x00000000100024b4       0x32 CMakeFiles/onboard_temperature.dir/home/henr7381/pico/pico-sdk/src/rp2_common/pico_int64_ops/pico_int64_ops_aeabi.S.obj
                0x00000000100024b4                __wrap___aeabi_lmul
 *fill*         0x00000000100024e6        0x2 
 .text.__wrap___aeabi_farithmetic
                0x00000000100024e8       0x58 CMakeFiles/onboard_temperature.dir/home/henr7381/pico/pico-sdk/src/rp2_common/pico_float/float_aeabi_rp2040.S.obj
                0x00000000100024e8                __wrap___aeabi_frsub
                0x00000000100024ee                __wrap___aeabi_fsub
                0x00000000100024f8                __wrap___aeabi_fadd
                0x0000000010002502                __wrap___aeabi_fdiv
                0x000000001000252e                __wrap___aeabi_fmul
 .text.__wrap___aeabi_ui2f
                0x0000000010002540        0xa CMakeFiles/onboard_temperature.dir/home/henr7381/pico/pico-sdk/src/rp2_common/pico_float/float_aeabi_rp2040.S.obj
                0x0000000010002540                uint2float
                0x0000000010002540                __wrap___aeabi_ui2f
 *fill*         0x000000001000254a        0x2 
 .text.__wrap___aeabi_i2f
                0x000000001000254c       0x44 CMakeFiles/onboard_temperature.dir/home/henr7381/pico/pico-sdk/src/rp2_common/pico_float/float_aeabi_rp2040.S.obj
                0x000000001000254c                int2float
                0x000000001000254c                __wrap___aeabi_i2f
 .text.__wrap___aeabi_f2d
                0x0000000010002590       0x14 CMakeFiles/onboard_temperature.dir/home/henr7381/pico/pico-sdk/src/rp2_common/pico_float/float_aeabi_rp2040.S.obj
                0x0000000010002590                __wrap___aeabi_f2d
 .text.__aeabi_float_init
                0x00000000100025a4       0xfc CMakeFiles/onboard_temperature.dir/home/henr7381/pico/pico-sdk/src/rp2_common/pico_float/float_init_rom_rp2040.c.obj
                0x00000000100025a4                __aeabi_float_init
 .text.float_table_shim_on_use_helper
                0x00000000100026a0       0x34 CMakeFiles/onboard_temperature.dir/home/henr7381/pico/pico-sdk/src/rp2_common/pico_float/float_v1_rom_shim_rp2040.S.obj
                0x00000000100026a0                float_table_shim_on_use_helper
 .text.float2double_shim
                0x00000000100026d4       0x30 CMakeFiles/onboard_temperature.dir/home/henr7381/pico/pico-sdk/src/rp2_common/pico_float/float_v1_rom_shim_rp2040.S.obj
                0x00000000100026d4                float2double_shim
 .text          0x0000000010002704       0x10 CMakeFiles/onboard_temperature.dir/home/henr7381/pico/pico-sdk/src/rp2_common/pico_mem_ops/mem_ops_aeabi.S.obj
                0x0000000010002704                __aeabi_mem_init
 .text.memcpy   0x0000000010002714        0xc CMakeFiles/onboard_temperature.dir/home/henr7381/pico/pico-sdk/src/rp2_common/pico_mem_ops/mem_ops_aeabi.S.obj
                0x0000000010002714                __wrap___aeabi_memcpy
                0x0000000010002714                __wrap_memcpy
 .text._out_null
                0x0000000010002720        0x2 CMakeFiles/onboard_temperature.dir/home/henr7381/pico/pico-sdk/src/rp2_common/pico_printf/printf.c.obj
 .text._out_fct
                0x0000000010002722        0xe CMakeFiles/onboard_temperature.dir/home/henr7381/pico/pico-sdk/src/rp2_common/pico_printf/printf.c.obj
 .text._atoi    0x0000000010002730       0x24 CMakeFiles/onboard_temperature.dir/home/henr7381/pico/pico-sdk/src/rp2_common/pico_printf/printf.c.obj
 .text._out_rev
                0x0000000010002754       0xae CMakeFiles/onboard_temperature.dir/home/henr7381/pico/pico-sdk/src/rp2_common/pico_printf/printf.c.obj
 .text._ntoa_format
                0x0000000010002802      0x112 CMakeFiles/onboard_temperature.dir/home/henr7381/pico/pico-sdk/src/rp2_common/pico_printf/printf.c.obj
 .text._ntoa_long
                0x0000000010002914       0xbc CMakeFiles/onboard_temperature.dir/home/henr7381/pico/pico-sdk/src/rp2_common/pico_printf/printf.c.obj
 .text._ntoa_long_long
                0x00000000100029d0       0xe2 CMakeFiles/onboard_temperature.dir/home/henr7381/pico/pico-sdk/src/rp2_common/pico_printf/printf.c.obj
 *fill*         0x0000000010002ab2        0x2 
 .text._etoa    0x0000000010002ab4      0x414 CMakeFiles/onboard_temperature.dir/home/henr7381/pico/pico-sdk/src/rp2_common/pico_printf/printf.c.obj
 .text._ftoa    0x0000000010002ec8      0x354 CMakeFiles/onboard_temperature.dir/home/henr7381/pico/pico-sdk/src/rp2_common/pico_printf/printf.c.obj
 .text._vsnprintf
                0x000000001000321c      0x624 CMakeFiles/onboard_temperature.dir/home/henr7381/pico/pico-sdk/src/rp2_common/pico_printf/printf.c.obj
 .text.vfctprintf
                0x0000000010003840       0x20 CMakeFiles/onboard_temperature.dir/home/henr7381/pico/pico-sdk/src/rp2_common/pico_printf/printf.c.obj
                0x0000000010003840                vfctprintf
 .text._exit    0x0000000010003860        0x4 CMakeFiles/onboard_temperature.dir/home/henr7381/pico/pico-sdk/src/rp2_common/pico_clib_interface/newlib_interface.c.obj
                0x0000000010003860                _exit
 .text.exit     0x0000000010003864        0x6 CMakeFiles/onboard_temperature.dir/home/henr7381/pico/pico-sdk/src/rp2_common/pico_clib_interface/newlib_interface.c.obj
                0x0000000010003864                exit
 *fill*         0x000000001000386a        0x2 
 .text.__assert_func
                0x000000001000386c       0x3c CMakeFiles/onboard_temperature.dir/home/henr7381/pico/pico-sdk/src/rp2_common/pico_clib_interface/newlib_interface.c.obj
                0x000000001000386c                __assert_func
 .text.runtime_init
                0x00000000100038a8       0x28 CMakeFiles/onboard_temperature.dir/home/henr7381/pico/pico-sdk/src/rp2_common/pico_clib_interface/newlib_interface.c.obj
                0x00000000100038a8                runtime_init
 .text.stdio_out_chars_no_crlf
                0x00000000100038d0        0xe CMakeFiles/onboard_temperature.dir/home/henr7381/pico/pico-sdk/src/rp2_common/pico_stdio/stdio.c.obj
 *fill*         0x00000000100038de        0x2 
 .text.stdio_out_chars_crlf
                0x00000000100038e0       0x80 CMakeFiles/onboard_temperature.dir/home/henr7381/pico/pico-sdk/src/rp2_common/pico_stdio/stdio.c.obj
 .text.stdio_stack_buffer_flush
                0x0000000010003960       0x44 CMakeFiles/onboard_temperature.dir/home/henr7381/pico/pico-sdk/src/rp2_common/pico_stdio/stdio.c.obj
 .text.stdio_buffered_printer
                0x00000000100039a4       0x20 CMakeFiles/onboard_temperature.dir/home/henr7381/pico/pico-sdk/src/rp2_common/pico_stdio/stdio.c.obj
 .text.stdout_serialize_begin
                0x00000000100039c4       0x30 CMakeFiles/onboard_temperature.dir/home/henr7381/pico/pico-sdk/src/rp2_common/pico_stdio/stdio.c.obj
                0x00000000100039c4                stdout_serialize_begin
 .text.stdout_serialize_end
                0x00000000100039f4       0x10 CMakeFiles/onboard_temperature.dir/home/henr7381/pico/pico-sdk/src/rp2_common/pico_stdio/stdio.c.obj
                0x00000000100039f4                stdout_serialize_end
 .text.stdio_put_string
                0x0000000010003a04       0x94 CMakeFiles/onboard_temperature.dir/home/henr7381/pico/pico-sdk/src/rp2_common/pico_stdio/stdio.c.obj
                0x0000000010003a04                stdio_put_string
 .text.stdio_set_driver_enabled
                0x0000000010003a98       0x2c CMakeFiles/onboard_temperature.dir/home/henr7381/pico/pico-sdk/src/rp2_common/pico_stdio/stdio.c.obj
                0x0000000010003a98                stdio_set_driver_enabled
 .text.stdio_flush
                0x0000000010003ac4       0x20 CMakeFiles/onboard_temperature.dir/home/henr7381/pico/pico-sdk/src/rp2_common/pico_stdio/stdio.c.obj
                0x0000000010003ac4                stdio_flush
 .text.stdio_init_all
                0x0000000010003ae4        0xa CMakeFiles/onboard_temperature.dir/home/henr7381/pico/pico-sdk/src/rp2_common/pico_stdio/stdio.c.obj
                0x0000000010003ae4                stdio_init_all
 .text.__wrap_puts
                0x0000000010003aee       0x1e CMakeFiles/onboard_temperature.dir/home/henr7381/pico/pico-sdk/src/rp2_common/pico_stdio/stdio.c.obj
                0x0000000010003aee                __wrap_puts
                0x0000000010003aee                stdio_puts
 .text.__wrap_vprintf
                0x0000000010003b0c       0x40 CMakeFiles/onboard_temperature.dir/home/henr7381/pico/pico-sdk/src/rp2_common/pico_stdio/stdio.c.obj
                0x0000000010003b0c                __wrap_vprintf
                0x0000000010003b0c                stdio_vprintf
 .text.__wrap_printf
                0x0000000010003b4c       0x18 CMakeFiles/onboard_temperature.dir/home/henr7381/pico/pico-sdk/src/rp2_common/pico_stdio/stdio.c.obj
                0x0000000010003b4c                stdio_printf
                0x0000000010003b4c                __wrap_printf
 .text.stdio_uart_out_chars
                0x0000000010003b64       0x74 CMakeFiles/onboard_temperature.dir/home/henr7381/pico/pico-sdk/src/rp2_common/pico_stdio_uart/stdio_uart.c.obj
 .text.stdio_uart_in_chars
                0x0000000010003bd8       0x80 CMakeFiles/onboard_temperature.dir/home/henr7381/pico/pico-sdk/src/rp2_common/pico_stdio_uart/stdio_uart.c.obj
                0x0000000010003bd8                stdio_uart_in_chars
 .text.on_uart_rx
                0x0000000010003c58       0x28 CMakeFiles/onboard_temperature.dir/home/henr7381/pico/pico-sdk/src/rp2_common/pico_stdio_uart/stdio_uart.c.obj
 .text.stdio_uart_out_flush
                0x0000000010003c80       0x10 CMakeFiles/onboard_temperature.dir/home/henr7381/pico/pico-sdk/src/rp2_common/pico_stdio_uart/stdio_uart.c.obj
 .text.stdio_uart_set_chars_available_callback
                0x0000000010003c90       0x90 CMakeFiles/onboard_temperature.dir/home/henr7381/pico/pico-sdk/src/rp2_common/pico_stdio_uart/stdio_uart.c.obj
 .text.stdio_uart_init_full
                0x0000000010003d20       0x44 CMakeFiles/onboard_temperature.dir/home/henr7381/pico/pico-sdk/src/rp2_common/pico_stdio_uart/stdio_uart.c.obj
                0x0000000010003d20                stdio_uart_init_full
 .text.stdio_uart_init
                0x0000000010003d64       0x30 CMakeFiles/onboard_temperature.dir/home/henr7381/pico/pico-sdk/src/rp2_common/pico_stdio_uart/stdio_uart.c.obj
                0x0000000010003d64                stdio_uart_init
 .text.adc_init
                0x0000000010003d94       0x34 CMakeFiles/onboard_temperature.dir/home/henr7381/pico/pico-sdk/src/rp2_common/hardware_adc/adc.c.obj
                0x0000000010003d94                adc_init
 .text          0x0000000010003dc8       0x5c /usr/lib/gcc/arm-none-eabi/10.3.1/../../../arm-none-eabi/lib/thumb/v6-m/nofp/libg.a(lib_a-strlen-stub.o)
                0x0000000010003dc8                strlen
 *(.fini)
 .fini          0x0000000010003e24        0x4 /usr/lib/gcc/arm-none-eabi/10.3.1/thumb/v6-m/nofp/crti.o
                0x0000000010003e24                _fini
 .fini.__stub   0x0000000010003e28       0x40 linker stubs
 *crtbegin.o(.ctors)
 *crtbegin?.o(.ctors)
 *(EXCLUDE_FILE(*crtend.o *crtend?.o) .ctors)
 *(SORT_BY_NAME(.ctors.*))
 *(.ctors)
 *crtbegin.o(.dtors)
 *crtbegin?.o(.dtors)
 *(EXCLUDE_FILE(*crtend.o *crtend?.o) .dtors)
 *(SORT_BY_NAME(.dtors.*))
 *(.dtors)
                0x0000000010003e68                . = ALIGN (0x4)
                0x0000000010003e68                PROVIDE (__preinit_array_start = .)
 *(SORT_BY_NAME(.preinit_array.*))
 .preinit_array.00100
                0x0000000010003e68        0x4 CMakeFiles/onboard_temperature.dir/home/henr7381/pico/pico-sdk/src/rp2_common/pico_runtime_init/runtime_init.c.obj
                0x0000000010003e68                __pre_init_runtime_init_early_resets
 .preinit_array.00101
                0x0000000010003e6c        0x4 CMakeFiles/onboard_temperature.dir/home/henr7381/pico/pico-sdk/src/rp2_common/pico_runtime_init/runtime_init.c.obj
                0x0000000010003e6c                __pre_init_runtime_init_usb_power_down
 .preinit_array.00275
                0x0000000010003e70        0x4 CMakeFiles/onboard_temperature.dir/home/henr7381/pico/pico-sdk/src/rp2_common/pico_bit_ops/bit_ops_aeabi.S.obj
 .preinit_array.00300
                0x0000000010003e74        0x4 CMakeFiles/onboard_temperature.dir/home/henr7381/pico/pico-sdk/src/rp2_common/pico_mem_ops/mem_ops_aeabi.S.obj
 .preinit_array.00350
                0x0000000010003e78        0x4 CMakeFiles/onboard_temperature.dir/home/henr7381/pico/pico-sdk/src/rp2_common/pico_double/double_aeabi_rp2040.S.obj
 .preinit_array.00350
                0x0000000010003e7c        0x4 CMakeFiles/onboard_temperature.dir/home/henr7381/pico/pico-sdk/src/rp2_common/pico_float/float_aeabi_rp2040.S.obj
 .preinit_array.00500
                0x0000000010003e80        0x4 CMakeFiles/onboard_temperature.dir/home/henr7381/pico/pico-sdk/src/rp2_common/pico_runtime_init/runtime_init.c.obj
                0x0000000010003e80                __pre_init_runtime_init_clocks
 .preinit_array.00600
                0x0000000010003e84        0x4 CMakeFiles/onboard_temperature.dir/home/henr7381/pico/pico-sdk/src/rp2_common/pico_runtime_init/runtime_init.c.obj
                0x0000000010003e84                __pre_init_runtime_init_post_clock_resets
 .preinit_array.00700
                0x0000000010003e88        0x4 CMakeFiles/onboard_temperature.dir/home/henr7381/pico/pico-sdk/src/rp2_common/pico_runtime_init/runtime_init.c.obj
                0x0000000010003e88                __pre_init_runtime_init_rp2040_gpio_ie_disable
 .preinit_array.01000
                0x0000000010003e8c        0x4 CMakeFiles/onboard_temperature.dir/home/henr7381/pico/pico-sdk/src/rp2_common/pico_runtime_init/runtime_init.c.obj
                0x0000000010003e8c                __pre_init_runtime_init_spin_locks_reset
 .preinit_array.01100
                0x0000000010003e90        0x4 CMakeFiles/onboard_temperature.dir/home/henr7381/pico/pico-sdk/src/common/pico_sync/mutex.c.obj
                0x0000000010003e90                __pre_init_runtime_init_mutex
 .preinit_array.10080
                0x0000000010003e94        0x4 CMakeFiles/onboard_temperature.dir/home/henr7381/pico/pico-sdk/src/rp2_common/pico_runtime_init/runtime_init.c.obj
                0x0000000010003e94                __pre_init_runtime_init_install_ram_vector_table
 .preinit_array.11000
                0x0000000010003e98        0x4 CMakeFiles/onboard_temperature.dir/home/henr7381/pico/pico-sdk/src/common/pico_time/time.c.obj
                0x0000000010003e98                __pre_init_runtime_init_default_alarm_pool
 .preinit_array.YYYYY
                0x0000000010003e9c        0x4 CMakeFiles/onboard_temperature.dir/home/henr7381/pico/pico-sdk/src/rp2_common/pico_runtime/runtime.c.obj
                0x0000000010003e9c                __pre_init_first_per_core_initializer
 .preinit_array.ZZZZZ.01200
                0x0000000010003ea0        0x4 CMakeFiles/onboard_temperature.dir/home/henr7381/pico/pico-sdk/src/rp2_common/hardware_irq/irq.c.obj
                0x0000000010003ea0                __pre_init_runtime_init_per_core_irq_priorities
 *(.preinit_array)
                0x0000000010003ea4                PROVIDE (__preinit_array_end = .)
                0x0000000010003ea4                . = ALIGN (0x4)
                0x0000000010003ea4                PROVIDE (__init_array_start = .)
 *(SORT_BY_NAME(.init_array.*))
 *(.init_array)
 .init_array    0x0000000010003ea4        0x4 /usr/lib/gcc/arm-none-eabi/10.3.1/thumb/v6-m/nofp/crtbegin.o
                0x0000000010003ea8                PROVIDE (__init_array_end = .)
                0x0000000010003ea8                . = ALIGN (0x4)
                0x0000000010003ea8                PROVIDE (__fini_array_start = .)
 *(SORT_BY_NAME(.fini_array.*))
 *(.fini_array)
                0x0000000010003ea8                PROVIDE (__fini_array_end = .)
 *(.eh_frame*)
 .eh_frame      0x0000000010003ea8        0x0 /usr/lib/gcc/arm-none-eabi/10.3.1/thumb/v6-m/nofp/crtbegin.o
                0x0000000010003ea8                . = ALIGN (0x4)

.glue_7         0x0000000010003ea8        0x0
 .glue_7        0x0000000010003ea8        0x0 linker stubs

.glue_7t        0x0000000010003ea8        0x0
 .glue_7t       0x0000000010003ea8        0x0 linker stubs

.vfp11_veneer   0x0000000010003ea8        0x0
 .vfp11_veneer  0x0000000010003ea8        0x0 linker stubs

.v4_bx          0x0000000010003ea8        0x0
 .v4_bx         0x0000000010003ea8        0x0 linker stubs

.iplt           0x0000000010003ea8        0x0
 .iplt          0x0000000010003ea8        0x0 /usr/lib/gcc/arm-none-eabi/10.3.1/thumb/v6-m/nofp/crtbegin.o

.rodata         0x0000000010003ea8      0xaf4
 *(EXCLUDE_FILE(*libm.a: *libc.a:*lib_a-mem*.o *libgcc.a:) .rodata*)
 .rodata.main.str1.4
                0x0000000010003ea8       0x20 CMakeFiles/onboard_temperature.dir/onboard_temperature.c.obj
 .rodata.panic.str1.4
                0x0000000010003ec8       0x12 CMakeFiles/onboard_temperature.dir/home/henr7381/pico/pico-sdk/src/rp2_common/pico_platform_panic/panic.c.obj
 *fill*         0x0000000010003eda        0x2 
 .rodata.make_j_16.str1.4
                0x0000000010003edc       0x6f CMakeFiles/onboard_temperature.dir/home/henr7381/pico/pico-sdk/src/rp2_common/hardware_irq/irq.c.obj
 *fill*         0x0000000010003f4b        0x1 
 .rodata.insert_bl_32.str1.4
                0x0000000010003f4c       0x10 CMakeFiles/onboard_temperature.dir/home/henr7381/pico/pico-sdk/src/rp2_common/hardware_irq/irq.c.obj
 .rodata.irq_set_exclusive_handler.str1.4
                0x0000000010003f5c       0x36 CMakeFiles/onboard_temperature.dir/home/henr7381/pico/pico-sdk/src/rp2_common/hardware_irq/irq.c.obj
 *fill*         0x0000000010003f92        0x2 
 .rodata.irq_add_shared_handler.str1.4
                0x0000000010003f94       0xe9 CMakeFiles/onboard_temperature.dir/home/henr7381/pico/pico-sdk/src/rp2_common/hardware_irq/irq.c.obj
 *fill*         0x000000001000407d        0x3 
 .rodata.irq_remove_handler.str1.4
                0x0000000010004080       0x3a CMakeFiles/onboard_temperature.dir/home/henr7381/pico/pico-sdk/src/rp2_common/hardware_irq/irq.c.obj
 *fill*         0x00000000100040ba        0x2 
 .rodata.irq_add_tail_to_free_list.str1.4
                0x00000000100040bc       0x3a CMakeFiles/onboard_temperature.dir/home/henr7381/pico/pico-sdk/src/rp2_common/hardware_irq/irq.c.obj
 *fill*         0x00000000100040f6        0x2 
 .rodata.__func__.0
                0x00000000100040f8       0x1a CMakeFiles/onboard_temperature.dir/home/henr7381/pico/pico-sdk/src/rp2_common/hardware_irq/irq.c.obj
 *fill*         0x0000000010004112        0x2 
 .rodata.__func__.1
                0x0000000010004114        0xd CMakeFiles/onboard_temperature.dir/home/henr7381/pico/pico-sdk/src/rp2_common/hardware_irq/irq.c.obj
 *fill*         0x0000000010004121        0x3 
 .rodata.__func__.2
                0x0000000010004124       0x13 CMakeFiles/onboard_temperature.dir/home/henr7381/pico/pico-sdk/src/rp2_common/hardware_irq/irq.c.obj
 *fill*         0x0000000010004137        0x1 
 .rodata.__func__.3
                0x0000000010004138        0xa CMakeFiles/onboard_temperature.dir/home/henr7381/pico/pico-sdk/src/rp2_common/hardware_irq/irq.c.obj
 *fill*         0x0000000010004142        0x2 
 .rodata.__func__.4
                0x0000000010004144        0xd CMakeFiles/onboard_temperature.dir/home/henr7381/pico/pico-sdk/src/rp2_common/hardware_irq/irq.c.obj
 *fill*         0x0000000010004151        0x3 
 .rodata.__func__.6
                0x0000000010004154       0x1a CMakeFiles/onboard_temperature.dir/home/henr7381/pico/pico-sdk/src/rp2_common/hardware_irq/irq.c.obj
 *fill*         0x000000001000416e        0x2 
 .rodata.runtime_init_mutex.str1.4
                0x0000000010004170       0x5a CMakeFiles/onboard_temperature.dir/home/henr7381/pico/pico-sdk/src/common/pico_sync/mutex.c.obj
 *fill*         0x00000000100041ca        0x2 
 .rodata.str1.4
                0x00000000100041cc       0x51 CMakeFiles/onboard_temperature.dir/home/henr7381/pico/pico-sdk/src/common/pico_sync/mutex.c.obj
 *fill*         0x000000001000421d        0x3 
 .rodata.__func__.1
                0x0000000010004220        0xb CMakeFiles/onboard_temperature.dir/home/henr7381/pico/pico-sdk/src/common/pico_sync/mutex.c.obj
 *fill*         0x000000001000422b        0x1 
 .rodata.__func__.3
                0x000000001000422c       0x18 CMakeFiles/onboard_temperature.dir/home/henr7381/pico/pico-sdk/src/common/pico_sync/mutex.c.obj
 .rodata.__func__.6
                0x0000000010004244       0x13 CMakeFiles/onboard_temperature.dir/home/henr7381/pico/pico-sdk/src/common/pico_sync/mutex.c.obj
 *fill*         0x0000000010004257        0x1 
 .rodata.alarm_pool_irq_handler.str1.4
                0x0000000010004258       0x65 CMakeFiles/onboard_temperature.dir/home/henr7381/pico/pico-sdk/src/common/pico_time/time.c.obj
 *fill*         0x00000000100042bd        0x3 
 .rodata.alarm_pool_get_default.str1.4
                0x00000000100042c0       0x21 CMakeFiles/onboard_temperature.dir/home/henr7381/pico/pico-sdk/src/common/pico_time/time.c.obj
 *fill*         0x00000000100042e1        0x3 
 .rodata.sleep_until.str1.4
                0x00000000100042e4       0x4d CMakeFiles/onboard_temperature.dir/home/henr7381/pico/pico-sdk/src/common/pico_time/time.c.obj
 *fill*         0x0000000010004331        0x3 
 .rodata.__func__.1
                0x0000000010004334       0x17 CMakeFiles/onboard_temperature.dir/home/henr7381/pico/pico-sdk/src/common/pico_time/time.c.obj
 *fill*         0x000000001000434b        0x1 
 .rodata.__func__.2
                0x000000001000434c       0x17 CMakeFiles/onboard_temperature.dir/home/henr7381/pico/pico-sdk/src/common/pico_time/time.c.obj
 *fill*         0x0000000010004363        0x1 
 .rodata.timer_hardware_alarm_claim.str1.4
                0x0000000010004364       0x22 CMakeFiles/onboard_temperature.dir/home/henr7381/pico/pico-sdk/src/rp2_common/hardware_timer/timer.c.obj
 *fill*         0x0000000010004386        0x2 
 .rodata.pll_init.str1.4
                0x0000000010004388      0x114 CMakeFiles/onboard_temperature.dir/home/henr7381/pico/pico-sdk/src/rp2_common/hardware_pll/pll.c.obj
 .rodata.__func__.0
                0x000000001000449c        0x9 CMakeFiles/onboard_temperature.dir/home/henr7381/pico/pico-sdk/src/rp2_common/hardware_pll/pll.c.obj
 *fill*         0x00000000100044a5        0x3 
 .rodata.__aeabi_double_init.str1.4
                0x00000000100044a8       0x95 CMakeFiles/onboard_temperature.dir/home/henr7381/pico/pico-sdk/src/rp2_common/pico_double/double_init_rom_rp2040.c.obj
 *fill*         0x000000001000453d        0x3 
 .rodata.__func__.0
                0x0000000010004540       0x14 CMakeFiles/onboard_temperature.dir/home/henr7381/pico/pico-sdk/src/rp2_common/pico_double/double_init_rom_rp2040.c.obj
 .rodata.__aeabi_float_init.str1.4
                0x0000000010004554       0x83 CMakeFiles/onboard_temperature.dir/home/henr7381/pico/pico-sdk/src/rp2_common/pico_float/float_init_rom_rp2040.c.obj
                                         0x87 (size before relaxing)
 *fill*         0x00000000100045d7        0x1 
 .rodata.__func__.0
                0x00000000100045d8       0x13 CMakeFiles/onboard_temperature.dir/home/henr7381/pico/pico-sdk/src/rp2_common/pico_float/float_init_rom_rp2040.c.obj
 *fill*         0x00000000100045eb        0x1 
 .rodata.str1.4
                0x00000000100045ec       0x88 CMakeFiles/onboard_temperature.dir/home/henr7381/pico/pico-sdk/src/rp2_common/pico_standard_binary_info/standard_binary_info.c.obj
 .rodata.__bi_26
                0x0000000010004674        0xc CMakeFiles/onboard_temperature.dir/home/henr7381/pico/pico-sdk/src/rp2_common/pico_standard_binary_info/standard_binary_info.c.obj
 .rodata.__bi_34
                0x0000000010004680        0xc CMakeFiles/onboard_temperature.dir/home/henr7381/pico/pico-sdk/src/rp2_common/pico_standard_binary_info/standard_binary_info.c.obj
 .rodata.__bi_42
                0x000000001000468c        0xc CMakeFiles/onboard_temperature.dir/home/henr7381/pico/pico-sdk/src/rp2_common/pico_standard_binary_info/standard_binary_info.c.obj
 .rodata.__bi_48
                0x0000000010004698        0xc CMakeFiles/onboard_temperature.dir/home/henr7381/pico/pico-sdk/src/rp2_common/pico_standard_binary_info/standard_binary_info.c.obj
 .rodata.__bi_54
                0x00000000100046a4        0xc CMakeFiles/onboard_temperature.dir/home/henr7381/pico/pico-sdk/src/rp2_common/pico_standard_binary_info/standard_binary_info.c.obj
 .rodata.__bi_72
                0x00000000100046b0        0xc CMakeFiles/onboard_temperature.dir/home/henr7381/pico/pico-sdk/src/rp2_common/pico_standard_binary_info/standard_binary_info.c.obj
 .rodata.__bi_84
                0x00000000100046bc        0xc CMakeFiles/onboard_temperature.dir/home/henr7381/pico/pico-sdk/src/rp2_common/pico_standard_binary_info/standard_binary_info.c.obj
 .rodata._ftoa.str1.4
                0x00000000100046c8       0x15 CMakeFiles/onboard_temperature.dir/home/henr7381/pico/pico-sdk/src/rp2_common/pico_printf/printf.c.obj
 *fill*         0x00000000100046dd        0x3 
 .rodata._vsnprintf
                0x00000000100046e0      0x1e0 CMakeFiles/onboard_temperature.dir/home/henr7381/pico/pico-sdk/src/rp2_common/pico_printf/printf.c.obj
 .rodata.pow10.0
                0x00000000100048c0       0x50 CMakeFiles/onboard_temperature.dir/home/henr7381/pico/pico-sdk/src/rp2_common/pico_printf/printf.c.obj
 .rodata.__assert_func.str1.4
                0x0000000010004910       0x3f CMakeFiles/onboard_temperature.dir/home/henr7381/pico/pico-sdk/src/rp2_common/pico_clib_interface/newlib_interface.c.obj
                                         0x43 (size before relaxing)
 *fill*         0x000000001000494f        0x1 
 .rodata.crlf_str.0
                0x0000000010004950        0x2 CMakeFiles/onboard_temperature.dir/home/henr7381/pico/pico-sdk/src/rp2_common/pico_stdio/stdio.c.obj
 *fill*         0x0000000010004952        0x2 
 .rodata.str1.4
                0x0000000010004954       0x2c CMakeFiles/onboard_temperature.dir/home/henr7381/pico/pico-sdk/src/rp2_common/pico_stdio_uart/stdio_uart.c.obj
 .rodata.__bi_45.4
                0x0000000010004980        0xc CMakeFiles/onboard_temperature.dir/home/henr7381/pico/pico-sdk/src/rp2_common/pico_stdio_uart/stdio_uart.c.obj
 .rodata.__bi_49.5
                0x000000001000498c        0x8 CMakeFiles/onboard_temperature.dir/home/henr7381/pico/pico-sdk/src/rp2_common/pico_stdio_uart/stdio_uart.c.obj
 .rodata.__bi_50.6
                0x0000000010004994        0x8 CMakeFiles/onboard_temperature.dir/home/henr7381/pico/pico-sdk/src/rp2_common/pico_stdio_uart/stdio_uart.c.obj
                0x000000001000499c                . = ALIGN (0x4)
 *(SORT_BY_ALIGNMENT(SORT_BY_NAME(.flashdata*)))
                0x000000001000499c                . = ALIGN (0x4)

.ARM.extab
 *(.ARM.extab* .gnu.linkonce.armextab.*)
                0x000000001000499c                __exidx_start = .

.ARM.exidx
 *(.ARM.exidx* .gnu.linkonce.armexidx.*)
                0x000000001000499c                __exidx_end = .
                0x000000001000499c                . = ALIGN (0x4)
                0x000000001000499c                __binary_info_start = .

.binary_info    0x000000001000499c       0x28
 *(.binary_info.keep.*)
 .binary_info.keep.__bi_ptr26
                0x000000001000499c        0x4 CMakeFiles/onboard_temperature.dir/home/henr7381/pico/pico-sdk/src/rp2_common/pico_standard_binary_info/standard_binary_info.c.obj
 .binary_info.keep.__bi_ptr34
                0x00000000100049a0        0x4 CMakeFiles/onboard_temperature.dir/home/henr7381/pico/pico-sdk/src/rp2_common/pico_standard_binary_info/standard_binary_info.c.obj
 .binary_info.keep.__bi_ptr42
                0x00000000100049a4        0x4 CMakeFiles/onboard_temperature.dir/home/henr7381/pico/pico-sdk/src/rp2_common/pico_standard_binary_info/standard_binary_info.c.obj
 .binary_info.keep.__bi_ptr48
                0x00000000100049a8        0x4 CMakeFiles/onboard_temperature.dir/home/henr7381/pico/pico-sdk/src/rp2_common/pico_standard_binary_info/standard_binary_info.c.obj
 .binary_info.keep.__bi_ptr54
                0x00000000100049ac        0x4 CMakeFiles/onboard_temperature.dir/home/henr7381/pico/pico-sdk/src/rp2_common/pico_standard_binary_info/standard_binary_info.c.obj
 .binary_info.keep.__bi_ptr72
                0x00000000100049b0        0x4 CMakeFiles/onboard_temperature.dir/home/henr7381/pico/pico-sdk/src/rp2_common/pico_standard_binary_info/standard_binary_info.c.obj
 .binary_info.keep.__bi_ptr84
                0x00000000100049b4        0x4 CMakeFiles/onboard_temperature.dir/home/henr7381/pico/pico-sdk/src/rp2_common/pico_standard_binary_info/standard_binary_info.c.obj
 *(.binary_info.*)
 .binary_info.__bi_ptr45
                0x00000000100049b8        0x4 CMakeFiles/onboard_temperature.dir/home/henr7381/pico/pico-sdk/src/rp2_common/pico_stdio_uart/stdio_uart.c.obj
 .binary_info.__bi_ptr49
                0x00000000100049bc        0x4 CMakeFiles/onboard_temperature.dir/home/henr7381/pico/pico-sdk/src/rp2_common/pico_stdio_uart/stdio_uart.c.obj
 .binary_info.__bi_ptr50
                0x00000000100049c0        0x4 CMakeFiles/onboard_temperature.dir/home/henr7381/pico/pico-sdk/src/rp2_common/pico_stdio_uart/stdio_uart.c.obj
                0x00000000100049c4                __binary_info_end = .

.rel.dyn        0x00000000100049c4        0x0
 .rel.iplt      0x00000000100049c4        0x0 /usr/lib/gcc/arm-none-eabi/10.3.1/thumb/v6-m/nofp/crtbegin.o
                0x00000000100049c4                . = ALIGN (0x4)

.ram_vector_table
                0x0000000020000000       0xc0
 *(.ram_vector_table)
 .ram_vector_table
                0x0000000020000000       0xc0 CMakeFiles/onboard_temperature.dir/home/henr7381/pico/pico-sdk/src/rp2_common/pico_runtime_init/runtime_init.c.obj
                0x0000000020000000                ram_vector_table

.uninitialized_data
                0x00000000200000c0        0x0
                0x00000000200000c0                . = ALIGN (0x4)
 *(.uninitialized_data*)

.data           0x00000000200000c0      0x220 load address 0x00000000100049c4
                0x00000000200000c0                __data_start__ = .
 *(vtable)
 *(.time_critical*)
 .time_critical.mutex_try_enter
                0x00000000200000c0       0x46 CMakeFiles/onboard_temperature.dir/home/henr7381/pico/pico-sdk/src/common/pico_sync/mutex.c.obj
                0x00000000200000c0                mutex_try_enter
 *fill*         0x0000000020000106        0x2 
 .time_critical.mutex_enter_block_until
                0x0000000020000108       0x8c CMakeFiles/onboard_temperature.dir/home/henr7381/pico/pico-sdk/src/common/pico_sync/mutex.c.obj
                0x0000000020000108                mutex_enter_block_until
 .time_critical.mutex_try_enter_block_until
                0x0000000020000194       0x34 CMakeFiles/onboard_temperature.dir/home/henr7381/pico/pico-sdk/src/common/pico_sync/mutex.c.obj
                0x0000000020000194                mutex_try_enter_block_until
 .time_critical.mutex_exit
                0x00000000200001c8       0x4c CMakeFiles/onboard_temperature.dir/home/henr7381/pico/pico-sdk/src/common/pico_sync/mutex.c.obj
                0x00000000200001c8                mutex_exit
 *(.text*)
 .text          0x0000000020000214        0x4 /usr/lib/gcc/arm-none-eabi/10.3.1/thumb/v6-m/nofp/libgcc.a(_dvmd_tls.o)
                0x0000000020000214                __aeabi_ldiv0
                0x0000000020000214                __aeabi_idiv0
 .text.__stub   0x0000000020000218       0x20 linker stubs
                0x0000000020000238                . = ALIGN (0x4)
 *(.rodata*)
                0x0000000020000238                . = ALIGN (0x4)
 *(.data*)
 .data.striped_spin_lock_num
                0x0000000020000238        0x1 CMakeFiles/onboard_temperature.dir/home/henr7381/pico/pico-sdk/src/rp2_common/hardware_sync/sync.c.obj
 *fill*         0x0000000020000239        0x3 
 .data          0x000000002000023c       0x48 CMakeFiles/onboard_temperature.dir/home/henr7381/pico/pico-sdk/src/rp2_common/hardware_irq/irq_handler_chain.S.obj
                0x000000002000023c                irq_handler_chain_slots
                0x000000002000026c                irq_handler_chain_first_slot
                0x0000000020000276                irq_handler_chain_remove_tail
 .data.default_alarm_pool
                0x0000000020000284       0x18 CMakeFiles/onboard_temperature.dir/home/henr7381/pico/pico-sdk/src/common/pico_time/time.c.obj
 *fill*         0x000000002000029c        0x4 
 .data.aeabi_bits_funcs
                0x00000000200002a0       0x10 CMakeFiles/onboard_temperature.dir/home/henr7381/pico/pico-sdk/src/rp2_common/pico_bit_ops/bit_ops_aeabi.S.obj
                0x00000000200002a0                aeabi_bits_funcs
                0x00000000200002b0                aeabi_bits_funcs_end
 .data.aeabi_mem_funcs
                0x00000000200002b0       0x10 CMakeFiles/onboard_temperature.dir/home/henr7381/pico/pico-sdk/src/rp2_common/pico_mem_ops/mem_ops_aeabi.S.obj
                0x00000000200002b0                aeabi_mem_funcs
                0x00000000200002c0                aeabi_mem_funcs_end
 .data.stdio_uart
                0x00000000200002c0       0x18 CMakeFiles/onboard_temperature.dir/home/henr7381/pico/pico-sdk/src/rp2_common/pico_stdio_uart/stdio_uart.c.obj
                0x00000000200002c0                stdio_uart
                0x00000000200002d8                . = ALIGN (0x4)
 *(.after_data.*)
                0x00000000200002d8                . = ALIGN (0x4)
                0x00000000200002d8                PROVIDE (__mutex_array_start = .)
 *(SORT_BY_NAME(.mutex_array.*))
 *(.mutex_array)
 .mutex_array   0x00000000200002d8        0x8 CMakeFiles/onboard_temperature.dir/home/henr7381/pico/pico-sdk/src/rp2_common/pico_stdio/stdio.c.obj
                0x00000000200002e0                PROVIDE (__mutex_array_end = .)
                0x00000000200002e0                . = ALIGN (0x4)
 *(.jcr)
                0x00000000200002e0                . = ALIGN (0x4)

.tm_clone_table
                0x00000000200002e0        0x0 load address 0x0000000010004be4
 .tm_clone_table
                0x00000000200002e0        0x0 /usr/lib/gcc/arm-none-eabi/10.3.1/thumb/v6-m/nofp/crtbegin.o
 .tm_clone_table
                0x00000000200002e0        0x0 /usr/lib/gcc/arm-none-eabi/10.3.1/thumb/v6-m/nofp/crtend.o

.igot.plt       0x00000000200002e0        0x0 load address 0x0000000010004be4
 .igot.plt      0x00000000200002e0        0x0 /usr/lib/gcc/arm-none-eabi/10.3.1/thumb/v6-m/nofp/crtbegin.o

.tdata          0x00000000200002e0        0x0 load address 0x0000000010004be4
                0x00000000200002e0                . = ALIGN (0x4)
 *(.tdata .tdata.* .gnu.linkonce.td.*)
                0x00000000200002e0                __tdata_end = .
                0x00000000200002e0                PROVIDE (__data_end__ = .)
                0x00000000100049c4                __etext = LOADADDR (.data)

.tbss           0x00000000200002e0        0x0 load address 0x0000000010004be4
                0x00000000200002e0                . = ALIGN (0x4)
                0x00000000200002e0                __bss_start__ = .
                0x00000000200002e0                __tls_base = .
 *(.tbss .tbss.* .gnu.linkonce.tb.*)
 *(.tcommon)
                0x00000000200002e0                __tls_end = .

.bss            0x00000000200002e0      0x3fc load address 0x0000000010004be4
                0x00000000200002e0                . = ALIGN (0x4)
                0x00000000200002e0                __tbss_end = .
 *(SORT_BY_ALIGNMENT(SORT_BY_NAME(.bss*)))
 .bss.default_alarm_pool_entries
                0x00000000200002e0      0x180 CMakeFiles/onboard_temperature.dir/home/henr7381/pico/pico-sdk/src/common/pico_time/time.c.obj
 .bss           0x0000000020000460       0x1c /usr/lib/gcc/arm-none-eabi/10.3.1/thumb/v6-m/nofp/crtbegin.o
 .bss.chars_available_callback
                0x000000002000047c        0x4 CMakeFiles/onboard_temperature.dir/home/henr7381/pico/pico-sdk/src/rp2_common/pico_stdio_uart/stdio_uart.c.obj
 .bss.chars_available_param
                0x0000000020000480        0x4 CMakeFiles/onboard_temperature.dir/home/henr7381/pico/pico-sdk/src/rp2_common/pico_stdio_uart/stdio_uart.c.obj
 .bss.claimed   0x0000000020000484        0x1 CMakeFiles/onboard_temperature.dir/home/henr7381/pico/pico-sdk/src/rp2_common/hardware_timer/timer.c.obj
 *fill*         0x0000000020000485        0x3 
 .bss.configured_freq
                0x0000000020000488       0x28 CMakeFiles/onboard_temperature.dir/home/henr7381/pico/pico-sdk/src/rp2_common/hardware_clocks/clocks.c.obj
 .bss.drivers   0x00000000200004b0        0x4 CMakeFiles/onboard_temperature.dir/home/henr7381/pico/pico-sdk/src/rp2_common/pico_stdio/stdio.c.obj
 .bss.filter    0x00000000200004b4        0x4 CMakeFiles/onboard_temperature.dir/home/henr7381/pico/pico-sdk/src/rp2_common/pico_stdio/stdio.c.obj
 .bss.pools     0x00000000200004b8       0x10 CMakeFiles/onboard_temperature.dir/home/henr7381/pico/pico-sdk/src/common/pico_time/time.c.obj
 .bss.sd_table  0x00000000200004c8      0x100 CMakeFiles/onboard_temperature.dir/home/henr7381/pico/pico-sdk/src/rp2_common/pico_double/double_init_rom_rp2040.c.obj
                0x00000000200004c8                sd_table
 .bss.sf_clz_func
                0x00000000200005c8        0x4 CMakeFiles/onboard_temperature.dir/home/henr7381/pico/pico-sdk/src/rp2_common/pico_double/double_init_rom_rp2040.c.obj
                0x00000000200005c8                sf_clz_func
 .bss.sf_table  0x00000000200005cc      0x100 CMakeFiles/onboard_temperature.dir/home/henr7381/pico/pico-sdk/src/rp2_common/pico_float/float_init_rom_rp2040.c.obj
                0x00000000200005cc                sf_table
 .bss.sleep_notifier
                0x00000000200006cc        0x4 CMakeFiles/onboard_temperature.dir/home/henr7381/pico/pico-sdk/src/common/pico_time/time.c.obj
 .bss.uart_char_to_line_feed
                0x00000000200006d0        0x4 CMakeFiles/onboard_temperature.dir/home/henr7381/pico/pico-sdk/src/rp2_common/hardware_uart/uart.c.obj
                0x00000000200006d0                uart_char_to_line_feed
 .bss.uart_instance
                0x00000000200006d4        0x4 CMakeFiles/onboard_temperature.dir/home/henr7381/pico/pico-sdk/src/rp2_common/pico_stdio_uart/stdio_uart.c.obj
 .bss.irq_handler_chain_free_slot_head
                0x00000000200006d8        0x1 CMakeFiles/onboard_temperature.dir/home/henr7381/pico/pico-sdk/src/rp2_common/hardware_irq/irq.c.obj
 *(COMMON)
                0x00000000200006dc                . = ALIGN (0x4)
 *fill*         0x00000000200006d9        0x3 
                0x00000000200006dc                __bss_end__ = .

.heap           0x00000000200006dc    0x3f924 load address 0x0000000010004be4
                0x00000000200006dc                __end__ = .
                0x00000000200006dc                end = __end__
 *(.heap*)
 .heap          0x00000000200006dc      0x800 CMakeFiles/onboard_temperature.dir/home/henr7381/pico/pico-sdk/src/rp2_common/pico_crt0/crt0.S.obj
                0x0000000020040000                . = (ORIGIN (RAM) + LENGTH (RAM))
 *fill*         0x0000000020000edc    0x3f124 
                0x0000000020040000                __HeapLimit = .

.scratch_x      0x0000000020040000        0x0 load address 0x0000000010004be4
                0x0000000020040000                __scratch_x_start__ = .
 *(.scratch_x.*)
                0x0000000020040000                . = ALIGN (0x4)
                0x0000000020040000                __scratch_x_end__ = .
                0x0000000010004be4                __scratch_x_source__ = LOADADDR (.scratch_x)

.scratch_y      0x0000000020041000        0x0 load address 0x0000000010004be4
                0x0000000020041000                __scratch_y_start__ = .
 *(.scratch_y.*)
                0x0000000020041000                . = ALIGN (0x4)
                0x0000000020041000                __scratch_y_end__ = .
                0x0000000010004be4                __scratch_y_source__ = LOADADDR (.scratch_y)

.stack1_dummy   0x0000000020040000        0x0
 *(.stack1*)

.stack_dummy    0x0000000020041000      0x800
 *(.stack*)
 .stack         0x0000000020041000      0x800 CMakeFiles/onboard_temperature.dir/home/henr7381/pico/pico-sdk/src/rp2_common/pico_crt0/crt0.S.obj

.flash_end      0x0000000010004be4        0x0
 *(.embedded_end_block*)
                0x0000000010004be4                PROVIDE (__flash_binary_end = .)
                0x0000000020040000                __StackLimit = (ORIGIN (RAM) + LENGTH (RAM))
                0x0000000020041000                __StackOneTop = (ORIGIN (SCRATCH_X) + LENGTH (SCRATCH_X))
                0x0000000020042000                __StackTop = (ORIGIN (SCRATCH_Y) + LENGTH (SCRATCH_Y))
                0x0000000020041000                __StackOneBottom = (__StackOneTop - SIZEOF (.stack1_dummy))
                0x0000000020041800                __StackBottom = (__StackTop - SIZEOF (.stack_dummy))
                0x0000000020042000                PROVIDE (__stack = __StackTop)
                [!provide]                        PROVIDE (__heap_start = __end__)
                [!provide]                        PROVIDE (__heap_end = __HeapLimit)
                [!provide]                        PROVIDE (__tls_align = MAX (ALIGNOF (.tdata), ALIGNOF (.tbss)))
                [!provide]                        PROVIDE (__tls_size_align = (((__tls_size + __tls_align) - 0x1) & ~ ((__tls_align - 0x1))))
                [!provide]                        PROVIDE (__arm32_tls_tcb_offset = MAX (0x8, __tls_align))
                [!provide]                        PROVIDE (_end = __end__)
                [!provide]                        PROVIDE (__llvm_libc_heap_limit = __HeapLimit)
                0x0000000000000001                ASSERT ((__StackLimit >= __HeapLimit), region RAM overflowed)
                0x0000000000000001                ASSERT (((__binary_info_header_end - __logical_binary_start) <= 0x100), Binary info must be in first 256 bytes of the binary)
LOAD CMakeFiles/onboard_temperature.dir/onboard_temperature.c.obj
LOAD CMakeFiles/onboard_temperature.dir/home/henr7381/pico/pico-sdk/src/rp2_common/pico_stdlib/stdlib.c.obj
LOAD CMakeFiles/onboard_temperature.dir/home/henr7381/pico/pico-sdk/src/rp2_common/hardware_gpio/gpio.c.obj
LOAD CMakeFiles/onboard_temperature.dir/home/henr7381/pico/pico-sdk/src/rp2040/pico_platform/platform.c.obj
LOAD CMakeFiles/onboard_temperature.dir/home/henr7381/pico/pico-sdk/src/rp2_common/pico_platform_panic/panic.c.obj
LOAD CMakeFiles/onboard_temperature.dir/home/henr7381/pico/pico-sdk/src/common/hardware_claim/claim.c.obj
LOAD CMakeFiles/onboard_temperature.dir/home/henr7381/pico/pico-sdk/src/rp2_common/hardware_sync/sync.c.obj
LOAD CMakeFiles/onboard_temperature.dir/home/henr7381/pico/pico-sdk/src/rp2_common/hardware_sync_spin_lock/sync_spin_lock.c.obj
LOAD CMakeFiles/onboard_temperature.dir/home/henr7381/pico/pico-sdk/src/rp2_common/hardware_irq/irq.c.obj
LOAD CMakeFiles/onboard_temperature.dir/home/henr7381/pico/pico-sdk/src/rp2_common/hardware_irq/irq_handler_chain.S.obj
LOAD CMakeFiles/onboard_temperature.dir/home/henr7381/pico/pico-sdk/src/common/pico_sync/sem.c.obj
LOAD CMakeFiles/onboard_temperature.dir/home/henr7381/pico/pico-sdk/src/common/pico_sync/lock_core.c.obj
LOAD CMakeFiles/onboard_temperature.dir/home/henr7381/pico/pico-sdk/src/common/pico_sync/mutex.c.obj
LOAD CMakeFiles/onboard_temperature.dir/home/henr7381/pico/pico-sdk/src/common/pico_sync/critical_section.c.obj
LOAD CMakeFiles/onboard_temperature.dir/home/henr7381/pico/pico-sdk/src/common/pico_time/time.c.obj
LOAD CMakeFiles/onboard_temperature.dir/home/henr7381/pico/pico-sdk/src/common/pico_time/timeout_helper.c.obj
LOAD CMakeFiles/onboard_temperature.dir/home/henr7381/pico/pico-sdk/src/rp2_common/hardware_timer/timer.c.obj
LOAD CMakeFiles/onboard_temperature.dir/home/henr7381/pico/pico-sdk/src/common/pico_util/datetime.c.obj
LOAD CMakeFiles/onboard_temperature.dir/home/henr7381/pico/pico-sdk/src/common/pico_util/pheap.c.obj
LOAD CMakeFiles/onboard_temperature.dir/home/henr7381/pico/pico-sdk/src/common/pico_util/queue.c.obj
LOAD CMakeFiles/onboard_temperature.dir/home/henr7381/pico/pico-sdk/src/rp2_common/hardware_uart/uart.c.obj
LOAD CMakeFiles/onboard_temperature.dir/home/henr7381/pico/pico-sdk/src/rp2_common/hardware_clocks/clocks.c.obj
LOAD CMakeFiles/onboard_temperature.dir/home/henr7381/pico/pico-sdk/src/rp2_common/hardware_pll/pll.c.obj
LOAD CMakeFiles/onboard_temperature.dir/home/henr7381/pico/pico-sdk/src/rp2_common/hardware_vreg/vreg.c.obj
LOAD CMakeFiles/onboard_temperature.dir/home/henr7381/pico/pico-sdk/src/rp2_common/hardware_watchdog/watchdog.c.obj
LOAD CMakeFiles/onboard_temperature.dir/home/henr7381/pico/pico-sdk/src/rp2_common/hardware_ticks/ticks.c.obj
LOAD CMakeFiles/onboard_temperature.dir/home/henr7381/pico/pico-sdk/src/rp2_common/hardware_xosc/xosc.c.obj
LOAD CMakeFiles/onboard_temperature.dir/home/henr7381/pico/pico-sdk/src/rp2_common/hardware_divider/divider.S.obj
LOAD CMakeFiles/onboard_temperature.dir/home/henr7381/pico/pico-sdk/src/rp2_common/pico_runtime/runtime.c.obj
LOAD CMakeFiles/onboard_temperature.dir/home/henr7381/pico/pico-sdk/src/rp2_common/pico_runtime_init/runtime_init.c.obj
LOAD CMakeFiles/onboard_temperature.dir/home/henr7381/pico/pico-sdk/src/rp2_common/pico_runtime_init/runtime_init_clocks.c.obj
LOAD CMakeFiles/onboard_temperature.dir/home/henr7381/pico/pico-sdk/src/rp2_common/pico_runtime_init/runtime_init_stack_guard.c.obj
LOAD CMakeFiles/onboard_temperature.dir/home/henr7381/pico/pico-sdk/src/rp2_common/pico_bit_ops/bit_ops_aeabi.S.obj
LOAD CMakeFiles/onboard_temperature.dir/home/henr7381/pico/pico-sdk/src/rp2_common/pico_bootrom/bootrom.c.obj
LOAD CMakeFiles/onboard_temperature.dir/home/henr7381/pico/pico-sdk/src/rp2_common/pico_bootrom/bootrom_lock.c.obj
LOAD CMakeFiles/onboard_temperature.dir/home/henr7381/pico/pico-sdk/src/rp2_common/hardware_boot_lock/boot_lock.c.obj
LOAD CMakeFiles/onboard_temperature.dir/home/henr7381/pico/pico-sdk/src/rp2_common/pico_divider/divider_hardware.S.obj
LOAD CMakeFiles/onboard_temperature.dir/home/henr7381/pico/pico-sdk/src/rp2_common/pico_double/double_aeabi_rp2040.S.obj
LOAD CMakeFiles/onboard_temperature.dir/home/henr7381/pico/pico-sdk/src/rp2_common/pico_double/double_init_rom_rp2040.c.obj
LOAD CMakeFiles/onboard_temperature.dir/home/henr7381/pico/pico-sdk/src/rp2_common/pico_double/double_math.c.obj
LOAD CMakeFiles/onboard_temperature.dir/home/henr7381/pico/pico-sdk/src/rp2_common/pico_double/double_v1_rom_shim_rp2040.S.obj
LOAD CMakeFiles/onboard_temperature.dir/home/henr7381/pico/pico-sdk/src/rp2_common/pico_int64_ops/pico_int64_ops_aeabi.S.obj
LOAD CMakeFiles/onboard_temperature.dir/home/henr7381/pico/pico-sdk/src/rp2_common/pico_float/float_aeabi_rp2040.S.obj
LOAD CMakeFiles/onboard_temperature.dir/home/henr7381/pico/pico-sdk/src/rp2_common/pico_float/float_init_rom_rp2040.c.obj
LOAD CMakeFiles/onboard_temperature.dir/home/henr7381/pico/pico-sdk/src/rp2_common/pico_float/float_math.c.obj
LOAD CMakeFiles/onboard_temperature.dir/home/henr7381/pico/pico-sdk/src/rp2_common/pico_float/float_v1_rom_shim_rp2040.S.obj
LOAD CMakeFiles/onboard_temperature.dir/home/henr7381/pico/pico-sdk/src/rp2_common/pico_malloc/malloc.c.obj
LOAD CMakeFiles/onboard_temperature.dir/home/henr7381/pico/pico-sdk/src/rp2_common/pico_mem_ops/mem_ops_aeabi.S.obj
LOAD CMakeFiles/onboard_temperature.dir/home/henr7381/pico/pico-sdk/src/rp2_common/pico_atomic/atomic.c.obj
LOAD CMakeFiles/onboard_temperature.dir/home/henr7381/pico/pico-sdk/src/rp2_common/pico_cxx_options/new_delete.cpp.obj
LOAD CMakeFiles/onboard_temperature.dir/home/henr7381/pico/pico-sdk/src/rp2_common/pico_standard_binary_info/standard_binary_info.c.obj
LOAD CMakeFiles/onboard_temperature.dir/home/henr7381/pico/pico-sdk/src/rp2_common/pico_printf/printf.c.obj
LOAD CMakeFiles/onboard_temperature.dir/home/henr7381/pico/pico-sdk/src/rp2_common/pico_crt0/crt0.S.obj
LOAD CMakeFiles/onboard_temperature.dir/home/henr7381/pico/pico-sdk/src/rp2_common/pico_clib_interface/newlib_interface.c.obj
LOAD CMakeFiles/onboard_temperature.dir/home/henr7381/pico/pico-sdk/src/rp2_common/pico_stdio/stdio.c.obj
LOAD CMakeFiles/onboard_temperature.dir/home/henr7381/pico/pico-sdk/src/rp2_common/pico_stdio_uart/stdio_uart.c.obj
LOAD CMakeFiles/onboard_temperature.dir/home/henr7381/pico/pico-sdk/src/rp2_common/hardware_adc/adc.c.obj
LOAD /tmp/ccYEuxi2.o
LOAD /usr/lib/gcc/arm-none-eabi/10.3.1/../../../arm-none-eabi/lib/thumb/v6-m/nofp/libstdc++.a
LOAD /usr/lib/gcc/arm-none-eabi/10.3.1/../../../arm-none-eabi/lib/thumb/v6-m/nofp/libm.a
START GROUP
LOAD /usr/lib/gcc/arm-none-eabi/10.3.1/thumb/v6-m/nofp/libgcc.a
LOAD /usr/lib/gcc/arm-none-eabi/10.3.1/../../../arm-none-eabi/lib/thumb/v6-m/nofp/libg.a
LOAD /usr/lib/gcc/arm-none-eabi/10.3.1/../../../arm-none-eabi/lib/thumb/v6-m/nofp/libc.a
END GROUP
START GROUP
LOAD /usr/lib/gcc/arm-none-eabi/10.3.1/thumb/v6-m/nofp/libgcc.a
LOAD /usr/lib/gcc/arm-none-eabi/10.3.1/../../../arm-none-eabi/lib/thumb/v6-m/nofp/libc.a
LOAD /usr/lib/gcc/arm-none-eabi/10.3.1/../../../arm-none-eabi/lib/thumb/v6-m/nofp/libnosys.a
END GROUP
LOAD /usr/lib/gcc/arm-none-eabi/10.3.1/thumb/v6-m/nofp/crtend.o
LOAD /usr/lib/gcc/arm-none-eabi/10.3.1/thumb/v6-m/nofp/crtn.o
OUTPUT(onboard_temperature.elf elf32-littlearm)
LOAD linker stubs

.ARM.attributes
                0x0000000000000000       0x28
 .ARM.attributes
                0x0000000000000000       0x1e /usr/lib/gcc/arm-none-eabi/10.3.1/thumb/v6-m/nofp/crti.o
 .ARM.attributes
                0x000000000000001e       0x2c /usr/lib/gcc/arm-none-eabi/10.3.1/thumb/v6-m/nofp/crtbegin.o
 .ARM.attributes
                0x000000000000004a       0x2c CMakeFiles/onboard_temperature.dir/onboard_temperature.c.obj
 .ARM.attributes
                0x0000000000000076       0x2c CMakeFiles/onboard_temperature.dir/home/henr7381/pico/pico-sdk/src/rp2_common/hardware_gpio/gpio.c.obj
 .ARM.attributes
                0x00000000000000a2       0x2c CMakeFiles/onboard_temperature.dir/home/henr7381/pico/pico-sdk/src/rp2_common/pico_platform_panic/panic.c.obj
 .ARM.attributes
                0x00000000000000ce       0x2c CMakeFiles/onboard_temperature.dir/home/henr7381/pico/pico-sdk/src/common/hardware_claim/claim.c.obj
 .ARM.attributes
                0x00000000000000fa       0x2c CMakeFiles/onboard_temperature.dir/home/henr7381/pico/pico-sdk/src/rp2_common/hardware_sync/sync.c.obj
 .ARM.attributes
                0x0000000000000126       0x2c CMakeFiles/onboard_temperature.dir/home/henr7381/pico/pico-sdk/src/rp2_common/hardware_sync_spin_lock/sync_spin_lock.c.obj
 .ARM.attributes
                0x0000000000000152       0x2c CMakeFiles/onboard_temperature.dir/home/henr7381/pico/pico-sdk/src/rp2_common/hardware_irq/irq.c.obj
 .ARM.attributes
                0x000000000000017e       0x22 CMakeFiles/onboard_temperature.dir/home/henr7381/pico/pico-sdk/src/rp2_common/hardware_irq/irq_handler_chain.S.obj
 .ARM.attributes
                0x00000000000001a0       0x2c CMakeFiles/onboard_temperature.dir/home/henr7381/pico/pico-sdk/src/common/pico_sync/lock_core.c.obj
 .ARM.attributes
                0x00000000000001cc       0x2c CMakeFiles/onboard_temperature.dir/home/henr7381/pico/pico-sdk/src/common/pico_sync/mutex.c.obj
 .ARM.attributes
                0x00000000000001f8       0x2c CMakeFiles/onboard_temperature.dir/home/henr7381/pico/pico-sdk/src/common/pico_time/time.c.obj
 .ARM.attributes
                0x0000000000000224       0x2c CMakeFiles/onboard_temperature.dir/home/henr7381/pico/pico-sdk/src/rp2_common/hardware_timer/timer.c.obj
 .ARM.attributes
                0x0000000000000250       0x2c CMakeFiles/onboard_temperature.dir/home/henr7381/pico/pico-sdk/src/rp2_common/hardware_uart/uart.c.obj
 .ARM.attributes
                0x000000000000027c       0x2c CMakeFiles/onboard_temperature.dir/home/henr7381/pico/pico-sdk/src/rp2_common/hardware_clocks/clocks.c.obj
 .ARM.attributes
                0x00000000000002a8       0x2c CMakeFiles/onboard_temperature.dir/home/henr7381/pico/pico-sdk/src/rp2_common/hardware_pll/pll.c.obj
 .ARM.attributes
                0x00000000000002d4       0x2c CMakeFiles/onboard_temperature.dir/home/henr7381/pico/pico-sdk/src/rp2_common/hardware_ticks/ticks.c.obj
 .ARM.attributes
                0x0000000000000300       0x2c CMakeFiles/onboard_temperature.dir/home/henr7381/pico/pico-sdk/src/rp2_common/hardware_xosc/xosc.c.obj
 .ARM.attributes
                0x000000000000032c       0x2c CMakeFiles/onboard_temperature.dir/home/henr7381/pico/pico-sdk/src/rp2_common/pico_runtime/runtime.c.obj
 .ARM.attributes
                0x0000000000000358       0x2c CMakeFiles/onboard_temperature.dir/home/henr7381/pico/pico-sdk/src/rp2_common/pico_runtime_init/runtime_init.c.obj
 .ARM.attributes
                0x0000000000000384       0x2c CMakeFiles/onboard_temperature.dir/home/henr7381/pico/pico-sdk/src/rp2_common/pico_runtime_init/runtime_init_clocks.c.obj
 .ARM.attributes
                0x00000000000003b0       0x22 CMakeFiles/onboard_temperature.dir/home/henr7381/pico/pico-sdk/src/rp2_common/pico_bit_ops/bit_ops_aeabi.S.obj
 .ARM.attributes
                0x00000000000003d2       0x2c CMakeFiles/onboard_temperature.dir/home/henr7381/pico/pico-sdk/src/rp2_common/pico_bootrom/bootrom.c.obj
 .ARM.attributes
                0x00000000000003fe       0x22 CMakeFiles/onboard_temperature.dir/home/henr7381/pico/pico-sdk/src/rp2_common/pico_divider/divider_hardware.S.obj
 .ARM.attributes
                0x0000000000000420       0x22 CMakeFiles/onboard_temperature.dir/home/henr7381/pico/pico-sdk/src/rp2_common/pico_double/double_aeabi_rp2040.S.obj
 .ARM.attributes
                0x0000000000000442       0x2c CMakeFiles/onboard_temperature.dir/home/henr7381/pico/pico-sdk/src/rp2_common/pico_double/double_init_rom_rp2040.c.obj
 .ARM.attributes
                0x000000000000046e       0x22 CMakeFiles/onboard_temperature.dir/home/henr7381/pico/pico-sdk/src/rp2_common/pico_double/double_v1_rom_shim_rp2040.S.obj
 .ARM.attributes
                0x0000000000000490       0x22 CMakeFiles/onboard_temperature.dir/home/henr7381/pico/pico-sdk/src/rp2_common/pico_int64_ops/pico_int64_ops_aeabi.S.obj
 .ARM.attributes
                0x00000000000004b2       0x22 CMakeFiles/onboard_temperature.dir/home/henr7381/pico/pico-sdk/src/rp2_common/pico_float/float_aeabi_rp2040.S.obj
 .ARM.attributes
                0x00000000000004d4       0x2c CMakeFiles/onboard_temperature.dir/home/henr7381/pico/pico-sdk/src/rp2_common/pico_float/float_init_rom_rp2040.c.obj
 .ARM.attributes
                0x0000000000000500       0x22 CMakeFiles/onboard_temperature.dir/home/henr7381/pico/pico-sdk/src/rp2_common/pico_float/float_v1_rom_shim_rp2040.S.obj
 .ARM.attributes
                0x0000000000000522       0x22 CMakeFiles/onboard_temperature.dir/home/henr7381/pico/pico-sdk/src/rp2_common/pico_mem_ops/mem_ops_aeabi.S.obj
 .ARM.attributes
                0x0000000000000544       0x32 CMakeFiles/onboard_temperature.dir/home/henr7381/pico/pico-sdk/src/rp2_common/pico_standard_binary_info/standard_binary_info.c.obj
 .ARM.attributes
                0x0000000000000576       0x2c CMakeFiles/onboard_temperature.dir/home/henr7381/pico/pico-sdk/src/rp2_common/pico_printf/printf.c.obj
 .ARM.attributes
                0x00000000000005a2       0x22 CMakeFiles/onboard_temperature.dir/home/henr7381/pico/pico-sdk/src/rp2_common/pico_crt0/crt0.S.obj
 .ARM.attributes
                0x00000000000005c4       0x2c CMakeFiles/onboard_temperature.dir/home/henr7381/pico/pico-sdk/src/rp2_common/pico_clib_interface/newlib_interface.c.obj
 .ARM.attributes
                0x00000000000005f0       0x2c CMakeFiles/onboard_temperature.dir/home/henr7381/pico/pico-sdk/src/rp2_common/pico_stdio/stdio.c.obj
 .ARM.attributes
                0x000000000000061c       0x2c CMakeFiles/onboard_temperature.dir/home/henr7381/pico/pico-sdk/src/rp2_common/pico_stdio_uart/stdio_uart.c.obj
 .ARM.attributes
                0x0000000000000648       0x2c CMakeFiles/onboard_temperature.dir/home/henr7381/pico/pico-sdk/src/rp2_common/hardware_adc/adc.c.obj
 .ARM.attributes
                0x0000000000000674       0x22 /tmp/ccYEuxi2.o
 .ARM.attributes
                0x0000000000000696       0x1e /usr/lib/gcc/arm-none-eabi/10.3.1/thumb/v6-m/nofp/libgcc.a(_dvmd_tls.o)
 .ARM.attributes
                0x00000000000006b4       0x2c /usr/lib/gcc/arm-none-eabi/10.3.1/../../../arm-none-eabi/lib/thumb/v6-m/nofp/libg.a(lib_a-strlen-stub.o)
 .ARM.attributes
                0x00000000000006e0       0x2c /usr/lib/gcc/arm-none-eabi/10.3.1/thumb/v6-m/nofp/crtend.o

.comment        0x0000000000000000       0x33
 .comment       0x0000000000000000       0x33 /usr/lib/gcc/arm-none-eabi/10.3.1/thumb/v6-m/nofp/crtbegin.o
                                         0x34 (size before relaxing)
 .comment       0x0000000000000033       0x34 CMakeFiles/onboard_temperature.dir/onboard_temperature.c.obj
 .comment       0x0000000000000033       0x34 CMakeFiles/onboard_temperature.dir/home/henr7381/pico/pico-sdk/src/rp2_common/hardware_gpio/gpio.c.obj
 .comment       0x0000000000000033       0x34 CMakeFiles/onboard_temperature.dir/home/henr7381/pico/pico-sdk/src/rp2_common/pico_platform_panic/panic.c.obj
 .comment       0x0000000000000033       0x34 CMakeFiles/onboard_temperature.dir/home/henr7381/pico/pico-sdk/src/common/hardware_claim/claim.c.obj
 .comment       0x0000000000000033       0x34 CMakeFiles/onboard_temperature.dir/home/henr7381/pico/pico-sdk/src/rp2_common/hardware_sync/sync.c.obj
 .comment       0x0000000000000033       0x34 CMakeFiles/onboard_temperature.dir/home/henr7381/pico/pico-sdk/src/rp2_common/hardware_sync_spin_lock/sync_spin_lock.c.obj
 .comment       0x0000000000000033       0x34 CMakeFiles/onboard_temperature.dir/home/henr7381/pico/pico-sdk/src/rp2_common/hardware_irq/irq.c.obj
 .comment       0x0000000000000033       0x34 CMakeFiles/onboard_temperature.dir/home/henr7381/pico/pico-sdk/src/common/pico_sync/lock_core.c.obj
 .comment       0x0000000000000033       0x34 CMakeFiles/onboard_temperature.dir/home/henr7381/pico/pico-sdk/src/common/pico_sync/mutex.c.obj
 .comment       0x0000000000000033       0x34 CMakeFiles/onboard_temperature.dir/home/henr7381/pico/pico-sdk/src/common/pico_time/time.c.obj
 .comment       0x0000000000000033       0x34 CMakeFiles/onboard_temperature.dir/home/henr7381/pico/pico-sdk/src/rp2_common/hardware_timer/timer.c.obj
 .comment       0x0000000000000033       0x34 CMakeFiles/onboard_temperature.dir/home/henr7381/pico/pico-sdk/src/rp2_common/hardware_uart/uart.c.obj
 .comment       0x0000000000000033       0x34 CMakeFiles/onboard_temperature.dir/home/henr7381/pico/pico-sdk/src/rp2_common/hardware_clocks/clocks.c.obj
 .comment       0x0000000000000033       0x34 CMakeFiles/onboard_temperature.dir/home/henr7381/pico/pico-sdk/src/rp2_common/hardware_pll/pll.c.obj
 .comment       0x0000000000000033       0x34 CMakeFiles/onboard_temperature.dir/home/henr7381/pico/pico-sdk/src/rp2_common/hardware_ticks/ticks.c.obj
 .comment       0x0000000000000033       0x34 CMakeFiles/onboard_temperature.dir/home/henr7381/pico/pico-sdk/src/rp2_common/hardware_xosc/xosc.c.obj
 .comment       0x0000000000000033       0x34 CMakeFiles/onboard_temperature.dir/home/henr7381/pico/pico-sdk/src/rp2_common/pico_runtime/runtime.c.obj
 .comment       0x0000000000000033       0x34 CMakeFiles/onboard_temperature.dir/home/henr7381/pico/pico-sdk/src/rp2_common/pico_runtime_init/runtime_init.c.obj
 .comment       0x0000000000000033       0x34 CMakeFiles/onboard_temperature.dir/home/henr7381/pico/pico-sdk/src/rp2_common/pico_runtime_init/runtime_init_clocks.c.obj
 .comment       0x0000000000000033       0x34 CMakeFiles/onboard_temperature.dir/home/henr7381/pico/pico-sdk/src/rp2_common/pico_bootrom/bootrom.c.obj
 .comment       0x0000000000000033       0x34 CMakeFiles/onboard_temperature.dir/home/henr7381/pico/pico-sdk/src/rp2_common/pico_double/double_init_rom_rp2040.c.obj
 .comment       0x0000000000000033       0x34 CMakeFiles/onboard_temperature.dir/home/henr7381/pico/pico-sdk/src/rp2_common/pico_float/float_init_rom_rp2040.c.obj
 .comment       0x0000000000000033       0x34 CMakeFiles/onboard_temperature.dir/home/henr7381/pico/pico-sdk/src/rp2_common/pico_standard_binary_info/standard_binary_info.c.obj
 .comment       0x0000000000000033       0x34 CMakeFiles/onboard_temperature.dir/home/henr7381/pico/pico-sdk/src/rp2_common/pico_printf/printf.c.obj
 .comment       0x0000000000000033       0x34 CMakeFiles/onboard_temperature.dir/home/henr7381/pico/pico-sdk/src/rp2_common/pico_clib_interface/newlib_interface.c.obj
 .comment       0x0000000000000033       0x34 CMakeFiles/onboard_temperature.dir/home/henr7381/pico/pico-sdk/src/rp2_common/pico_stdio/stdio.c.obj
 .comment       0x0000000000000033       0x34 CMakeFiles/onboard_temperature.dir/home/henr7381/pico/pico-sdk/src/rp2_common/pico_stdio_uart/stdio_uart.c.obj
 .comment       0x0000000000000033       0x34 CMakeFiles/onboard_temperature.dir/home/henr7381/pico/pico-sdk/src/rp2_common/hardware_adc/adc.c.obj
 .comment       0x0000000000000033       0x34 /usr/lib/gcc/arm-none-eabi/10.3.1/../../../arm-none-eabi/lib/thumb/v6-m/nofp/libg.a(lib_a-strlen-stub.o)
 .comment       0x0000000000000033       0x34 /usr/lib/gcc/arm-none-eabi/10.3.1/thumb/v6-m/nofp/crtend.o

.debug_info     0x0000000000000000    0x167f3
 .debug_info    0x0000000000000000      0xaa1 CMakeFiles/onboard_temperature.dir/onboard_temperature.c.obj
 .debug_info    0x0000000000000aa1     0x1d26 CMakeFiles/onboard_temperature.dir/home/henr7381/pico/pico-sdk/src/rp2_common/hardware_gpio/gpio.c.obj
 .debug_info    0x00000000000027c7      0x19c CMakeFiles/onboard_temperature.dir/home/henr7381/pico/pico-sdk/src/rp2_common/pico_platform_panic/panic.c.obj
 .debug_info    0x0000000000002963      0x6ba CMakeFiles/onboard_temperature.dir/home/henr7381/pico/pico-sdk/src/common/hardware_claim/claim.c.obj
 .debug_info    0x000000000000301d      0x3f1 CMakeFiles/onboard_temperature.dir/home/henr7381/pico/pico-sdk/src/rp2_common/hardware_sync/sync.c.obj
 .debug_info    0x000000000000340e      0x2d2 CMakeFiles/onboard_temperature.dir/home/henr7381/pico/pico-sdk/src/rp2_common/hardware_sync_spin_lock/sync_spin_lock.c.obj
 .debug_info    0x00000000000036e0     0x1fc2 CMakeFiles/onboard_temperature.dir/home/henr7381/pico/pico-sdk/src/rp2_common/hardware_irq/irq.c.obj
 .debug_info    0x00000000000056a2      0x1a4 CMakeFiles/onboard_temperature.dir/home/henr7381/pico/pico-sdk/src/common/pico_sync/lock_core.c.obj
 .debug_info    0x0000000000005846     0x1f37 CMakeFiles/onboard_temperature.dir/home/henr7381/pico/pico-sdk/src/common/pico_sync/mutex.c.obj
 .debug_info    0x000000000000777d     0x336f CMakeFiles/onboard_temperature.dir/home/henr7381/pico/pico-sdk/src/common/pico_time/time.c.obj
 .debug_info    0x000000000000aaec     0x194a CMakeFiles/onboard_temperature.dir/home/henr7381/pico/pico-sdk/src/rp2_common/hardware_timer/timer.c.obj
 .debug_info    0x000000000000c436     0x1303 CMakeFiles/onboard_temperature.dir/home/henr7381/pico/pico-sdk/src/rp2_common/hardware_uart/uart.c.obj
 .debug_info    0x000000000000d739     0x14ca CMakeFiles/onboard_temperature.dir/home/henr7381/pico/pico-sdk/src/rp2_common/hardware_clocks/clocks.c.obj
 .debug_info    0x000000000000ec03      0x64b CMakeFiles/onboard_temperature.dir/home/henr7381/pico/pico-sdk/src/rp2_common/hardware_pll/pll.c.obj
 .debug_info    0x000000000000f24e      0x2ac CMakeFiles/onboard_temperature.dir/home/henr7381/pico/pico-sdk/src/rp2_common/hardware_ticks/ticks.c.obj
 .debug_info    0x000000000000f4fa      0x1c9 CMakeFiles/onboard_temperature.dir/home/henr7381/pico/pico-sdk/src/rp2_common/hardware_xosc/xosc.c.obj
 .debug_info    0x000000000000f6c3      0x1a6 CMakeFiles/onboard_temperature.dir/home/henr7381/pico/pico-sdk/src/rp2_common/pico_runtime/runtime.c.obj