Archive member included to satisfy reference by file (symbol)

/usr/lib/gcc/arm-none-eabi/10.3.1/thumb/v6-m/nofp/libgcc.a(_dvmd_tls.o)
                              CMakeFiles/tinyusb_dev_cdc_dual_ports.dir/home/henr7381/pico/pico-sdk/src/rp2_common/pico_divider/divider_hardware.S.obj (__aeabi_idiv0)
/usr/lib/gcc/arm-none-eabi/10.3.1/../../../arm-none-eabi/lib/thumb/v6-m/nofp/libg.a(lib_a-atexit.o)
                              /usr/lib/gcc/arm-none-eabi/10.3.1/../../../arm-none-eabi/lib/thumb/v6-m/nofp/crt0.o (atexit)
/usr/lib/gcc/arm-none-eabi/10.3.1/../../../arm-none-eabi/lib/thumb/v6-m/nofp/libg.a(lib_a-calloc.o)
                              CMakeFiles/tinyusb_dev_cdc_dual_ports.dir/home/henr7381/pico/pico-sdk/src/rp2_common/pico_malloc/malloc.c.obj (calloc)
/usr/lib/gcc/arm-none-eabi/10.3.1/../../../arm-none-eabi/lib/thumb/v6-m/nofp/libg.a(lib_a-callocr.o)
                              /usr/lib/gcc/arm-none-eabi/10.3.1/../../../arm-none-eabi/lib/thumb/v6-m/nofp/libg.a(lib_a-calloc.o) (_calloc_r)
/usr/lib/gcc/arm-none-eabi/10.3.1/../../../arm-none-eabi/lib/thumb/v6-m/nofp/libg.a(lib_a-ctype_.o)
                              CMakeFiles/tinyusb_dev_cdc_dual_ports.dir/src/main.c.obj (_ctype_)
/usr/lib/gcc/arm-none-eabi/10.3.1/../../../arm-none-eabi/lib/thumb/v6-m/nofp/libg.a(lib_a-fini.o)
                              /usr/lib/gcc/arm-none-eabi/10.3.1/../../../arm-none-eabi/lib/thumb/v6-m/nofp/crt0.o (__libc_fini_array)
/usr/lib/gcc/arm-none-eabi/10.3.1/../../../arm-none-eabi/lib/thumb/v6-m/nofp/libg.a(lib_a-impure.o)
                              /usr/lib/gcc/arm-none-eabi/10.3.1/../../../arm-none-eabi/lib/thumb/v6-m/nofp/libg.a(lib_a-calloc.o) (_impure_ptr)
/usr/lib/gcc/arm-none-eabi/10.3.1/../../../arm-none-eabi/lib/thumb/v6-m/nofp/libg.a(lib_a-init.o)
                              /usr/lib/gcc/arm-none-eabi/10.3.1/../../../arm-none-eabi/lib/thumb/v6-m/nofp/crt0.o (__libc_init_array)
/usr/lib/gcc/arm-none-eabi/10.3.1/../../../arm-none-eabi/lib/thumb/v6-m/nofp/libg.a(lib_a-lcltime_r.o)
                              CMakeFiles/tinyusb_dev_cdc_dual_ports.dir/home/henr7381/pico/pico-sdk/src/common/pico_util/datetime.c.obj (localtime_r)
/usr/lib/gcc/arm-none-eabi/10.3.1/../../../arm-none-eabi/lib/thumb/v6-m/nofp/libg.a(lib_a-malloc.o)
                              CMakeFiles/tinyusb_dev_cdc_dual_ports.dir/home/henr7381/pico/pico-sdk/src/rp2_common/pico_malloc/malloc.c.obj (malloc)
/usr/lib/gcc/arm-none-eabi/10.3.1/../../../arm-none-eabi/lib/thumb/v6-m/nofp/libg.a(lib_a-mallocr.o)
                              /usr/lib/gcc/arm-none-eabi/10.3.1/../../../arm-none-eabi/lib/thumb/v6-m/nofp/libg.a(lib_a-callocr.o) (_malloc_r)
/usr/lib/gcc/arm-none-eabi/10.3.1/../../../arm-none-eabi/lib/thumb/v6-m/nofp/libg.a(lib_a-memcmp.o)
                              CMakeFiles/tinyusb_dev_cdc_dual_ports.dir/home/henr7381/pico/pico-sdk/src/rp2_common/pico_atomic/atomic.c.obj (memcmp)
/usr/lib/gcc/arm-none-eabi/10.3.1/../../../arm-none-eabi/lib/thumb/v6-m/nofp/libg.a(lib_a-mktime.o)
                              CMakeFiles/tinyusb_dev_cdc_dual_ports.dir/home/henr7381/pico/pico-sdk/src/common/pico_util/datetime.c.obj (mktime)
/usr/lib/gcc/arm-none-eabi/10.3.1/../../../arm-none-eabi/lib/thumb/v6-m/nofp/libg.a(lib_a-mlock.o)
                              /usr/lib/gcc/arm-none-eabi/10.3.1/../../../arm-none-eabi/lib/thumb/v6-m/nofp/libg.a(lib_a-mallocr.o) (__malloc_lock)
/usr/lib/gcc/arm-none-eabi/10.3.1/../../../arm-none-eabi/lib/thumb/v6-m/nofp/libg.a(lib_a-month_lengths.o)
                              /usr/lib/gcc/arm-none-eabi/10.3.1/../../../arm-none-eabi/lib/thumb/v6-m/nofp/libg.a(lib_a-lcltime_r.o) (__month_lengths)
/usr/lib/gcc/arm-none-eabi/10.3.1/../../../arm-none-eabi/lib/thumb/v6-m/nofp/libg.a(lib_a-realloc.o)
                              CMakeFiles/tinyusb_dev_cdc_dual_ports.dir/home/henr7381/pico/pico-sdk/src/rp2_common/pico_malloc/malloc.c.obj (realloc)
/usr/lib/gcc/arm-none-eabi/10.3.1/../../../arm-none-eabi/lib/thumb/v6-m/nofp/libg.a(lib_a-reallocr.o)
                              /usr/lib/gcc/arm-none-eabi/10.3.1/../../../arm-none-eabi/lib/thumb/v6-m/nofp/libg.a(lib_a-realloc.o) (_realloc_r)
/usr/lib/gcc/arm-none-eabi/10.3.1/../../../arm-none-eabi/lib/thumb/v6-m/nofp/libg.a(lib_a-sbrkr.o)
                              /usr/lib/gcc/arm-none-eabi/10.3.1/../../../arm-none-eabi/lib/thumb/v6-m/nofp/libg.a(lib_a-mallocr.o) (_sbrk_r)
/usr/lib/gcc/arm-none-eabi/10.3.1/../../../arm-none-eabi/lib/thumb/v6-m/nofp/libg.a(lib_a-strlen-stub.o)
                              CMakeFiles/tinyusb_dev_cdc_dual_ports.dir/src/usb_descriptors.c.obj (strlen)
/usr/lib/gcc/arm-none-eabi/10.3.1/../../../arm-none-eabi/lib/thumb/v6-m/nofp/libg.a(lib_a-tzcalc_limits.o)
                              /usr/lib/gcc/arm-none-eabi/10.3.1/../../../arm-none-eabi/lib/thumb/v6-m/nofp/libg.a(lib_a-lcltime_r.o) (__tzcalc_limits)
/usr/lib/gcc/arm-none-eabi/10.3.1/../../../arm-none-eabi/lib/thumb/v6-m/nofp/libg.a(lib_a-tzlock.o)
[...]
Memory Configuration

Name             Origin             Length             Attributes
FLASH            0x0000000010000000 0x0000000000200000 xr
RAM              0x0000000020000000 0x0000000000040000 xrw
SCRATCH_X        0x0000000020040000 0x0000000000001000 xrw
SCRATCH_Y        0x0000000020041000 0x0000000000001000 xrw
*default*        0x0000000000000000 0xffffffffffffffff

Linker script and memory map

LOAD /usr/lib/gcc/arm-none-eabi/10.3.1/thumb/v6-m/nofp/crti.o
LOAD /usr/lib/gcc/arm-none-eabi/10.3.1/thumb/v6-m/nofp/crtbegin.o
LOAD /usr/lib/gcc/arm-none-eabi/10.3.1/../../../arm-none-eabi/lib/thumb/v6-m/nofp/crt0.o

.flash_begin    0x0000000010000000        0x0
                0x0000000010000000                __flash_binary_start = .

.boot2          0x0000000010000000      0x100
                0x0000000010000000                __boot2_start__ = .
 *(.boot2)
 .boot2         0x0000000010000000      0x100 /tmp/ccL29Aym.o
                0x0000000010000100                __boot2_end__ = .
                0x0000000000000001                ASSERT (((__boot2_end__ - __boot2_start__) == 0x100), ERROR: Pico second stage bootloader must be 256 bytes in size)

.text           0x0000000010000100     0x63dc
                0x0000000010000100                __logical_binary_start = .
 *(.vectors)
 .vectors       0x0000000010000100       0xd4 CMakeFiles/tinyusb_dev_cdc_dual_ports.dir/home/henr7381/pico/pico-sdk/src/rp2_common/pico_crt0/crt0.S.obj
                0x0000000010000100                __vectors
                0x0000000010000100                __VECTOR_TABLE
                0x00000000100001c0                isr_invalid
                0x00000000100001c0                __default_isrs_start
                0x00000000100001c2                isr_nmi
                0x00000000100001c4                isr_hardfault
                0x00000000100001c6                isr_svcall
                0x00000000100001c8                isr_pendsv
                0x00000000100001ca                isr_systick
                0x00000000100001cc                isr_irq30
                0x00000000100001cc                __unhandled_user_irq
                0x00000000100001cc                isr_irq13
                0x00000000100001cc                isr_irq27
                0x00000000100001cc                isr_irq31
                0x00000000100001cc                isr_irq5
                0x00000000100001cc                isr_irq11
                0x00000000100001cc                isr_irq23
                0x00000000100001cc                isr_irq18
                0x00000000100001cc                isr_irq28
                0x00000000100001cc                isr_irq19
                0x00000000100001cc                isr_irq0
                0x00000000100001cc                isr_irq6
                0x00000000100001cc                isr_irq22
                0x00000000100001cc                isr_irq17
                0x00000000100001cc                isr_irq14
                0x00000000100001cc                isr_irq2
                0x00000000100001cc                isr_irq10
                0x00000000100001cc                isr_irq8
                0x00000000100001cc                isr_irq24
                0x00000000100001cc                isr_irq1
                0x00000000100001cc                isr_irq7
                0x00000000100001cc                isr_irq21
                0x00000000100001cc                isr_irq20
                0x00000000100001cc                isr_irq15
                0x00000000100001cc                isr_irq25
                0x00000000100001cc                isr_irq4
                0x00000000100001cc                isr_irq16
                0x00000000100001cc                isr_irq29
                0x00000000100001cc                isr_irq26
                0x00000000100001cc                __default_isrs_end
                0x00000000100001cc                isr_irq3
                0x00000000100001cc                isr_irq12
                0x00000000100001cc                isr_irq9
                0x00000000100001d2                unhandled_user_irq_num_in_r0
 *(.binary_info_header)
 .binary_info_header
                0x00000000100001d4       0x14 CMakeFiles/tinyusb_dev_cdc_dual_ports.dir/home/henr7381/pico/pico-sdk/src/rp2_common/pico_crt0/crt0.S.obj
                0x00000000100001e8                __binary_info_header_end = .
 *(.embedded_block)
                0x00000000100001e8                __embedded_block_end = .
 *(.reset)
 .reset         0x00000000100001e8       0x9c CMakeFiles/tinyusb_dev_cdc_dual_ports.dir/home/henr7381/pico/pico-sdk/src/rp2_common/pico_crt0/crt0.S.obj
                0x00000000100001e8                _entry_point
 *(.init)
 .init          0x0000000010000284        0x4 /usr/lib/gcc/arm-none-eabi/10.3.1/thumb/v6-m/nofp/crti.o
                0x0000000010000284                _init
 *(EXCLUDE_FILE(*libm.a: *libc.a:*lib_a-mem*.o *libgcc.a:) .text*)
 .text          0x0000000010000288       0x98 /usr/lib/gcc/arm-none-eabi/10.3.1/thumb/v6-m/nofp/crtbegin.o
 .text.echo_serial_port
                0x0000000010000320       0x64 CMakeFiles/tinyusb_dev_cdc_dual_ports.dir/src/main.c.obj
 .text.cdc_task
                0x0000000010000384       0x40 CMakeFiles/tinyusb_dev_cdc_dual_ports.dir/src/main.c.obj
 .text.led_blinking_task
                0x00000000100003c4       0x54 CMakeFiles/tinyusb_dev_cdc_dual_ports.dir/src/main.c.obj
 .text.main     0x0000000010000418       0x30 CMakeFiles/tinyusb_dev_cdc_dual_ports.dir/src/main.c.obj
                0x0000000010000418                main
 .text.tud_mount_cb
                0x0000000010000448       0x10 CMakeFiles/tinyusb_dev_cdc_dual_ports.dir/src/main.c.obj
                0x0000000010000448                tud_mount_cb
 .text.tud_umount_cb
                0x0000000010000458        0xc CMakeFiles/tinyusb_dev_cdc_dual_ports.dir/src/main.c.obj
                0x0000000010000458                tud_umount_cb
 .text.tud_cdc_line_state_cb
                0x0000000010000464       0x30 CMakeFiles/tinyusb_dev_cdc_dual_ports.dir/src/main.c.obj
                0x0000000010000464                tud_cdc_line_state_cb
 .text.tud_descriptor_device_cb
                0x0000000010000494        0x8 CMakeFiles/tinyusb_dev_cdc_dual_ports.dir/src/usb_descriptors.c.obj
                0x0000000010000494                tud_descriptor_device_cb
 .text.tud_descriptor_configuration_cb
                0x000000001000049c        0x8 CMakeFiles/tinyusb_dev_cdc_dual_ports.dir/src/usb_descriptors.c.obj
                0x000000001000049c                tud_descriptor_configuration_cb
 .text.tud_descriptor_string_cb
                0x00000000100004a4       0xe0 CMakeFiles/tinyusb_dev_cdc_dual_ports.dir/src/usb_descriptors.c.obj
                0x00000000100004a4                tud_descriptor_string_cb
 .text.gpio_set_function
                0x0000000010000584       0x34 CMakeFiles/tinyusb_dev_cdc_dual_ports.dir/home/henr7381/pico/pico-sdk/src/rp2_common/hardware_gpio/gpio.c.obj
                0x0000000010000584                gpio_set_function
 .text.gpio_get_function
                0x00000000100005b8       0x14 CMakeFiles/tinyusb_dev_cdc_dual_ports.dir/home/henr7381/pico/pico-sdk/src/rp2_common/hardware_gpio/gpio.c.obj
                0x00000000100005b8                gpio_get_function
 .text.gpio_set_pulls
                0x00000000100005cc       0x38 CMakeFiles/tinyusb_dev_cdc_dual_ports.dir/home/henr7381/pico/pico-sdk/src/rp2_common/hardware_gpio/gpio.c.obj
                0x00000000100005cc                gpio_set_pulls
 .text.gpio_set_inover
                0x0000000010000604       0x24 CMakeFiles/tinyusb_dev_cdc_dual_ports.dir/home/henr7381/pico/pico-sdk/src/rp2_common/hardware_gpio/gpio.c.obj
                0x0000000010000604                gpio_set_inover
 .text.gpio_set_oeover
                0x0000000010000628       0x24 CMakeFiles/tinyusb_dev_cdc_dual_ports.dir/home/henr7381/pico/pico-sdk/src/rp2_common/hardware_gpio/gpio.c.obj
                0x0000000010000628                gpio_set_oeover
 .text.gpio_init
                0x000000001000064c       0x16 CMakeFiles/tinyusb_dev_cdc_dual_ports.dir/home/henr7381/pico/pico-sdk/src/rp2_common/hardware_gpio/gpio.c.obj
                0x000000001000064c                gpio_init
 *fill*         0x0000000010000662        0x2 
 .text.rp2040_chip_version
                0x0000000010000664       0x4c CMakeFiles/tinyusb_dev_cdc_dual_ports.dir/home/henr7381/pico/pico-sdk/src/rp2040/pico_platform/platform.c.obj
                0x0000000010000664                rp2040_chip_version
 .text.panic    0x00000000100006b0       0x30 CMakeFiles/tinyusb_dev_cdc_dual_ports.dir/home/henr7381/pico/pico-sdk/src/rp2_common/pico_platform_panic/panic.c.obj
                0x00000000100006b0                panic
 .text.hw_claim_lock
                0x00000000100006e0       0x18 CMakeFiles/tinyusb_dev_cdc_dual_ports.dir/home/henr7381/pico/pico-sdk/src/common/hardware_claim/claim.c.obj
                0x00000000100006e0                hw_claim_lock
 .text.hw_claim_unlock
                0x00000000100006f8       0x14 CMakeFiles/tinyusb_dev_cdc_dual_ports.dir/home/henr7381/pico/pico-sdk/src/common/hardware_claim/claim.c.obj
                0x00000000100006f8                hw_claim_unlock
 .text.hw_claim_or_assert
                0x000000001000070c       0x32 CMakeFiles/tinyusb_dev_cdc_dual_ports.dir/home/henr7381/pico/pico-sdk/src/common/hardware_claim/claim.c.obj
                0x000000001000070c                hw_claim_or_assert
 .text.hw_claim_unused_from_range
                0x000000001000073e       0x50 CMakeFiles/tinyusb_dev_cdc_dual_ports.dir/home/henr7381/pico/pico-sdk/src/common/hardware_claim/claim.c.obj
                0x000000001000073e                hw_claim_unused_from_range
 *fill*         0x000000001000078e        0x2 
 .text.next_striped_spin_lock_num
                0x0000000010000790       0x1c CMakeFiles/tinyusb_dev_cdc_dual_ports.dir/home/henr7381/pico/pico-sdk/src/rp2_common/hardware_sync/sync.c.obj
                0x0000000010000790                next_striped_spin_lock_num
 .text.spin_lock_claim_unused
                0x00000000100007ac       0x20 CMakeFiles/tinyusb_dev_cdc_dual_ports.dir/home/henr7381/pico/pico-sdk/src/rp2_common/hardware_sync/sync.c.obj
                0x00000000100007ac                spin_lock_claim_unused
 .text.spin_locks_reset
                0x00000000100007cc       0x20 CMakeFiles/tinyusb_dev_cdc_dual_ports.dir/home/henr7381/pico/pico-sdk/src/rp2_common/hardware_sync_spin_lock/sync_spin_lock.c.obj
                0x00000000100007cc                spin_locks_reset
 .text.set_raw_irq_handler_and_unlock
                0x00000000100007ec       0x28 CMakeFiles/tinyusb_dev_cdc_dual_ports.dir/home/henr7381/pico/pico-sdk/src/rp2_common/hardware_irq/irq.c.obj
 .text.nvic_ipr0
                0x0000000010000814        0x8 CMakeFiles/tinyusb_dev_cdc_dual_ports.dir/home/henr7381/pico/pico-sdk/src/rp2_common/hardware_irq/irq.c.obj
 .text.runtime_init_per_core_irq_priorities
                0x000000001000081c       0x1c CMakeFiles/tinyusb_dev_cdc_dual_ports.dir/home/henr7381/pico/pico-sdk/src/rp2_common/hardware_irq/irq.c.obj
                0x000000001000081c                runtime_init_per_core_irq_priorities
 .text.make_j_16
                0x0000000010000838       0x4c CMakeFiles/tinyusb_dev_cdc_dual_ports.dir/home/henr7381/pico/pico-sdk/src/rp2_common/hardware_irq/irq.c.obj
 .text.insert_bl_32
                0x0000000010000884       0x40 CMakeFiles/tinyusb_dev_cdc_dual_ports.dir/home/henr7381/pico/pico-sdk/src/rp2_common/hardware_irq/irq.c.obj
 .text.irq_is_enabled
                0x00000000100008c4       0x18 CMakeFiles/tinyusb_dev_cdc_dual_ports.dir/home/henr7381/pico/pico-sdk/src/rp2_common/hardware_irq/irq.c.obj
                0x00000000100008c4                irq_is_enabled
 .text.irq_set_mask_n_enabled
                0x00000000100008dc       0x1c CMakeFiles/tinyusb_dev_cdc_dual_ports.dir/home/henr7381/pico/pico-sdk/src/rp2_common/hardware_irq/irq.c.obj
                0x00000000100008dc                irq_set_mask_n_enabled
 .text.irq_set_enabled
                0x00000000100008f8       0x14 CMakeFiles/tinyusb_dev_cdc_dual_ports.dir/home/henr7381/pico/pico-sdk/src/rp2_common/hardware_irq/irq.c.obj
                0x00000000100008f8                irq_set_enabled
 .text.irq_get_vtable_handler
                0x000000001000090c       0x10 CMakeFiles/tinyusb_dev_cdc_dual_ports.dir/home/henr7381/pico/pico-sdk/src/rp2_common/hardware_irq/irq.c.obj
                0x000000001000090c                irq_get_vtable_handler
 .text.irq_set_exclusive_handler
                0x000000001000091c       0x54 CMakeFiles/tinyusb_dev_cdc_dual_ports.dir/home/henr7381/pico/pico-sdk/src/rp2_common/hardware_irq/irq.c.obj
                0x000000001000091c                irq_set_exclusive_handler
 .text.irq_add_shared_handler
                0x0000000010000970      0x238 CMakeFiles/tinyusb_dev_cdc_dual_ports.dir/home/henr7381/pico/pico-sdk/src/rp2_common/hardware_irq/irq.c.obj
                0x0000000010000970                irq_add_shared_handler
 .text.irq_remove_handler
                0x0000000010000ba8      0x1b0 CMakeFiles/tinyusb_dev_cdc_dual_ports.dir/home/henr7381/pico/pico-sdk/src/rp2_common/hardware_irq/irq.c.obj
                0x0000000010000ba8                irq_remove_handler
 .text.irq_add_tail_to_free_list
                0x0000000010000d58       0xf4 CMakeFiles/tinyusb_dev_cdc_dual_ports.dir/home/henr7381/pico/pico-sdk/src/rp2_common/hardware_irq/irq.c.obj
                0x0000000010000d58                irq_add_tail_to_free_list
 .text.lock_init
                0x0000000010000e4c       0x10 CMakeFiles/tinyusb_dev_cdc_dual_ports.dir/home/henr7381/pico/pico-sdk/src/common/pico_sync/lock_core.c.obj
                0x0000000010000e4c                lock_init
 .text.mutex_init
                0x0000000010000e5c       0x1a CMakeFiles/tinyusb_dev_cdc_dual_ports.dir/home/henr7381/pico/pico-sdk/src/common/pico_sync/mutex.c.obj
                0x0000000010000e5c                mutex_init
 .text.recursive_mutex_init
                0x0000000010000e76       0x1e CMakeFiles/tinyusb_dev_cdc_dual_ports.dir/home/henr7381/pico/pico-sdk/src/common/pico_sync/mutex.c.obj
                0x0000000010000e76                recursive_mutex_init
 .text.runtime_init_mutex
                0x0000000010000e94       0x4c CMakeFiles/tinyusb_dev_cdc_dual_ports.dir/home/henr7381/pico/pico-sdk/src/common/pico_sync/mutex.c.obj
                0x0000000010000e94                runtime_init_mutex
 .text.critical_section_init_with_lock_num
                0x0000000010000ee0       0x14 CMakeFiles/tinyusb_dev_cdc_dual_ports.dir/home/henr7381/pico/pico-sdk/src/common/pico_sync/critical_section.c.obj
                0x0000000010000ee0                critical_section_init_with_lock_num
 .text.critical_section_init
                0x0000000010000ef4       0x14 CMakeFiles/tinyusb_dev_cdc_dual_ports.dir/home/henr7381/pico/pico-sdk/src/common/pico_sync/critical_section.c.obj
                0x0000000010000ef4                critical_section_init
 .text.make_alarm_id
                0x0000000010000f08        0x6 CMakeFiles/tinyusb_dev_cdc_dual_ports.dir/home/henr7381/pico/pico-sdk/src/common/pico_time/time.c.obj
 *fill*         0x0000000010000f0e        0x2 
 .text.sleep_until_callback
                0x0000000010000f10       0x30 CMakeFiles/tinyusb_dev_cdc_dual_ports.dir/home/henr7381/pico/pico-sdk/src/common/pico_time/time.c.obj
 .text.alarm_pool_irq_handler
                0x0000000010000f40      0x2e4 CMakeFiles/tinyusb_dev_cdc_dual_ports.dir/home/henr7381/pico/pico-sdk/src/common/pico_time/time.c.obj
 .text.alarm_pool_post_alloc_init
                0x0000000010001224       0x94 CMakeFiles/tinyusb_dev_cdc_dual_ports.dir/home/henr7381/pico/pico-sdk/src/common/pico_time/time.c.obj
 .text.alarm_pool_get_default
                0x00000000100012b8       0x2c CMakeFiles/tinyusb_dev_cdc_dual_ports.dir/home/henr7381/pico/pico-sdk/src/common/pico_time/time.c.obj
                0x00000000100012b8                alarm_pool_get_default
 .text.alarm_pool_add_alarm_at_force_in_context
                0x00000000100012e4       0xb0 CMakeFiles/tinyusb_dev_cdc_dual_ports.dir/home/henr7381/pico/pico-sdk/src/common/pico_time/time.c.obj
                0x00000000100012e4                alarm_pool_add_alarm_at_force_in_context
 .text.alarm_pool_add_alarm_at
                0x0000000010001394       0x3c CMakeFiles/tinyusb_dev_cdc_dual_ports.dir/home/henr7381/pico/pico-sdk/src/common/pico_time/time.c.obj
                0x0000000010001394                alarm_pool_add_alarm_at
 .text.alarm_pool_cancel_alarm
                0x00000000100013d0       0x78 CMakeFiles/tinyusb_dev_cdc_dual_ports.dir/home/henr7381/pico/pico-sdk/src/common/pico_time/time.c.obj
                0x00000000100013d0                alarm_pool_cancel_alarm
 .text.best_effort_wfe_or_timeout
                0x0000000010001448       0xd8 CMakeFiles/tinyusb_dev_cdc_dual_ports.dir/home/henr7381/pico/pico-sdk/src/common/pico_time/time.c.obj
                0x0000000010001448                best_effort_wfe_or_timeout
 .text.alarm_pool_get_default_timer
                0x0000000010001520        0x8 CMakeFiles/tinyusb_dev_cdc_dual_ports.dir/home/henr7381/pico/pico-sdk/src/common/pico_time/time.c.obj
                0x0000000010001520                alarm_pool_get_default_timer
 .text.runtime_init_default_alarm_pool
                0x0000000010001528       0x38 CMakeFiles/tinyusb_dev_cdc_dual_ports.dir/home/henr7381/pico/pico-sdk/src/common/pico_time/time.c.obj
                0x0000000010001528                runtime_init_default_alarm_pool
 .text.timer_hardware_alarm_claim
                0x0000000010001560       0x14 CMakeFiles/tinyusb_dev_cdc_dual_ports.dir/home/henr7381/pico/pico-sdk/src/rp2_common/hardware_timer/timer.c.obj
                0x0000000010001560                timer_hardware_alarm_claim
 .text.timer_time_us_64
                0x0000000010001574       0x10 CMakeFiles/tinyusb_dev_cdc_dual_ports.dir/home/henr7381/pico/pico-sdk/src/rp2_common/hardware_timer/timer.c.obj
                0x0000000010001574                timer_time_us_64
 .text.timer_busy_wait_until
                0x0000000010001584       0x1a CMakeFiles/tinyusb_dev_cdc_dual_ports.dir/home/henr7381/pico/pico-sdk/src/rp2_common/hardware_timer/timer.c.obj
                0x0000000010001584                timer_busy_wait_until
 .text.timer_busy_wait_us
                0x000000001000159e       0x38 CMakeFiles/tinyusb_dev_cdc_dual_ports.dir/home/henr7381/pico/pico-sdk/src/rp2_common/hardware_timer/timer.c.obj
                0x000000001000159e                timer_busy_wait_us
 *fill*         0x00000000100015d6        0x2 
 .text.time_us_64
                0x00000000100015d8       0x10 CMakeFiles/tinyusb_dev_cdc_dual_ports.dir/home/henr7381/pico/pico-sdk/src/rp2_common/hardware_timer/timer.c.obj
                0x00000000100015d8                time_us_64
 .text.busy_wait_us
                0x00000000100015e8       0x14 CMakeFiles/tinyusb_dev_cdc_dual_ports.dir/home/henr7381/pico/pico-sdk/src/rp2_common/hardware_timer/timer.c.obj
                0x00000000100015e8                busy_wait_us
 .text.uart_disable_before_lcr_write
                0x00000000100015fc       0x48 CMakeFiles/tinyusb_dev_cdc_dual_ports.dir/home/henr7381/pico/pico-sdk/src/rp2_common/hardware_uart/uart.c.obj
 .text.uart_write_lcr_bits_masked
                0x0000000010001644       0x20 CMakeFiles/tinyusb_dev_cdc_dual_ports.dir/home/henr7381/pico/pico-sdk/src/rp2_common/hardware_uart/uart.c.obj
 .text.uart_set_baudrate
                0x0000000010001664       0x5c CMakeFiles/tinyusb_dev_cdc_dual_ports.dir/home/henr7381/pico/pico-sdk/src/rp2_common/hardware_uart/uart.c.obj
                0x0000000010001664                uart_set_baudrate
 .text.uart_set_translate_crlf
                0x00000000100016c0       0x28 CMakeFiles/tinyusb_dev_cdc_dual_ports.dir/home/henr7381/pico/pico-sdk/src/rp2_common/hardware_uart/uart.c.obj
                0x00000000100016c0                uart_set_translate_crlf
 .text.uart_init
                0x00000000100016e8       0x84 CMakeFiles/tinyusb_dev_cdc_dual_ports.dir/home/henr7381/pico/pico-sdk/src/rp2_common/hardware_uart/uart.c.obj
                0x00000000100016e8                uart_init
 .text.clock_configure_internal
                0x000000001000176c       0xc4 CMakeFiles/tinyusb_dev_cdc_dual_ports.dir/home/henr7381/pico/pico-sdk/src/rp2_common/hardware_clocks/clocks.c.obj
 .text.clock_configure_int_divider
                0x0000000010001830       0x28 CMakeFiles/tinyusb_dev_cdc_dual_ports.dir/home/henr7381/pico/pico-sdk/src/rp2_common/hardware_clocks/clocks.c.obj
                0x0000000010001830                clock_configure_int_divider
 .text.clock_configure_undivided
                0x0000000010001858       0x12 CMakeFiles/tinyusb_dev_cdc_dual_ports.dir/home/henr7381/pico/pico-sdk/src/rp2_common/hardware_clocks/clocks.c.obj
                0x0000000010001858                clock_configure_undivided
 *fill*         0x000000001000186a        0x2 
 .text.clock_get_hz
                0x000000001000186c        0xc CMakeFiles/tinyusb_dev_cdc_dual_ports.dir/home/henr7381/pico/pico-sdk/src/rp2_common/hardware_clocks/clocks.c.obj
                0x000000001000186c                clock_get_hz
 .text.pll_init
                0x0000000010001878      0x120 CMakeFiles/tinyusb_dev_cdc_dual_ports.dir/home/henr7381/pico/pico-sdk/src/rp2_common/hardware_pll/pll.c.obj
                0x0000000010001878                pll_init
 .text.tick_start
                0x0000000010001998       0x10 CMakeFiles/tinyusb_dev_cdc_dual_ports.dir/home/henr7381/pico/pico-sdk/src/rp2_common/hardware_ticks/ticks.c.obj
                0x0000000010001998                tick_start
 .text.xosc_init
                0x00000000100019a8       0x28 CMakeFiles/tinyusb_dev_cdc_dual_ports.dir/home/henr7381/pico/pico-sdk/src/rp2_common/hardware_xosc/xosc.c.obj
                0x00000000100019a8                xosc_init
 .text.runtime_run_initializers_from
                0x00000000100019d0       0x18 CMakeFiles/tinyusb_dev_cdc_dual_ports.dir/home/henr7381/pico/pico-sdk/src/rp2_common/pico_runtime/runtime.c.obj
 .text.first_per_core_initializer
                0x00000000100019e8        0x2 CMakeFiles/tinyusb_dev_cdc_dual_ports.dir/home/henr7381/pico/pico-sdk/src/rp2_common/pico_runtime/runtime.c.obj
 *fill*         0x00000000100019ea        0x2 
 .text.runtime_run_initializers
                0x00000000100019ec       0x10 CMakeFiles/tinyusb_dev_cdc_dual_ports.dir/home/henr7381/pico/pico-sdk/src/rp2_common/pico_runtime/runtime.c.obj
                0x00000000100019ec                runtime_run_initializers
 .text.runtime_init_early_resets
                0x00000000100019fc       0x2c CMakeFiles/tinyusb_dev_cdc_dual_ports.dir/home/henr7381/pico/pico-sdk/src/rp2_common/pico_runtime_init/runtime_init.c.obj
                0x00000000100019fc                runtime_init_early_resets
 .text.runtime_init_usb_power_down
                0x0000000010001a28       0x1c CMakeFiles/tinyusb_dev_cdc_dual_ports.dir/home/henr7381/pico/pico-sdk/src/rp2_common/pico_runtime_init/runtime_init.c.obj
                0x0000000010001a28                runtime_init_usb_power_down
 .text.runtime_init_post_clock_resets
                0x0000000010001a44       0x20 CMakeFiles/tinyusb_dev_cdc_dual_ports.dir/home/henr7381/pico/pico-sdk/src/rp2_common/pico_runtime_init/runtime_init.c.obj
                0x0000000010001a44                runtime_init_post_clock_resets
 .text.runtime_init_rp2040_gpio_ie_disable
                0x0000000010001a64       0x14 CMakeFiles/tinyusb_dev_cdc_dual_ports.dir/home/henr7381/pico/pico-sdk/src/rp2_common/pico_runtime_init/runtime_init.c.obj
                0x0000000010001a64                runtime_init_rp2040_gpio_ie_disable
 .text.runtime_init_spin_locks_reset
                0x0000000010001a78        0x8 CMakeFiles/tinyusb_dev_cdc_dual_ports.dir/home/henr7381/pico/pico-sdk/src/rp2_common/pico_runtime_init/runtime_init.c.obj
                0x0000000010001a78                runtime_init_spin_locks_reset
 .text.runtime_init_install_ram_vector_table
                0x0000000010001a80       0x1c CMakeFiles/tinyusb_dev_cdc_dual_ports.dir/home/henr7381/pico/pico-sdk/src/rp2_common/pico_runtime_init/runtime_init.c.obj
                0x0000000010001a80                runtime_init_install_ram_vector_table
 .text.start_all_ticks
                0x0000000010001a9c       0x28 CMakeFiles/tinyusb_dev_cdc_dual_ports.dir/home/henr7381/pico/pico-sdk/src/rp2_common/pico_runtime_init/runtime_init_clocks.c.obj
 .text.runtime_init_clocks
                0x0000000010001ac4       0xcc CMakeFiles/tinyusb_dev_cdc_dual_ports.dir/home/henr7381/pico/pico-sdk/src/rp2_common/pico_runtime_init/runtime_init_clocks.c.obj
                0x0000000010001ac4                runtime_init_clocks
 .text          0x0000000010001b90       0x10 CMakeFiles/tinyusb_dev_cdc_dual_ports.dir/home/henr7381/pico/pico-sdk/src/rp2_common/pico_bit_ops/bit_ops_aeabi.S.obj
 .text.rom_func_lookup
                0x0000000010001ba0       0x10 CMakeFiles/tinyusb_dev_cdc_dual_ports.dir/home/henr7381/pico/pico-sdk/src/rp2_common/pico_bootrom/bootrom.c.obj
                0x0000000010001ba0                rom_func_lookup
 .text.rom_data_lookup
                0x0000000010001bb0       0x10 CMakeFiles/tinyusb_dev_cdc_dual_ports.dir/home/henr7381/pico/pico-sdk/src/rp2_common/pico_bootrom/bootrom.c.obj
                0x0000000010001bb0                rom_data_lookup
 .text.rom_funcs_lookup
                0x0000000010001bc0       0x36 CMakeFiles/tinyusb_dev_cdc_dual_ports.dir/home/henr7381/pico/pico-sdk/src/rp2_common/pico_bootrom/bootrom.c.obj
                0x0000000010001bc0                rom_funcs_lookup
 *fill*         0x0000000010001bf6        0x2 
 .text.__wrap___aeabi_idiv
                0x0000000010001bf8       0x50 CMakeFiles/tinyusb_dev_cdc_dual_ports.dir/home/henr7381/pico/pico-sdk/src/rp2_common/pico_divider/divider_hardware.S.obj
                0x0000000010001bf8                __wrap___aeabi_idivmod
                0x0000000010001bf8                divmod_s32s32
                0x0000000010001bf8                div_s32s32
                0x0000000010001bf8                __wrap___aeabi_idiv
                0x0000000010001c00                divmod_s32s32_unsafe
                0x0000000010001c2c                divmod_s32s32_savestate
 .text.__wrap___aeabi_uidiv
                0x0000000010001c48       0x4c CMakeFiles/tinyusb_dev_cdc_dual_ports.dir/home/henr7381/pico/pico-sdk/src/rp2_common/pico_divider/divider_hardware.S.obj
                0x0000000010001c48                __wrap___aeabi_uidiv
                0x0000000010001c48                __wrap___aeabi_uidivmod
                0x0000000010001c48                div_u32u32
                0x0000000010001c48                divmod_u32u32
                0x0000000010001c50                divmod_u32u32_unsafe
                0x0000000010001c78                divmod_u32u32_savestate
 .text.__wrap___aeabi_ldiv
                0x0000000010001c94      0x424 CMakeFiles/tinyusb_dev_cdc_dual_ports.dir/home/henr7381/pico/pico-sdk/src/rp2_common/pico_divider/divider_hardware.S.obj
                0x0000000010001c94                div_s64s64
                0x0000000010001c94                divmod_s64s64
                0x0000000010001c94                __wrap___aeabi_ldivmod
                0x0000000010001cc4                div_u64u64
                0x0000000010001cc4                divmod_u64u64
                0x0000000010001cc4                __wrap___aeabi_uldivmod
                0x0000000010001cd4                divmod_u64u64_savestate
                0x0000000010001cf4                divmod_s64s64_unsafe
                0x0000000010001d7c                divmod_u64u64_unsafe
 .text.__wrap___aeabi_darithmetic
                0x00000000100020b8       0x80 CMakeFiles/tinyusb_dev_cdc_dual_ports.dir/home/henr7381/pico/pico-sdk/src/rp2_common/pico_double/double_aeabi_rp2040.S.obj
                0x00000000100020b8                __wrap___aeabi_drsub
                0x00000000100020be                __wrap___aeabi_dsub
                0x00000000100020d0                __wrap___aeabi_dadd
                0x00000000100020e2                __wrap___aeabi_ddiv
                0x000000001000211e                __wrap___aeabi_dmul
 .text.__wrap___aeabi_cdcmple
                0x0000000010002138       0x6c CMakeFiles/tinyusb_dev_cdc_dual_ports.dir/home/henr7381/pico/pico-sdk/src/rp2_common/pico_double/double_aeabi_rp2040.S.obj
                0x0000000010002138                __wrap___aeabi_cdrcmple
                0x0000000010002148                __wrap___aeabi_cdcmple
                0x0000000010002148                __wrap___aeabi_cdcmpeq
 .text.__wrap___aeabi_dcmplt
                0x00000000100021a4        0xc CMakeFiles/tinyusb_dev_cdc_dual_ports.dir/home/henr7381/pico/pico-sdk/src/rp2_common/pico_double/double_aeabi_rp2040.S.obj
                0x00000000100021a4                __wrap___aeabi_dcmplt
 .text.__wrap___aeabi_dcmple
                0x00000000100021b0       0x10 CMakeFiles/tinyusb_dev_cdc_dual_ports.dir/home/henr7381/pico/pico-sdk/src/rp2_common/pico_double/double_aeabi_rp2040.S.obj
                0x00000000100021b0                __wrap___aeabi_dcmple
 .text.__wrap___aeabi_dcmpge
                0x00000000100021c0       0x10 CMakeFiles/tinyusb_dev_cdc_dual_ports.dir/home/henr7381/pico/pico-sdk/src/rp2_common/pico_double/double_aeabi_rp2040.S.obj
                0x00000000100021c0                __wrap___aeabi_dcmpge
 .text.__wrap___aeabi_dcmpgt
                0x00000000100021d0        0xa CMakeFiles/tinyusb_dev_cdc_dual_ports.dir/home/henr7381/pico/pico-sdk/src/rp2_common/pico_double/double_aeabi_rp2040.S.obj
                0x00000000100021d0                __wrap___aeabi_dcmpgt
 .text.__wrap___aeabi_dcmpun
                0x00000000100021da       0x18 CMakeFiles/tinyusb_dev_cdc_dual_ports.dir/home/henr7381/pico/pico-sdk/src/rp2_common/pico_double/double_aeabi_rp2040.S.obj
                0x00000000100021da                __wrap___aeabi_dcmpun
 *fill*         0x00000000100021f2        0x2 
 .text.__wrap___aeabi_i2d
                0x00000000100021f4       0x38 CMakeFiles/tinyusb_dev_cdc_dual_ports.dir/home/henr7381/pico/pico-sdk/src/rp2_common/pico_double/double_aeabi_rp2040.S.obj
                0x00000000100021f4                __wrap___aeabi_ui2d
                0x00000000100021fc                __wrap___aeabi_i2d
 .text.__wrap___aeabi_d2iz
                0x000000001000222c       0x48 CMakeFiles/tinyusb_dev_cdc_dual_ports.dir/home/henr7381/pico/pico-sdk/src/rp2_common/pico_double/double_aeabi_rp2040.S.obj
                0x000000001000222c                __wrap___aeabi_d2iz
                0x000000001000222c                double2int_z
 .text.__wrap___aeabi_d2uiz
                0x0000000010002274       0x18 CMakeFiles/tinyusb_dev_cdc_dual_ports.dir/home/henr7381/pico/pico-sdk/src/rp2_common/pico_double/double_aeabi_rp2040.S.obj
                0x0000000010002274                double2uint
                0x0000000010002274                __wrap___aeabi_d2uiz
 .text.__aeabi_double_init
                0x000000001000228c       0xc8 CMakeFiles/tinyusb_dev_cdc_dual_ports.dir/home/henr7381/pico/pico-sdk/src/rp2_common/pico_double/double_init_rom_rp2040.c.obj
                0x000000001000228c                __aeabi_double_init
 .text.double_table_shim_on_use_helper
                0x0000000010002354       0x34 CMakeFiles/tinyusb_dev_cdc_dual_ports.dir/home/henr7381/pico/pico-sdk/src/rp2_common/pico_double/double_v1_rom_shim_rp2040.S.obj
                0x0000000010002354                double_table_shim_on_use_helper
 .text.__wrap___aeabi_dsub
                0x0000000010002388       0x10 CMakeFiles/tinyusb_dev_cdc_dual_ports.dir/home/henr7381/pico/pico-sdk/src/rp2_common/pico_double/double_v1_rom_shim_rp2040.S.obj
                0x0000000010002388                drsub_shim
                0x000000001000238e                dsub_shim
 .text.dadd_shim
                0x0000000010002398      0x15c CMakeFiles/tinyusb_dev_cdc_dual_ports.dir/home/henr7381/pico/pico-sdk/src/rp2_common/pico_double/double_v1_rom_shim_rp2040.S.obj
                0x0000000010002398                dadd_shim
 .text.dmul_shim
                0x00000000100024f4      0x15c CMakeFiles/tinyusb_dev_cdc_dual_ports.dir/home/henr7381/pico/pico-sdk/src/rp2_common/pico_double/double_v1_rom_shim_rp2040.S.obj
                0x00000000100024f4                dmul_shim
 .text.ddiv_shim
                0x0000000010002650      0x1b0 CMakeFiles/tinyusb_dev_cdc_dual_ports.dir/home/henr7381/pico/pico-sdk/src/rp2_common/pico_double/double_v1_rom_shim_rp2040.S.obj
                0x0000000010002650                ddiv_shim
 .text.double2uint_shim
                0x0000000010002800        0xe CMakeFiles/tinyusb_dev_cdc_dual_ports.dir/home/henr7381/pico/pico-sdk/src/rp2_common/pico_double/double_v1_rom_shim_rp2040.S.obj
                0x0000000010002800                double2uint_shim
                0x0000000010002802                double2ufix_shim
 *fill*         0x000000001000280e        0x2 
 .text.double2uint64_shim
                0x0000000010002810       0x70 CMakeFiles/tinyusb_dev_cdc_dual_ports.dir/home/henr7381/pico/pico-sdk/src/rp2_common/pico_double/double_v1_rom_shim_rp2040.S.obj
                0x0000000010002810                double2uint64_shim
                0x0000000010002812                double2ufix64_shim
                0x0000000010002832                d2fix_a
 .text.dunpacks
                0x0000000010002880       0x3c CMakeFiles/tinyusb_dev_cdc_dual_ports.dir/home/henr7381/pico/pico-sdk/src/rp2_common/pico_double/double_v1_rom_shim_rp2040.S.obj
                0x0000000010002880                dunpacks
 .text.__aeabi_lmul
                0x00000000100028bc       0x32 CMakeFiles/tinyusb_dev_cdc_dual_ports.dir/home/henr7381/pico/pico-sdk/src/rp2_common/pico_int64_ops/pico_int64_ops_aeabi.S.obj
                0x00000000100028bc                __wrap___aeabi_lmul
 *fill*         0x00000000100028ee        0x2 
 .text.__aeabi_float_init
                0x00000000100028f0       0xfc CMakeFiles/tinyusb_dev_cdc_dual_ports.dir/home/henr7381/pico/pico-sdk/src/rp2_common/pico_float/float_init_rom_rp2040.c.obj
                0x00000000100028f0                __aeabi_float_init
 .text.float_table_shim_on_use_helper
                0x00000000100029ec       0x34 CMakeFiles/tinyusb_dev_cdc_dual_ports.dir/home/henr7381/pico/pico-sdk/src/rp2_common/pico_float/float_v1_rom_shim_rp2040.S.obj
                0x00000000100029ec                float_table_shim_on_use_helper
 .text          0x0000000010002a20       0x10 CMakeFiles/tinyusb_dev_cdc_dual_ports.dir/home/henr7381/pico/pico-sdk/src/rp2_common/pico_mem_ops/mem_ops_aeabi.S.obj
                0x0000000010002a20                __aeabi_mem_init
 .text.memset   0x0000000010002a30        0xc CMakeFiles/tinyusb_dev_cdc_dual_ports.dir/home/henr7381/pico/pico-sdk/src/rp2_common/pico_mem_ops/mem_ops_aeabi.S.obj
                0x0000000010002a30                __wrap_memset
 .text.memcpy   0x0000000010002a3c        0xc CMakeFiles/tinyusb_dev_cdc_dual_ports.dir/home/henr7381/pico/pico-sdk/src/rp2_common/pico_mem_ops/mem_ops_aeabi.S.obj
                0x0000000010002a3c                __wrap___aeabi_memcpy
                0x0000000010002a3c                __wrap_memcpy
 .text._out_null
                0x0000000010002a48        0x2 CMakeFiles/tinyusb_dev_cdc_dual_ports.dir/home/henr7381/pico/pico-sdk/src/rp2_common/pico_printf/printf.c.obj
 .text._out_fct
                0x0000000010002a4a        0xe CMakeFiles/tinyusb_dev_cdc_dual_ports.dir/home/henr7381/pico/pico-sdk/src/rp2_common/pico_printf/printf.c.obj
 .text._atoi    0x0000000010002a58       0x24 CMakeFiles/tinyusb_dev_cdc_dual_ports.dir/home/henr7381/pico/pico-sdk/src/rp2_common/pico_printf/printf.c.obj
 .text._out_rev
                0x0000000010002a7c       0xae CMakeFiles/tinyusb_dev_cdc_dual_ports.dir/home/henr7381/pico/pico-sdk/src/rp2_common/pico_printf/printf.c.obj
 .text._ntoa_format
                0x0000000010002b2a      0x112 CMakeFiles/tinyusb_dev_cdc_dual_ports.dir/home/henr7381/pico/pico-sdk/src/rp2_common/pico_printf/printf.c.obj
 .text._ntoa_long
                0x0000000010002c3c       0xbc CMakeFiles/tinyusb_dev_cdc_dual_ports.dir/home/henr7381/pico/pico-sdk/src/rp2_common/pico_printf/printf.c.obj
 .text._ntoa_long_long
                0x0000000010002cf8       0xe2 CMakeFiles/tinyusb_dev_cdc_dual_ports.dir/home/henr7381/pico/pico-sdk/src/rp2_common/pico_printf/printf.c.obj
 *fill*         0x0000000010002dda        0x2 
 .text._etoa    0x0000000010002ddc      0x414 CMakeFiles/tinyusb_dev_cdc_dual_ports.dir/home/henr7381/pico/pico-sdk/src/rp2_common/pico_printf/printf.c.obj
 .text._ftoa    0x00000000100031f0      0x354 CMakeFiles/tinyusb_dev_cdc_dual_ports.dir/home/henr7381/pico/pico-sdk/src/rp2_common/pico_printf/printf.c.obj
 .text._vsnprintf
                0x0000000010003544      0x624 CMakeFiles/tinyusb_dev_cdc_dual_ports.dir/home/henr7381/pico/pico-sdk/src/rp2_common/pico_printf/printf.c.obj
 .text.vfctprintf
                0x0000000010003b68       0x20 CMakeFiles/tinyusb_dev_cdc_dual_ports.dir/home/henr7381/pico/pico-sdk/src/rp2_common/pico_printf/printf.c.obj
                0x0000000010003b68                vfctprintf
 .text._exit    0x0000000010003b88        0x4 CMakeFiles/tinyusb_dev_cdc_dual_ports.dir/home/henr7381/pico/pico-sdk/src/rp2_common/pico_clib_interface/newlib_interface.c.obj
                0x0000000010003b88                _exit
 .text.exit     0x0000000010003b8c        0x6 CMakeFiles/tinyusb_dev_cdc_dual_ports.dir/home/henr7381/pico/pico-sdk/src/rp2_common/pico_clib_interface/newlib_interface.c.obj
                0x0000000010003b8c                exit
 *fill*         0x0000000010003b92        0x2 
 .text.__assert_func
                0x0000000010003b94       0x3c CMakeFiles/tinyusb_dev_cdc_dual_ports.dir/home/henr7381/pico/pico-sdk/src/rp2_common/pico_clib_interface/newlib_interface.c.obj
                0x0000000010003b94                __assert_func
 .text.runtime_init
                0x0000000010003bd0       0x28 CMakeFiles/tinyusb_dev_cdc_dual_ports.dir/home/henr7381/pico/pico-sdk/src/rp2_common/pico_clib_interface/newlib_interface.c.obj
                0x0000000010003bd0                runtime_init
 .text.stdio_out_chars_no_crlf
                0x0000000010003bf8        0xe CMakeFiles/tinyusb_dev_cdc_dual_ports.dir/home/henr7381/pico/pico-sdk/src/rp2_common/pico_stdio/stdio.c.obj
 *fill*         0x0000000010003c06        0x2 
 .text.stdio_out_chars_crlf
                0x0000000010003c08       0x80 CMakeFiles/tinyusb_dev_cdc_dual_ports.dir/home/henr7381/pico/pico-sdk/src/rp2_common/pico_stdio/stdio.c.obj
 .text.stdio_stack_buffer_flush
                0x0000000010003c88       0x44 CMakeFiles/tinyusb_dev_cdc_dual_ports.dir/home/henr7381/pico/pico-sdk/src/rp2_common/pico_stdio/stdio.c.obj
 .text.stdio_buffered_printer
                0x0000000010003ccc       0x20 CMakeFiles/tinyusb_dev_cdc_dual_ports.dir/home/henr7381/pico/pico-sdk/src/rp2_common/pico_stdio/stdio.c.obj
 .text.stdout_serialize_begin
                0x0000000010003cec       0x30 CMakeFiles/tinyusb_dev_cdc_dual_ports.dir/home/henr7381/pico/pico-sdk/src/rp2_common/pico_stdio/stdio.c.obj
                0x0000000010003cec                stdout_serialize_begin
 .text.stdout_serialize_end
                0x0000000010003d1c       0x10 CMakeFiles/tinyusb_dev_cdc_dual_ports.dir/home/henr7381/pico/pico-sdk/src/rp2_common/pico_stdio/stdio.c.obj
                0x0000000010003d1c                stdout_serialize_end
 .text.stdio_put_string
                0x0000000010003d2c       0x94 CMakeFiles/tinyusb_dev_cdc_dual_ports.dir/home/henr7381/pico/pico-sdk/src/rp2_common/pico_stdio/stdio.c.obj
                0x0000000010003d2c                stdio_put_string
 .text.stdio_set_driver_enabled
                0x0000000010003dc0       0x2c CMakeFiles/tinyusb_dev_cdc_dual_ports.dir/home/henr7381/pico/pico-sdk/src/rp2_common/pico_stdio/stdio.c.obj
                0x0000000010003dc0                stdio_set_driver_enabled
 .text.stdio_flush
                0x0000000010003dec       0x20 CMakeFiles/tinyusb_dev_cdc_dual_ports.dir/home/henr7381/pico/pico-sdk/src/rp2_common/pico_stdio/stdio.c.obj
                0x0000000010003dec                stdio_flush
 .text.__wrap_puts
                0x0000000010003e0c       0x1e CMakeFiles/tinyusb_dev_cdc_dual_ports.dir/home/henr7381/pico/pico-sdk/src/rp2_common/pico_stdio/stdio.c.obj
                0x0000000010003e0c                __wrap_puts
                0x0000000010003e0c                stdio_puts
 *fill*         0x0000000010003e2a        0x2 
 .text.__wrap_vprintf
                0x0000000010003e2c       0x40 CMakeFiles/tinyusb_dev_cdc_dual_ports.dir/home/henr7381/pico/pico-sdk/src/rp2_common/pico_stdio/stdio.c.obj
                0x0000000010003e2c                __wrap_vprintf
                0x0000000010003e2c                stdio_vprintf
 .text.__wrap_printf
                0x0000000010003e6c       0x18 CMakeFiles/tinyusb_dev_cdc_dual_ports.dir/home/henr7381/pico/pico-sdk/src/rp2_common/pico_stdio/stdio.c.obj
                0x0000000010003e6c                stdio_printf
                0x0000000010003e6c                __wrap_printf
 .text.stdio_uart_out_chars
                0x0000000010003e84       0x74 CMakeFiles/tinyusb_dev_cdc_dual_ports.dir/home/henr7381/pico/pico-sdk/src/rp2_common/pico_stdio_uart/stdio_uart.c.obj
 .text.stdio_uart_in_chars
                0x0000000010003ef8       0x80 CMakeFiles/tinyusb_dev_cdc_dual_ports.dir/home/henr7381/pico/pico-sdk/src/rp2_common/pico_stdio_uart/stdio_uart.c.obj
                0x0000000010003ef8                stdio_uart_in_chars
 .text.on_uart_rx
                0x0000000010003f78       0x28 CMakeFiles/tinyusb_dev_cdc_dual_ports.dir/home/henr7381/pico/pico-sdk/src/rp2_common/pico_stdio_uart/stdio_uart.c.obj
 .text.stdio_uart_out_flush
                0x0000000010003fa0       0x10 CMakeFiles/tinyusb_dev_cdc_dual_ports.dir/home/henr7381/pico/pico-sdk/src/rp2_common/pico_stdio_uart/stdio_uart.c.obj
 .text.stdio_uart_set_chars_available_callback
                0x0000000010003fb0       0x90 CMakeFiles/tinyusb_dev_cdc_dual_ports.dir/home/henr7381/pico/pico-sdk/src/rp2_common/pico_stdio_uart/stdio_uart.c.obj
 .text.stdio_uart_init_full
                0x0000000010004040       0x44 CMakeFiles/tinyusb_dev_cdc_dual_ports.dir/home/henr7381/pico/pico-sdk/src/rp2_common/pico_stdio_uart/stdio_uart.c.obj
                0x0000000010004040                stdio_uart_init_full
 .text.board_get_unique_id
                0x0000000010004084       0x26 CMakeFiles/tinyusb_dev_cdc_dual_ports.dir/home/henr7381/pico/pico-sdk/lib/tinyusb/hw/bsp/rp2040/family.c.obj
                0x0000000010004084                board_get_unique_id
 *fill*         0x00000000100040aa        0x2 
 .text.board_init
                0x00000000100040ac       0x30 CMakeFiles/tinyusb_dev_cdc_dual_ports.dir/home/henr7381/pico/pico-sdk/lib/tinyusb/hw/bsp/rp2040/family.c.obj
                0x00000000100040ac                board_init
 .text.board_led_write
                0x00000000100040dc       0x1c CMakeFiles/tinyusb_dev_cdc_dual_ports.dir/home/henr7381/pico/pico-sdk/lib/tinyusb/hw/bsp/rp2040/family.c.obj
                0x00000000100040dc                board_led_write
 .text._retrieve_unique_id_on_boot
                0x00000000100040f8       0x10 CMakeFiles/tinyusb_dev_cdc_dual_ports.dir/home/henr7381/pico/pico-sdk/src/rp2_common/pico_unique_id/unique_id.c.obj
 .text.pico_get_unique_board_id
                0x0000000010004108       0x10 CMakeFiles/tinyusb_dev_cdc_dual_ports.dir/home/henr7381/pico/pico-sdk/src/rp2_common/pico_unique_id/unique_id.c.obj
                0x0000000010004108                pico_get_unique_board_id
 .text.flash_get_unique_id
                0x0000000010004118       0x46 CMakeFiles/tinyusb_dev_cdc_dual_ports.dir/home/henr7381/pico/pico-sdk/src/rp2_common/hardware_flash/flash.c.obj
                0x0000000010004118                flash_get_unique_id
 *fill*         0x000000001000415e        0x2 
 .text._hw_endpoint_alloc
                0x0000000010004160       0x70 CMakeFiles/tinyusb_dev_cdc_dual_ports.dir/home/henr7381/pico/pico-sdk/lib/tinyusb/src/portable/raspberrypi/rp2040/dcd_rp2040.c.obj
 .text.hw_endpoint_init
                0x00000000100041d0       0xc4 CMakeFiles/tinyusb_dev_cdc_dual_ports.dir/home/henr7381/pico/pico-sdk/lib/tinyusb/src/portable/raspberrypi/rp2040/dcd_rp2040.c.obj
 .text.hw_endpoint_xfer
                0x0000000010004294       0x20 CMakeFiles/tinyusb_dev_cdc_dual_ports.dir/home/henr7381/pico/pico-sdk/lib/tinyusb/src/portable/raspberrypi/rp2040/dcd_rp2040.c.obj
 .text.dcd_int_enable
                0x00000000100042b4       0x2c CMakeFiles/tinyusb_dev_cdc_dual_ports.dir/home/henr7381/pico/pico-sdk/lib/tinyusb/src/portable/raspberrypi/rp2040/dcd_rp2040.c.obj
                0x00000000100042b4                dcd_int_enable
 .text.dcd_set_address
                0x00000000100042e0       0x2c CMakeFiles/tinyusb_dev_cdc_dual_ports.dir/home/henr7381/pico/pico-sdk/lib/tinyusb/src/portable/raspberrypi/rp2040/dcd_rp2040.c.obj
                0x00000000100042e0                dcd_set_address
 .text.dcd_connect
                0x000000001000430c       0x10 CMakeFiles/tinyusb_dev_cdc_dual_ports.dir/home/henr7381/pico/pico-sdk/lib/tinyusb/src/portable/raspberrypi/rp2040/dcd_rp2040.c.obj
                0x000000001000430c                dcd_connect
 .text.dcd_init
                0x000000001000431c       0x80 CMakeFiles/tinyusb_dev_cdc_dual_ports.dir/home/henr7381/pico/pico-sdk/lib/tinyusb/src/portable/raspberrypi/rp2040/dcd_rp2040.c.obj
                0x000000001000431c                dcd_init
 .text.dcd_sof_enable
                0x000000001000439c       0x1c CMakeFiles/tinyusb_dev_cdc_dual_ports.dir/home/henr7381/pico/pico-sdk/lib/tinyusb/src/portable/raspberrypi/rp2040/dcd_rp2040.c.obj
                0x000000001000439c                dcd_sof_enable
 .text.dcd_edpt0_status_complete
                0x00000000100043b8       0x1c CMakeFiles/tinyusb_dev_cdc_dual_ports.dir/home/henr7381/pico/pico-sdk/lib/tinyusb/src/portable/raspberrypi/rp2040/dcd_rp2040.c.obj
                0x00000000100043b8                dcd_edpt0_status_complete
 .text.dcd_edpt_open
                0x00000000100043d4       0x40 CMakeFiles/tinyusb_dev_cdc_dual_ports.dir/home/henr7381/pico/pico-sdk/lib/tinyusb/src/portable/raspberrypi/rp2040/dcd_rp2040.c.obj
                0x00000000100043d4                dcd_edpt_open
 .text.dcd_edpt_close_all
                0x0000000010004414        0x8 CMakeFiles/tinyusb_dev_cdc_dual_ports.dir/home/henr7381/pico/pico-sdk/lib/tinyusb/src/portable/raspberrypi/rp2040/dcd_rp2040.c.obj
                0x0000000010004414                dcd_edpt_close_all
 .text.dcd_edpt_xfer
                0x000000001000441c       0x30 CMakeFiles/tinyusb_dev_cdc_dual_ports.dir/home/henr7381/pico/pico-sdk/lib/tinyusb/src/portable/raspberrypi/rp2040/dcd_rp2040.c.obj
                0x000000001000441c                dcd_edpt_xfer
 .text.dcd_edpt_stall
                0x000000001000444c       0x3c CMakeFiles/tinyusb_dev_cdc_dual_ports.dir/home/henr7381/pico/pico-sdk/lib/tinyusb/src/portable/raspberrypi/rp2040/dcd_rp2040.c.obj
                0x000000001000444c                dcd_edpt_stall
 .text.dcd_edpt_clear_stall
                0x0000000010004488       0x30 CMakeFiles/tinyusb_dev_cdc_dual_ports.dir/home/henr7381/pico/pico-sdk/lib/tinyusb/src/portable/raspberrypi/rp2040/dcd_rp2040.c.obj
                0x0000000010004488                dcd_edpt_clear_stall
 .text.unaligned_memcpy
                0x00000000100044b8       0x14 CMakeFiles/tinyusb_dev_cdc_dual_ports.dir/home/henr7381/pico/pico-sdk/lib/tinyusb/src/portable/raspberrypi/rp2040/rp2040_usb.c.obj
 .text.rp2040_usb_init
                0x00000000100044cc       0x44 CMakeFiles/tinyusb_dev_cdc_dual_ports.dir/home/henr7381/pico/pico-sdk/lib/tinyusb/src/portable/raspberrypi/rp2040/rp2040_usb.c.obj
                0x00000000100044cc                rp2040_usb_init
 .text.hw_endpoint_xfer_start
                0x0000000010004510       0x60 CMakeFiles/tinyusb_dev_cdc_dual_ports.dir/home/henr7381/pico/pico-sdk/lib/tinyusb/src/portable/raspberrypi/rp2040/rp2040_usb.c.obj
                0x0000000010004510                hw_endpoint_xfer_start
 .text.tud_vendor_control_xfer_cb
                0x0000000010004570        0x4 CMakeFiles/tinyusb_dev_cdc_dual_ports.dir/home/henr7381/pico/pico-sdk/lib/tinyusb/src/device/usbd.c.obj
                0x0000000010004570                tud_vendor_control_xfer_cb
 .text.configuration_reset
                0x0000000010004574       0x80 CMakeFiles/tinyusb_dev_cdc_dual_ports.dir/home/henr7381/pico/pico-sdk/lib/tinyusb/src/device/usbd.c.obj
 .text.usbd_reset
                0x00000000100045f4        0xc CMakeFiles/tinyusb_dev_cdc_dual_ports.dir/home/henr7381/pico/pico-sdk/lib/tinyusb/src/device/usbd.c.obj
 .text.invoke_class_control
                0x0000000010004600       0x1a CMakeFiles/tinyusb_dev_cdc_dual_ports.dir/home/henr7381/pico/pico-sdk/lib/tinyusb/src/device/usbd.c.obj
 *fill*         0x000000001000461a        0x2 
 .text.process_set_config
                0x000000001000461c      0x190 CMakeFiles/tinyusb_dev_cdc_dual_ports.dir/home/henr7381/pico/pico-sdk/lib/tinyusb/src/device/usbd.c.obj
 .text.tud_event_hook_cb
                0x00000000100047ac        0x2 CMakeFiles/tinyusb_dev_cdc_dual_ports.dir/home/henr7381/pico/pico-sdk/lib/tinyusb/src/device/usbd.c.obj
                0x00000000100047ac                tud_event_hook_cb
 .text.tud_sof_cb
                0x00000000100047ae        0x2 CMakeFiles/tinyusb_dev_cdc_dual_ports.dir/home/henr7381/pico/pico-sdk/lib/tinyusb/src/device/usbd.c.obj
                0x00000000100047ae                tud_sof_cb
 .text.tud_descriptor_bos_cb
                0x00000000100047b0        0x4 CMakeFiles/tinyusb_dev_cdc_dual_ports.dir/home/henr7381/pico/pico-sdk/lib/tinyusb/src/device/usbd.c.obj
                0x00000000100047b0                tud_descriptor_bos_cb
 .text.tud_descriptor_device_qualifier_cb
                0x00000000100047b4        0x4 CMakeFiles/tinyusb_dev_cdc_dual_ports.dir/home/henr7381/pico/pico-sdk/lib/tinyusb/src/device/usbd.c.obj
                0x00000000100047b4                tud_descriptor_device_qualifier_cb
 .text.tud_descriptor_other_speed_configuration_cb
                0x00000000100047b8        0x4 CMakeFiles/tinyusb_dev_cdc_dual_ports.dir/home/henr7381/pico/pico-sdk/lib/tinyusb/src/device/usbd.c.obj
                0x00000000100047b8                tud_descriptor_other_speed_configuration_cb
 .text.process_get_descriptor
                0x00000000100047bc       0xe0 CMakeFiles/tinyusb_dev_cdc_dual_ports.dir/home/henr7381/pico/pico-sdk/lib/tinyusb/src/device/usbd.c.obj
 .text.tud_suspend_cb
                0x000000001000489c        0x2 CMakeFiles/tinyusb_dev_cdc_dual_ports.dir/home/henr7381/pico/pico-sdk/lib/tinyusb/src/device/usbd.c.obj
                0x000000001000489c                tud_suspend_cb
 .text.tud_resume_cb
                0x000000001000489e        0x2 CMakeFiles/tinyusb_dev_cdc_dual_ports.dir/home/henr7381/pico/pico-sdk/lib/tinyusb/src/device/usbd.c.obj
                0x000000001000489e                tud_resume_cb
 .text.tud_mounted
                0x00000000100048a0       0x10 CMakeFiles/tinyusb_dev_cdc_dual_ports.dir/home/henr7381/pico/pico-sdk/lib/tinyusb/src/device/usbd.c.obj
                0x00000000100048a0                tud_mounted
 .text.tud_suspended
                0x00000000100048b0       0x10 CMakeFiles/tinyusb_dev_cdc_dual_ports.dir/home/henr7381/pico/pico-sdk/lib/tinyusb/src/device/usbd.c.obj
                0x00000000100048b0                tud_suspended
 .text.tud_inited
                0x00000000100048c0       0x14 CMakeFiles/tinyusb_dev_cdc_dual_ports.dir/home/henr7381/pico/pico-sdk/lib/tinyusb/src/device/usbd.c.obj
                0x00000000100048c0                tud_inited
 .text.tud_init
                0x00000000100048d4       0xd8 CMakeFiles/tinyusb_dev_cdc_dual_ports.dir/home/henr7381/pico/pico-sdk/lib/tinyusb/src/device/usbd.c.obj
                0x00000000100048d4                tud_init
 .text.usbd_edpt_open
                0x00000000100049ac       0x60 CMakeFiles/tinyusb_dev_cdc_dual_ports.dir/home/henr7381/pico/pico-sdk/lib/tinyusb/src/device/usbd.c.obj
                0x00000000100049ac                usbd_edpt_open
 .text.usbd_open_edpt_pair
                0x0000000010004a0c       0x8c CMakeFiles/tinyusb_dev_cdc_dual_ports.dir/home/henr7381/pico/pico-sdk/lib/tinyusb/src/device/usbd.c.obj
                0x0000000010004a0c                usbd_open_edpt_pair
 .text.usbd_edpt_claim
                0x0000000010004a98       0x28 CMakeFiles/tinyusb_dev_cdc_dual_ports.dir/home/henr7381/pico/pico-sdk/lib/tinyusb/src/device/usbd.c.obj
                0x0000000010004a98                usbd_edpt_claim
 .text.usbd_edpt_release
                0x0000000010004ac0       0x28 CMakeFiles/tinyusb_dev_cdc_dual_ports.dir/home/henr7381/pico/pico-sdk/lib/tinyusb/src/device/usbd.c.obj
                0x0000000010004ac0                usbd_edpt_release
 .text.usbd_edpt_xfer
                0x0000000010004ae8       0x88 CMakeFiles/tinyusb_dev_cdc_dual_ports.dir/home/henr7381/pico/pico-sdk/lib/tinyusb/src/device/usbd.c.obj
                0x0000000010004ae8                usbd_edpt_xfer
 .text.usbd_edpt_stall
                0x0000000010004b70       0x34 CMakeFiles/tinyusb_dev_cdc_dual_ports.dir/home/henr7381/pico/pico-sdk/lib/tinyusb/src/device/usbd.c.obj
                0x0000000010004b70                usbd_edpt_stall
 .text.usbd_edpt_clear_stall
                0x0000000010004ba4       0x34 CMakeFiles/tinyusb_dev_cdc_dual_ports.dir/home/henr7381/pico/pico-sdk/lib/tinyusb/src/device/usbd.c.obj
                0x0000000010004ba4                usbd_edpt_clear_stall
 .text.usbd_edpt_stalled
                0x0000000010004bd8       0x1c CMakeFiles/tinyusb_dev_cdc_dual_ports.dir/home/henr7381/pico/pico-sdk/lib/tinyusb/src/device/usbd.c.obj
                0x0000000010004bd8                usbd_edpt_stalled
 .text.process_control_request
                0x0000000010004bf4      0x390 CMakeFiles/tinyusb_dev_cdc_dual_ports.dir/home/henr7381/pico/pico-sdk/lib/tinyusb/src/device/usbd.c.obj
 .text.tud_task_ext
                0x0000000010004f84      0x1d4 CMakeFiles/tinyusb_dev_cdc_dual_ports.dir/home/henr7381/pico/pico-sdk/lib/tinyusb/src/device/usbd.c.obj
                0x0000000010004f84                tud_task_ext
 .text._data_stage_xact
                0x0000000010005158       0x60 CMakeFiles/tinyusb_dev_cdc_dual_ports.dir/home/henr7381/pico/pico-sdk/lib/tinyusb/src/device/usbd_control.c.obj
 .text.tud_control_status
                0x00000000100051b8       0x38 CMakeFiles/tinyusb_dev_cdc_dual_ports.dir/home/henr7381/pico/pico-sdk/lib/tinyusb/src/device/usbd_control.c.obj
                0x00000000100051b8                tud_control_status
 .text.tud_control_xfer
                0x00000000100051f0       0xa8 CMakeFiles/tinyusb_dev_cdc_dual_ports.dir/home/henr7381/pico/pico-sdk/lib/tinyusb/src/device/usbd_control.c.obj
                0x00000000100051f0                tud_control_xfer
 .text.usbd_control_reset
                0x0000000010005298       0x14 CMakeFiles/tinyusb_dev_cdc_dual_ports.dir/home/henr7381/pico/pico-sdk/lib/tinyusb/src/device/usbd_control.c.obj
                0x0000000010005298                usbd_control_reset
 .text.usbd_control_set_complete_callback
                0x00000000100052ac        0xc CMakeFiles/tinyusb_dev_cdc_dual_ports.dir/home/henr7381/pico/pico-sdk/lib/tinyusb/src/device/usbd_control.c.obj
                0x00000000100052ac                usbd_control_set_complete_callback
 .text.usbd_control_set_request
                0x00000000100052b8       0x1c CMakeFiles/tinyusb_dev_cdc_dual_ports.dir/home/henr7381/pico/pico-sdk/lib/tinyusb/src/device/usbd_control.c.obj
                0x00000000100052b8                usbd_control_set_request
 .text.usbd_control_xfer_cb
                0x00000000100052d4       0xf4 CMakeFiles/tinyusb_dev_cdc_dual_ports.dir/home/henr7381/pico/pico-sdk/lib/tinyusb/src/device/usbd_control.c.obj
                0x00000000100052d4                usbd_control_xfer_cb
 .text._prep_out_transaction
                0x00000000100053c8       0x70 CMakeFiles/tinyusb_dev_cdc_dual_ports.dir/home/henr7381/pico/pico-sdk/lib/tinyusb/src/class/cdc/cdc_device.c.obj
 .text.tud_cdc_n_get_line_coding
                0x0000000010005438       0x24 CMakeFiles/tinyusb_dev_cdc_dual_ports.dir/home/henr7381/pico/pico-sdk/lib/tinyusb/src/class/cdc/cdc_device.c.obj
                0x0000000010005438                tud_cdc_n_get_line_coding
 .text.tud_cdc_n_available
                0x000000001000545c       0x20 CMakeFiles/tinyusb_dev_cdc_dual_ports.dir/home/henr7381/pico/pico-sdk/lib/tinyusb/src/class/cdc/cdc_device.c.obj
                0x000000001000545c                tud_cdc_n_available
 .text.tud_cdc_n_read
                0x000000001000547c       0x40 CMakeFiles/tinyusb_dev_cdc_dual_ports.dir/home/henr7381/pico/pico-sdk/lib/tinyusb/src/class/cdc/cdc_device.c.obj
                0x000000001000547c                tud_cdc_n_read
 .text.tud_cdc_n_write_flush
                0x00000000100054bc       0xdc CMakeFiles/tinyusb_dev_cdc_dual_ports.dir/home/henr7381/pico/pico-sdk/lib/tinyusb/src/class/cdc/cdc_device.c.obj
                0x00000000100054bc                tud_cdc_n_write_flush
 .text.tud_cdc_n_write
                0x0000000010005598       0x4c CMakeFiles/tinyusb_dev_cdc_dual_ports.dir/home/henr7381/pico/pico-sdk/lib/tinyusb/src/class/cdc/cdc_device.c.obj
                0x0000000010005598                tud_cdc_n_write
 .text.cdcd_init
                0x00000000100055e4       0xc8 CMakeFiles/tinyusb_dev_cdc_dual_ports.dir/home/henr7381/pico/pico-sdk/lib/tinyusb/src/class/cdc/cdc_device.c.obj
                0x00000000100055e4                cdcd_init
 .text.cdcd_deinit
                0x00000000100056ac       0x5c CMakeFiles/tinyusb_dev_cdc_dual_ports.dir/home/henr7381/pico/pico-sdk/lib/tinyusb/src/class/cdc/cdc_device.c.obj
                0x00000000100056ac                cdcd_deinit
 .text.cdcd_reset
                0x0000000010005708       0x88 CMakeFiles/tinyusb_dev_cdc_dual_ports.dir/home/henr7381/pico/pico-sdk/lib/tinyusb/src/class/cdc/cdc_device.c.obj
                0x0000000010005708                cdcd_reset
 .text.cdcd_open
                0x0000000010005790      0x104 CMakeFiles/tinyusb_dev_cdc_dual_ports.dir/home/henr7381/pico/pico-sdk/lib/tinyusb/src/class/cdc/cdc_device.c.obj
                0x0000000010005790                cdcd_open
 .text.cdcd_control_xfer_cb
                0x0000000010005894      0x130 CMakeFiles/tinyusb_dev_cdc_dual_ports.dir/home/henr7381/pico/pico-sdk/lib/tinyusb/src/class/cdc/cdc_device.c.obj
                0x0000000010005894                cdcd_control_xfer_cb
 .text.cdcd_xfer_cb
                0x00000000100059c4      0x140 CMakeFiles/tinyusb_dev_cdc_dual_ports.dir/home/henr7381/pico/pico-sdk/lib/tinyusb/src/class/cdc/cdc_device.c.obj
                0x00000000100059c4                cdcd_xfer_cb
 .text.tu_edpt_claim
                0x0000000010005b04       0x50 CMakeFiles/tinyusb_dev_cdc_dual_ports.dir/home/henr7381/pico/pico-sdk/lib/tinyusb/src/tusb.c.obj
                0x0000000010005b04                tu_edpt_claim
 .text.tu_edpt_release
                0x0000000010005b54       0x3c CMakeFiles/tinyusb_dev_cdc_dual_ports.dir/home/henr7381/pico/pico-sdk/lib/tinyusb/src/tusb.c.obj
                0x0000000010005b54                tu_edpt_release
 .text.tu_edpt_validate
                0x0000000010005b90       0xac CMakeFiles/tinyusb_dev_cdc_dual_ports.dir/home/henr7381/pico/pico-sdk/lib/tinyusb/src/tusb.c.obj
                0x0000000010005b90                tu_edpt_validate
 .text.tu_edpt_bind_driver
                0x0000000010005c3c       0x26 CMakeFiles/tinyusb_dev_cdc_dual_ports.dir/home/henr7381/pico/pico-sdk/lib/tinyusb/src/tusb.c.obj
                0x0000000010005c3c                tu_edpt_bind_driver
 .text.advance_index
                0x0000000010005c62       0x1a CMakeFiles/tinyusb_dev_cdc_dual_ports.dir/home/henr7381/pico/pico-sdk/lib/tinyusb/src/common/tusb_fifo.c.obj
 .text._tu_fifo_peek
                0x0000000010005c7c       0x56 CMakeFiles/tinyusb_dev_cdc_dual_ports.dir/home/henr7381/pico/pico-sdk/lib/tinyusb/src/common/tusb_fifo.c.obj
 .text._ff_pull_n
                0x0000000010005cd2       0x68 CMakeFiles/tinyusb_dev_cdc_dual_ports.dir/home/henr7381/pico/pico-sdk/lib/tinyusb/src/common/tusb_fifo.c.obj
 .text._tu_fifo_peek_n
                0x0000000010005d3a       0x6a CMakeFiles/tinyusb_dev_cdc_dual_ports.dir/home/henr7381/pico/pico-sdk/lib/tinyusb/src/common/tusb_fifo.c.obj
 .text._tu_fifo_read_n
                0x0000000010005da4       0x4e CMakeFiles/tinyusb_dev_cdc_dual_ports.dir/home/henr7381/pico/pico-sdk/lib/tinyusb/src/common/tusb_fifo.c.obj
 .text._ff_push_n
                0x0000000010005df2       0x68 CMakeFiles/tinyusb_dev_cdc_dual_ports.dir/home/henr7381/pico/pico-sdk/lib/tinyusb/src/common/tusb_fifo.c.obj
 .text._tu_fifo_write_n
                0x0000000010005e5a       0xf0 CMakeFiles/tinyusb_dev_cdc_dual_ports.dir/home/henr7381/pico/pico-sdk/lib/tinyusb/src/common/tusb_fifo.c.obj
 .text.tu_fifo_config
                0x0000000010005f4a       0x7c CMakeFiles/tinyusb_dev_cdc_dual_ports.dir/home/henr7381/pico/pico-sdk/lib/tinyusb/src/common/tusb_fifo.c.obj
                0x0000000010005f4a                tu_fifo_config
 .text.tu_fifo_count
                0x0000000010005fc6       0x2a CMakeFiles/tinyusb_dev_cdc_dual_ports.dir/home/henr7381/pico/pico-sdk/lib/tinyusb/src/common/tusb_fifo.c.obj
                0x0000000010005fc6                tu_fifo_count
 .text.tu_fifo_empty
                0x0000000010005ff0       0x10 CMakeFiles/tinyusb_dev_cdc_dual_ports.dir/home/henr7381/pico/pico-sdk/lib/tinyusb/src/common/tusb_fifo.c.obj
                0x0000000010005ff0                tu_fifo_empty
 .text.tu_fifo_full
                0x0000000010006000       0x28 CMakeFiles/tinyusb_dev_cdc_dual_ports.dir/home/henr7381/pico/pico-sdk/lib/tinyusb/src/common/tusb_fifo.c.obj
                0x0000000010006000                tu_fifo_full
 .text.tu_fifo_remaining
                0x0000000010006028       0x2c CMakeFiles/tinyusb_dev_cdc_dual_ports.dir/home/henr7381/pico/pico-sdk/lib/tinyusb/src/common/tusb_fifo.c.obj
                0x0000000010006028                tu_fifo_remaining
 .text.tu_fifo_read
                0x0000000010006054       0x42 CMakeFiles/tinyusb_dev_cdc_dual_ports.dir/home/henr7381/pico/pico-sdk/lib/tinyusb/src/common/tusb_fifo.c.obj
                0x0000000010006054                tu_fifo_read
 .text.tu_fifo_read_n
                0x0000000010006096        0xa CMakeFiles/tinyusb_dev_cdc_dual_ports.dir/home/henr7381/pico/pico-sdk/lib/tinyusb/src/common/tusb_fifo.c.obj
                0x0000000010006096                tu_fifo_read_n
 .text.tu_fifo_write
                0x00000000100060a0       0x64 CMakeFiles/tinyusb_dev_cdc_dual_ports.dir/home/henr7381/pico/pico-sdk/lib/tinyusb/src/common/tusb_fifo.c.obj
                0x00000000100060a0                tu_fifo_write
 .text.tu_fifo_write_n
                0x0000000010006104        0xa CMakeFiles/tinyusb_dev_cdc_dual_ports.dir/home/henr7381/pico/pico-sdk/lib/tinyusb/src/common/tusb_fifo.c.obj
                0x0000000010006104                tu_fifo_write_n
 .text.tu_fifo_clear
                0x000000001000610e       0x3e CMakeFiles/tinyusb_dev_cdc_dual_ports.dir/home/henr7381/pico/pico-sdk/lib/tinyusb/src/common/tusb_fifo.c.obj
                0x000000001000610e                tu_fifo_clear
 .text.tu_fifo_set_overwritable
                0x000000001000614c       0x46 CMakeFiles/tinyusb_dev_cdc_dual_ports.dir/home/henr7381/pico/pico-sdk/lib/tinyusb/src/common/tusb_fifo.c.obj
                0x000000001000614c                tu_fifo_set_overwritable
 *fill*         0x0000000010006192        0x2 
 .text.hw_enumeration_fix_finish
                0x0000000010006194       0x40 CMakeFiles/tinyusb_dev_cdc_dual_ports.dir/home/henr7381/pico/pico-sdk/src/rp2_common/pico_fix/rp2040_usb_device_enumeration/rp2040_usb_device_enumeration.c.obj
 .text.hw_enumeration_fix_force_ls_j_done
                0x00000000100061d4        0xc CMakeFiles/tinyusb_dev_cdc_dual_ports.dir/home/henr7381/pico/pico-sdk/src/rp2_common/pico_fix/rp2040_usb_device_enumeration/rp2040_usb_device_enumeration.c.obj
                0x00000000100061d4                hw_enumeration_fix_force_ls_j_done
 .text.hw_enumeration_fix_force_ls_j
                0x00000000100061e0      0x100 CMakeFiles/tinyusb_dev_cdc_dual_ports.dir/home/henr7381/pico/pico-sdk/src/rp2_common/pico_fix/rp2040_usb_device_enumeration/rp2040_usb_device_enumeration.c.obj
 .text.hw_enumeration_fix_wait_se0_callback
                0x00000000100062e0       0x24 CMakeFiles/tinyusb_dev_cdc_dual_ports.dir/home/henr7381/pico/pico-sdk/src/rp2_common/pico_fix/rp2040_usb_device_enumeration/rp2040_usb_device_enumeration.c.obj
                0x00000000100062e0                hw_enumeration_fix_wait_se0_callback
 .text.hw_enumeration_fix_wait_se0
                0x0000000010006304       0x5c CMakeFiles/tinyusb_dev_cdc_dual_ports.dir/home/henr7381/pico/pico-sdk/src/rp2_common/pico_fix/rp2040_usb_device_enumeration/rp2040_usb_device_enumeration.c.obj
 .text.rp2040_usb_device_enumeration_fix
                0x0000000010006360       0x12 CMakeFiles/tinyusb_dev_cdc_dual_ports.dir/home/henr7381/pico/pico-sdk/src/rp2_common/pico_fix/rp2040_usb_device_enumeration/rp2040_usb_device_enumeration.c.obj
                0x0000000010006360                rp2040_usb_device_enumeration_fix
 *fill*         0x0000000010006372        0x2 
 .text          0x0000000010006374       0x5c /usr/lib/gcc/arm-none-eabi/10.3.1/../../../arm-none-eabi/lib/thumb/v6-m/nofp/libg.a(lib_a-strlen-stub.o)
                0x0000000010006374                strlen
 *(.fini)
 .fini          0x00000000100063d0        0x4 /usr/lib/gcc/arm-none-eabi/10.3.1/thumb/v6-m/nofp/crti.o
                0x00000000100063d0                _fini
 *fill*         0x00000000100063d4        0x4 
 .fini.__stub   0x00000000100063d8       0xc0 linker stubs
 *crtbegin.o(.ctors)
 *crtbegin?.o(.ctors)
 *(EXCLUDE_FILE(*crtend.o *crtend?.o) .ctors)
 *(SORT_BY_NAME(.ctors.*))
 *(.ctors)
 *crtbegin.o(.dtors)
 *crtbegin?.o(.dtors)
 *(EXCLUDE_FILE(*crtend.o *crtend?.o) .dtors)
 *(SORT_BY_NAME(.dtors.*))
 *(.dtors)
                0x0000000010006498                . = ALIGN (0x4)
                0x0000000010006498                PROVIDE (__preinit_array_start = .)
 *(SORT_BY_NAME(.preinit_array.*))
 .preinit_array.00100
                0x0000000010006498        0x4 CMakeFiles/tinyusb_dev_cdc_dual_ports.dir/home/henr7381/pico/pico-sdk/src/rp2_common/pico_runtime_init/runtime_init.c.obj
                0x0000000010006498                __pre_init_runtime_init_early_resets
 .preinit_array.00101
                0x000000001000649c        0x4 CMakeFiles/tinyusb_dev_cdc_dual_ports.dir/home/henr7381/pico/pico-sdk/src/rp2_common/pico_runtime_init/runtime_init.c.obj
                0x000000001000649c                __pre_init_runtime_init_usb_power_down
 .preinit_array.00275
                0x00000000100064a0        0x4 CMakeFiles/tinyusb_dev_cdc_dual_ports.dir/home/henr7381/pico/pico-sdk/src/rp2_common/pico_bit_ops/bit_ops_aeabi.S.obj
 .preinit_array.00300
                0x00000000100064a4        0x4 CMakeFiles/tinyusb_dev_cdc_dual_ports.dir/home/henr7381/pico/pico-sdk/src/rp2_common/pico_mem_ops/mem_ops_aeabi.S.obj
 .preinit_array.00350
                0x00000000100064a8        0x4 CMakeFiles/tinyusb_dev_cdc_dual_ports.dir/home/henr7381/pico/pico-sdk/src/rp2_common/pico_double/double_aeabi_rp2040.S.obj
 .preinit_array.00350
                0x00000000100064ac        0x4 CMakeFiles/tinyusb_dev_cdc_dual_ports.dir/home/henr7381/pico/pico-sdk/src/rp2_common/pico_float/float_aeabi_rp2040.S.obj
 .preinit_array.00500
                0x00000000100064b0        0x4 CMakeFiles/tinyusb_dev_cdc_dual_ports.dir/home/henr7381/pico/pico-sdk/src/rp2_common/pico_runtime_init/runtime_init.c.obj
                0x00000000100064b0                __pre_init_runtime_init_clocks
 .preinit_array.00600
                0x00000000100064b4        0x4 CMakeFiles/tinyusb_dev_cdc_dual_ports.dir/home/henr7381/pico/pico-sdk/src/rp2_common/pico_runtime_init/runtime_init.c.obj
                0x00000000100064b4                __pre_init_runtime_init_post_clock_resets
 .preinit_array.00700
                0x00000000100064b8        0x4 CMakeFiles/tinyusb_dev_cdc_dual_ports.dir/home/henr7381/pico/pico-sdk/src/rp2_common/pico_runtime_init/runtime_init.c.obj
                0x00000000100064b8                __pre_init_runtime_init_rp2040_gpio_ie_disable
 .preinit_array.01000
                0x00000000100064bc        0x4 CMakeFiles/tinyusb_dev_cdc_dual_ports.dir/home/henr7381/pico/pico-sdk/src/rp2_common/pico_runtime_init/runtime_init.c.obj
                0x00000000100064bc                __pre_init_runtime_init_spin_locks_reset
 .preinit_array.01100
                0x00000000100064c0        0x4 CMakeFiles/tinyusb_dev_cdc_dual_ports.dir/home/henr7381/pico/pico-sdk/src/common/pico_sync/mutex.c.obj
                0x00000000100064c0                __pre_init_runtime_init_mutex
 .preinit_array.10080
                0x00000000100064c4        0x4 CMakeFiles/tinyusb_dev_cdc_dual_ports.dir/home/henr7381/pico/pico-sdk/src/rp2_common/pico_runtime_init/runtime_init.c.obj
                0x00000000100064c4                __pre_init_runtime_init_install_ram_vector_table
 .preinit_array.11000
                0x00000000100064c8        0x4 CMakeFiles/tinyusb_dev_cdc_dual_ports.dir/home/henr7381/pico/pico-sdk/src/common/pico_time/time.c.obj
                0x00000000100064c8                __pre_init_runtime_init_default_alarm_pool
 .preinit_array.YYYYY
                0x00000000100064cc        0x4 CMakeFiles/tinyusb_dev_cdc_dual_ports.dir/home/henr7381/pico/pico-sdk/src/rp2_common/pico_runtime/runtime.c.obj
                0x00000000100064cc                __pre_init_first_per_core_initializer
 .preinit_array.ZZZZZ.01200
                0x00000000100064d0        0x4 CMakeFiles/tinyusb_dev_cdc_dual_ports.dir/home/henr7381/pico/pico-sdk/src/rp2_common/hardware_irq/irq.c.obj
                0x00000000100064d0                __pre_init_runtime_init_per_core_irq_priorities
 *(.preinit_array)
                0x00000000100064d4                PROVIDE (__preinit_array_end = .)
                0x00000000100064d4                . = ALIGN (0x4)
                0x00000000100064d4                PROVIDE (__init_array_start = .)
 *(SORT_BY_NAME(.init_array.*))
 *(.init_array)
 .init_array    0x00000000100064d4        0x4 /usr/lib/gcc/arm-none-eabi/10.3.1/thumb/v6-m/nofp/crtbegin.o
 .init_array    0x00000000100064d8        0x4 CMakeFiles/tinyusb_dev_cdc_dual_ports.dir/home/henr7381/pico/pico-sdk/src/rp2_common/pico_unique_id/unique_id.c.obj
                0x00000000100064dc                PROVIDE (__init_array_end = .)
                0x00000000100064dc                . = ALIGN (0x4)
                0x00000000100064dc                PROVIDE (__fini_array_start = .)
 *(SORT_BY_NAME(.fini_array.*))
 *(.fini_array)
                0x00000000100064dc                PROVIDE (__fini_array_end = .)
 *(.eh_frame*)
 .eh_frame      0x00000000100064dc        0x0 /usr/lib/gcc/arm-none-eabi/10.3.1/thumb/v6-m/nofp/crtbegin.o
                0x00000000100064dc                . = ALIGN (0x4)

.glue_7         0x00000000100064dc        0x0
 .glue_7        0x00000000100064dc        0x0 linker stubs

.glue_7t        0x00000000100064dc        0x0
 .glue_7t       0x00000000100064dc        0x0 linker stubs

.vfp11_veneer   0x00000000100064dc        0x0
 .vfp11_veneer  0x00000000100064dc        0x0 linker stubs

.v4_bx          0x00000000100064dc        0x0
 .v4_bx         0x00000000100064dc        0x0 linker stubs

.iplt           0x00000000100064dc        0x0
 .iplt          0x00000000100064dc        0x0 /usr/lib/gcc/arm-none-eabi/10.3.1/thumb/v6-m/nofp/crtbegin.o

.rodata         0x00000000100064e0     0x1380
 *(EXCLUDE_FILE(*libm.a: *libc.a:*lib_a-mem*.o *libgcc.a:) .rodata*)
 .rodata.tud_descriptor_string_cb.str1.4
                0x00000000100064e0       0x11 CMakeFiles/tinyusb_dev_cdc_dual_ports.dir/src/usb_descriptors.c.obj
 *fill*         0x00000000100064f1        0x3 
 .rodata.str1.4
                0x00000000100064f4       0x24 CMakeFiles/tinyusb_dev_cdc_dual_ports.dir/src/usb_descriptors.c.obj
 .rodata.__compound_literal.0
                0x0000000010006518        0x2 CMakeFiles/tinyusb_dev_cdc_dual_ports.dir/src/usb_descriptors.c.obj
 *fill*         0x000000001000651a        0x2 
 .rodata.desc_device
                0x000000001000651c       0x12 CMakeFiles/tinyusb_dev_cdc_dual_ports.dir/src/usb_descriptors.c.obj
                0x000000001000651c                desc_device
 *fill*         0x000000001000652e        0x2 
 .rodata.desc_fs_configuration
                0x0000000010006530       0x8d CMakeFiles/tinyusb_dev_cdc_dual_ports.dir/src/usb_descriptors.c.obj
                0x0000000010006530                desc_fs_configuration
 *fill*         0x00000000100065bd        0x3 
 .rodata.rp2040_chip_version.str1.4
                0x00000000100065c0       0x79 CMakeFiles/tinyusb_dev_cdc_dual_ports.dir/home/henr7381/pico/pico-sdk/src/rp2040/pico_platform/platform.c.obj
 *fill*         0x0000000010006639        0x3 
 .rodata.__func__.0
                0x000000001000663c       0x14 CMakeFiles/tinyusb_dev_cdc_dual_ports.dir/home/henr7381/pico/pico-sdk/src/rp2040/pico_platform/platform.c.obj
 .rodata.panic.str1.4
                0x0000000010006650       0x12 CMakeFiles/tinyusb_dev_cdc_dual_ports.dir/home/henr7381/pico/pico-sdk/src/rp2_common/pico_platform_panic/panic.c.obj
 *fill*         0x0000000010006662        0x2 
 .rodata.spin_lock_claim_unused.str1.4
                0x0000000010006664       0x1b CMakeFiles/tinyusb_dev_cdc_dual_ports.dir/home/henr7381/pico/pico-sdk/src/rp2_common/hardware_sync/sync.c.obj
 *fill*         0x000000001000667f        0x1 
 .rodata.make_j_16.str1.4
                0x0000000010006680       0x6f CMakeFiles/tinyusb_dev_cdc_dual_ports.dir/home/henr7381/pico/pico-sdk/src/rp2_common/hardware_irq/irq.c.obj
 *fill*         0x00000000100066ef        0x1 
 .rodata.insert_bl_32.str1.4
                0x00000000100066f0       0x10 CMakeFiles/tinyusb_dev_cdc_dual_ports.dir/home/henr7381/pico/pico-sdk/src/rp2_common/hardware_irq/irq.c.obj
 .rodata.irq_set_exclusive_handler.str1.4
                0x0000000010006700       0x36 CMakeFiles/tinyusb_dev_cdc_dual_ports.dir/home/henr7381/pico/pico-sdk/src/rp2_common/hardware_irq/irq.c.obj
 *fill*         0x0000000010006736        0x2 
 .rodata.irq_add_shared_handler.str1.4
                0x0000000010006738       0xe9 CMakeFiles/tinyusb_dev_cdc_dual_ports.dir/home/henr7381/pico/pico-sdk/src/rp2_common/hardware_irq/irq.c.obj
 *fill*         0x0000000010006821        0x3 
 .rodata.irq_remove_handler.str1.4
                0x0000000010006824       0x3a CMakeFiles/tinyusb_dev_cdc_dual_ports.dir/home/henr7381/pico/pico-sdk/src/rp2_common/hardware_irq/irq.c.obj
 *fill*         0x000000001000685e        0x2 
 .rodata.irq_add_tail_to_free_list.str1.4
                0x0000000010006860       0x3a CMakeFiles/tinyusb_dev_cdc_dual_ports.dir/home/henr7381/pico/pico-sdk/src/rp2_common/hardware_irq/irq.c.obj
 *fill*         0x000000001000689a        0x2 
 .rodata.__func__.0
                0x000000001000689c       0x1a CMakeFiles/tinyusb_dev_cdc_dual_ports.dir/home/henr7381/pico/pico-sdk/src/rp2_common/hardware_irq/irq.c.obj
 *fill*         0x00000000100068b6        0x2 
 .rodata.__func__.1
                0x00000000100068b8        0xd CMakeFiles/tinyusb_dev_cdc_dual_ports.dir/home/henr7381/pico/pico-sdk/src/rp2_common/hardware_irq/irq.c.obj
 *fill*         0x00000000100068c5        0x3 
 .rodata.__func__.2
                0x00000000100068c8       0x13 CMakeFiles/tinyusb_dev_cdc_dual_ports.dir/home/henr7381/pico/pico-sdk/src/rp2_common/hardware_irq/irq.c.obj
 *fill*         0x00000000100068db        0x1 
 .rodata.__func__.3
                0x00000000100068dc        0xa CMakeFiles/tinyusb_dev_cdc_dual_ports.dir/home/henr7381/pico/pico-sdk/src/rp2_common/hardware_irq/irq.c.obj
 *fill*         0x00000000100068e6        0x2 
 .rodata.__func__.4
                0x00000000100068e8        0xd CMakeFiles/tinyusb_dev_cdc_dual_ports.dir/home/henr7381/pico/pico-sdk/src/rp2_common/hardware_irq/irq.c.obj
 *fill*         0x00000000100068f5        0x3 
 .rodata.__func__.5
                0x00000000100068f8       0x17 CMakeFiles/tinyusb_dev_cdc_dual_ports.dir/home/henr7381/pico/pico-sdk/src/rp2_common/hardware_irq/irq.c.obj
 *fill*         0x000000001000690f        0x1 
 .rodata.__func__.6
                0x0000000010006910       0x1a CMakeFiles/tinyusb_dev_cdc_dual_ports.dir/home/henr7381/pico/pico-sdk/src/rp2_common/hardware_irq/irq.c.obj
 *fill*         0x000000001000692a        0x2 
 .rodata.runtime_init_mutex.str1.4
                0x000000001000692c       0x5a CMakeFiles/tinyusb_dev_cdc_dual_ports.dir/home/henr7381/pico/pico-sdk/src/common/pico_sync/mutex.c.obj
 *fill*         0x0000000010006986        0x2 
 .rodata.str1.4
                0x0000000010006988       0x51 CMakeFiles/tinyusb_dev_cdc_dual_ports.dir/home/henr7381/pico/pico-sdk/src/common/pico_sync/mutex.c.obj
 *fill*         0x00000000100069d9        0x3 
 .rodata.__func__.1
                0x00000000100069dc        0xb CMakeFiles/tinyusb_dev_cdc_dual_ports.dir/home/henr7381/pico/pico-sdk/src/common/pico_sync/mutex.c.obj
 *fill*         0x00000000100069e7        0x1 
 .rodata.__func__.3
                0x00000000100069e8       0x18 CMakeFiles/tinyusb_dev_cdc_dual_ports.dir/home/henr7381/pico/pico-sdk/src/common/pico_sync/mutex.c.obj
 .rodata.__func__.6
                0x0000000010006a00       0x13 CMakeFiles/tinyusb_dev_cdc_dual_ports.dir/home/henr7381/pico/pico-sdk/src/common/pico_sync/mutex.c.obj
 *fill*         0x0000000010006a13        0x1 
 .rodata.alarm_pool_irq_handler.str1.4
                0x0000000010006a14       0x65 CMakeFiles/tinyusb_dev_cdc_dual_ports.dir/home/henr7381/pico/pico-sdk/src/common/pico_time/time.c.obj
 *fill*         0x0000000010006a79        0x3 
 .rodata.alarm_pool_get_default.str1.4
                0x0000000010006a7c       0x21 CMakeFiles/tinyusb_dev_cdc_dual_ports.dir/home/henr7381/pico/pico-sdk/src/common/pico_time/time.c.obj
 *fill*         0x0000000010006a9d        0x3 
 .rodata.__func__.1
                0x0000000010006aa0       0x17 CMakeFiles/tinyusb_dev_cdc_dual_ports.dir/home/henr7381/pico/pico-sdk/src/common/pico_time/time.c.obj
 *fill*         0x0000000010006ab7        0x1 
 .rodata.__func__.2
                0x0000000010006ab8       0x17 CMakeFiles/tinyusb_dev_cdc_dual_ports.dir/home/henr7381/pico/pico-sdk/src/common/pico_time/time.c.obj
 *fill*         0x0000000010006acf        0x1 
 .rodata.timer_hardware_alarm_claim.str1.4
                0x0000000010006ad0       0x22 CMakeFiles/tinyusb_dev_cdc_dual_ports.dir/home/henr7381/pico/pico-sdk/src/rp2_common/hardware_timer/timer.c.obj
 *fill*         0x0000000010006af2        0x2 
 .rodata.pll_init.str1.4
                0x0000000010006af4      0x114 CMakeFiles/tinyusb_dev_cdc_dual_ports.dir/home/henr7381/pico/pico-sdk/src/rp2_common/hardware_pll/pll.c.obj
 .rodata.__func__.0
                0x0000000010006c08        0x9 CMakeFiles/tinyusb_dev_cdc_dual_ports.dir/home/henr7381/pico/pico-sdk/src/rp2_common/hardware_pll/pll.c.obj
 *fill*         0x0000000010006c11        0x3 
 .rodata.__aeabi_double_init.str1.4
                0x0000000010006c14       0x95 CMakeFiles/tinyusb_dev_cdc_dual_ports.dir/home/henr7381/pico/pico-sdk/src/rp2_common/pico_double/double_init_rom_rp2040.c.obj
 *fill*         0x0000000010006ca9        0x3 
 .rodata.__func__.0
                0x0000000010006cac       0x14 CMakeFiles/tinyusb_dev_cdc_dual_ports.dir/home/henr7381/pico/pico-sdk/src/rp2_common/pico_double/double_init_rom_rp2040.c.obj
 .rodata.__aeabi_float_init.str1.4
                0x0000000010006cc0       0x83 CMakeFiles/tinyusb_dev_cdc_dual_ports.dir/home/henr7381/pico/pico-sdk/src/rp2_common/pico_float/float_init_rom_rp2040.c.obj
                                         0x87 (size before relaxing)
 *fill*         0x0000000010006d43        0x1 
 .rodata.__func__.0
                0x0000000010006d44       0x13 CMakeFiles/tinyusb_dev_cdc_dual_ports.dir/home/henr7381/pico/pico-sdk/src/rp2_common/pico_float/float_init_rom_rp2040.c.obj
 *fill*         0x0000000010006d57        0x1 
 .rodata.str1.4
                0x0000000010006d58       0x40 CMakeFiles/tinyusb_dev_cdc_dual_ports.dir/home/henr7381/pico/pico-sdk/src/rp2_common/pico_standard_binary_info/standard_binary_info.c.obj
 .rodata.__bi_26
                0x0000000010006d98        0xc CMakeFiles/tinyusb_dev_cdc_dual_ports.dir/home/henr7381/pico/pico-sdk/src/rp2_common/pico_standard_binary_info/standard_binary_info.c.obj
 .rodata.__bi_34
                0x0000000010006da4        0xc CMakeFiles/tinyusb_dev_cdc_dual_ports.dir/home/henr7381/pico/pico-sdk/src/rp2_common/pico_standard_binary_info/standard_binary_info.c.obj
 .rodata.__bi_42
                0x0000000010006db0        0xc CMakeFiles/tinyusb_dev_cdc_dual_ports.dir/home/henr7381/pico/pico-sdk/src/rp2_common/pico_standard_binary_info/standard_binary_info.c.obj
 .rodata.__bi_48
                0x0000000010006dbc        0xc CMakeFiles/tinyusb_dev_cdc_dual_ports.dir/home/henr7381/pico/pico-sdk/src/rp2_common/pico_standard_binary_info/standard_binary_info.c.obj
 .rodata.__bi_54
                0x0000000010006dc8        0xc CMakeFiles/tinyusb_dev_cdc_dual_ports.dir/home/henr7381/pico/pico-sdk/src/rp2_common/pico_standard_binary_info/standard_binary_info.c.obj
 .rodata.__bi_84
                0x0000000010006dd4        0xc CMakeFiles/tinyusb_dev_cdc_dual_ports.dir/home/henr7381/pico/pico-sdk/src/rp2_common/pico_standard_binary_info/standard_binary_info.c.obj
 .rodata._ftoa.str1.4
                0x0000000010006de0       0x15 CMakeFiles/tinyusb_dev_cdc_dual_ports.dir/home/henr7381/pico/pico-sdk/src/rp2_common/pico_printf/printf.c.obj
 *fill*         0x0000000010006df5        0x3 
 .rodata._vsnprintf
                0x0000000010006df8      0x1e0 CMakeFiles/tinyusb_dev_cdc_dual_ports.dir/home/henr7381/pico/pico-sdk/src/rp2_common/pico_printf/printf.c.obj
 .rodata.pow10.0
                0x0000000010006fd8       0x50 CMakeFiles/tinyusb_dev_cdc_dual_ports.dir/home/henr7381/pico/pico-sdk/src/rp2_common/pico_printf/printf.c.obj
 .rodata.__assert_func.str1.4
                0x0000000010007028       0x3f CMakeFiles/tinyusb_dev_cdc_dual_ports.dir/home/henr7381/pico/pico-sdk/src/rp2_common/pico_clib_interface/newlib_interface.c.obj
                                         0x43 (size before relaxing)
 *fill*         0x0000000010007067        0x1 
 .rodata.crlf_str.0
                0x0000000010007068        0x2 CMakeFiles/tinyusb_dev_cdc_dual_ports.dir/home/henr7381/pico/pico-sdk/src/rp2_common/pico_stdio/stdio.c.obj
 *fill*         0x000000001000706a        0x2 
 .rodata.str1.4
                0x000000001000706c        0x4 CMakeFiles/tinyusb_dev_cdc_dual_ports.dir/home/henr7381/pico/pico-sdk/lib/tinyusb/hw/bsp/rp2040/family.c.obj
 .rodata.__bi_147.0
                0x0000000010007070        0xc CMakeFiles/tinyusb_dev_cdc_dual_ports.dir/home/henr7381/pico/pico-sdk/lib/tinyusb/hw/bsp/rp2040/family.c.obj
 .rodata.__bi_157.1
                0x000000001000707c        0x8 CMakeFiles/tinyusb_dev_cdc_dual_ports.dir/home/henr7381/pico/pico-sdk/lib/tinyusb/hw/bsp/rp2040/family.c.obj
 .rodata.str1.4
                0x0000000010007084      0x191 CMakeFiles/tinyusb_dev_cdc_dual_ports.dir/home/henr7381/pico/pico-sdk/src/rp2_common/hardware_flash/flash.c.obj
 *fill*         0x0000000010007215        0x3 
 .rodata.__func__.0
                0x0000000010007218        0xd CMakeFiles/tinyusb_dev_cdc_dual_ports.dir/home/henr7381/pico/pico-sdk/src/rp2_common/hardware_flash/flash.c.obj
 *fill*         0x0000000010007225        0x3 
 .rodata._hw_endpoint_alloc.str1.4
                0x0000000010007228       0xb9 CMakeFiles/tinyusb_dev_cdc_dual_ports.dir/home/henr7381/pico/pico-sdk/lib/tinyusb/src/portable/raspberrypi/rp2040/dcd_rp2040.c.obj
 *fill*         0x00000000100072e1        0x3 
 .rodata.str1.4
                0x00000000100072e4       0x14 CMakeFiles/tinyusb_dev_cdc_dual_ports.dir/home/henr7381/pico/pico-sdk/lib/tinyusb/src/portable/raspberrypi/rp2040/dcd_rp2040.c.obj
 .rodata.dcd_int_enable.str1.4
                0x00000000100072f8        0xc CMakeFiles/tinyusb_dev_cdc_dual_ports.dir/home/henr7381/pico/pico-sdk/lib/tinyusb/src/portable/raspberrypi/rp2040/dcd_rp2040.c.obj
 .rodata.__func__.0
                0x0000000010007304        0xe CMakeFiles/tinyusb_dev_cdc_dual_ports.dir/home/henr7381/pico/pico-sdk/lib/tinyusb/src/portable/raspberrypi/rp2040/dcd_rp2040.c.obj
 *fill*         0x0000000010007312        0x2 
 .rodata.__func__.1
                0x0000000010007314        0xe CMakeFiles/tinyusb_dev_cdc_dual_ports.dir/home/henr7381/pico/pico-sdk/lib/tinyusb/src/portable/raspberrypi/rp2040/dcd_rp2040.c.obj
 *fill*         0x0000000010007322        0x2 
 .rodata.__func__.3
                0x0000000010007324       0x10 CMakeFiles/tinyusb_dev_cdc_dual_ports.dir/home/henr7381/pico/pico-sdk/lib/tinyusb/src/portable/raspberrypi/rp2040/dcd_rp2040.c.obj
 .rodata.__func__.5
                0x0000000010007334        0xf CMakeFiles/tinyusb_dev_cdc_dual_ports.dir/home/henr7381/pico/pico-sdk/lib/tinyusb/src/portable/raspberrypi/rp2040/dcd_rp2040.c.obj
 *fill*         0x0000000010007343        0x1 
 .rodata.__func__.6
                0x0000000010007344       0x13 CMakeFiles/tinyusb_dev_cdc_dual_ports.dir/home/henr7381/pico/pico-sdk/lib/tinyusb/src/portable/raspberrypi/rp2040/dcd_rp2040.c.obj
 *fill*         0x0000000010007357        0x1 
 .rodata.__func__.7
                0x0000000010007358        0x9 CMakeFiles/tinyusb_dev_cdc_dual_ports.dir/home/henr7381/pico/pico-sdk/lib/tinyusb/src/portable/raspberrypi/rp2040/dcd_rp2040.c.obj
 *fill*         0x0000000010007361        0x3 
 .rodata.str1.4
                0x0000000010007364       0xe0 CMakeFiles/tinyusb_dev_cdc_dual_ports.dir/home/henr7381/pico/pico-sdk/lib/tinyusb/src/portable/raspberrypi/rp2040/rp2040_usb.c.obj
 .rodata.hw_endpoint_xfer_start.str1.4
                0x0000000010007444       0x38 CMakeFiles/tinyusb_dev_cdc_dual_ports.dir/home/henr7381/pico/pico-sdk/lib/tinyusb/src/portable/raspberrypi/rp2040/rp2040_usb.c.obj
 .rodata.__func__.0
                0x000000001000747c        0xf CMakeFiles/tinyusb_dev_cdc_dual_ports.dir/home/henr7381/pico/pico-sdk/lib/tinyusb/src/portable/raspberrypi/rp2040/rp2040_usb.c.obj
 *fill*         0x000000001000748b        0x1 
 .rodata.configuration_reset.str1.4
                0x000000001000748c       0x17 CMakeFiles/tinyusb_dev_cdc_dual_ports.dir/home/henr7381/pico/pico-sdk/lib/tinyusb/src/device/usbd.c.obj
 *fill*         0x00000000100074a3        0x1 
 .rodata.process_get_descriptor
                0x00000000100074a4       0x40 CMakeFiles/tinyusb_dev_cdc_dual_ports.dir/home/henr7381/pico/pico-sdk/lib/tinyusb/src/device/usbd.c.obj
 .rodata        0x00000000100074e4       0x1c CMakeFiles/tinyusb_dev_cdc_dual_ports.dir/home/henr7381/pico/pico-sdk/lib/tinyusb/src/device/usbd.c.obj
 .rodata.process_control_request
                0x0000000010007500       0x28 CMakeFiles/tinyusb_dev_cdc_dual_ports.dir/home/henr7381/pico/pico-sdk/lib/tinyusb/src/device/usbd.c.obj
 .rodata.tud_task_ext
                0x0000000010007528       0x24 CMakeFiles/tinyusb_dev_cdc_dual_ports.dir/home/henr7381/pico/pico-sdk/lib/tinyusb/src/device/usbd.c.obj
 .rodata.__func__.10
                0x000000001000754c       0x18 CMakeFiles/tinyusb_dev_cdc_dual_ports.dir/home/henr7381/pico/pico-sdk/lib/tinyusb/src/device/usbd.c.obj
 .rodata.__func__.11
                0x0000000010007564       0x14 CMakeFiles/tinyusb_dev_cdc_dual_ports.dir/home/henr7381/pico/pico-sdk/lib/tinyusb/src/device/usbd.c.obj
 .rodata.__func__.12
                0x0000000010007578        0xd CMakeFiles/tinyusb_dev_cdc_dual_ports.dir/home/henr7381/pico/pico-sdk/lib/tinyusb/src/device/usbd.c.obj
 *fill*         0x0000000010007585        0x3 
 .rodata.__func__.13
                0x0000000010007588        0x9 CMakeFiles/tinyusb_dev_cdc_dual_ports.dir/home/henr7381/pico/pico-sdk/lib/tinyusb/src/device/usbd.c.obj
 *fill*         0x0000000010007591        0x3 
 .rodata.__func__.4
                0x0000000010007594        0xf CMakeFiles/tinyusb_dev_cdc_dual_ports.dir/home/henr7381/pico/pico-sdk/lib/tinyusb/src/device/usbd.c.obj
 *fill*         0x00000000100075a3        0x1 
 .rodata.__func__.5
                0x00000000100075a4        0xf CMakeFiles/tinyusb_dev_cdc_dual_ports.dir/home/henr7381/pico/pico-sdk/lib/tinyusb/src/device/usbd.c.obj
 *fill*         0x00000000100075b3        0x1 
 .rodata.__func__.6
                0x00000000100075b4       0x14 CMakeFiles/tinyusb_dev_cdc_dual_ports.dir/home/henr7381/pico/pico-sdk/lib/tinyusb/src/device/usbd.c.obj
 .rodata.__func__.7
                0x00000000100075c8        0xc CMakeFiles/tinyusb_dev_cdc_dual_ports.dir/home/henr7381/pico/pico-sdk/lib/tinyusb/src/device/usbd.c.obj
 .rodata.__func__.8
                0x00000000100075d4       0x17 CMakeFiles/tinyusb_dev_cdc_dual_ports.dir/home/henr7381/pico/pico-sdk/lib/tinyusb/src/device/usbd.c.obj
 *fill*         0x00000000100075eb        0x1 
 .rodata.__func__.9
                0x00000000100075ec       0x13 CMakeFiles/tinyusb_dev_cdc_dual_ports.dir/home/henr7381/pico/pico-sdk/lib/tinyusb/src/device/usbd.c.obj
 *fill*         0x00000000100075ff        0x1 
 .rodata._usbd_driver
                0x0000000010007600       0x20 CMakeFiles/tinyusb_dev_cdc_dual_ports.dir/home/henr7381/pico/pico-sdk/lib/tinyusb/src/device/usbd.c.obj
 .rodata.tud_control_xfer.str1.4
                0x0000000010007620       0x17 CMakeFiles/tinyusb_dev_cdc_dual_ports.dir/home/henr7381/pico/pico-sdk/lib/tinyusb/src/device/usbd_control.c.obj
 .rodata.__func__.0
                0x0000000010007620       0x15 CMakeFiles/tinyusb_dev_cdc_dual_ports.dir/home/henr7381/pico/pico-sdk/lib/tinyusb/src/device/usbd_control.c.obj
 *fill*         0x0000000010007635        0x3 
 .rodata.__func__.1
                0x0000000010007638       0x11 CMakeFiles/tinyusb_dev_cdc_dual_ports.dir/home/henr7381/pico/pico-sdk/lib/tinyusb/src/device/usbd_control.c.obj
 .rodata.tud_cdc_n_write_flush.str1.4
                0x0000000010007649       0x17 CMakeFiles/tinyusb_dev_cdc_dual_ports.dir/home/henr7381/pico/pico-sdk/lib/tinyusb/src/class/cdc/cdc_device.c.obj
 *fill*         0x0000000010007649        0x3 
 .rodata.__func__.0
                0x000000001000764c        0xd CMakeFiles/tinyusb_dev_cdc_dual_ports.dir/home/henr7381/pico/pico-sdk/lib/tinyusb/src/class/cdc/cdc_device.c.obj
 *fill*         0x0000000010007659        0x3 
 .rodata.__func__.1
                0x000000001000765c        0xa CMakeFiles/tinyusb_dev_cdc_dual_ports.dir/home/henr7381/pico/pico-sdk/lib/tinyusb/src/class/cdc/cdc_device.c.obj
 *fill*         0x0000000010007666        0x2 
 .rodata.__func__.3
                0x0000000010007668       0x16 CMakeFiles/tinyusb_dev_cdc_dual_ports.dir/home/henr7381/pico/pico-sdk/lib/tinyusb/src/class/cdc/cdc_device.c.obj
 .rodata.tu_edpt_validate.str1.4
                0x000000001000767e       0x17 CMakeFiles/tinyusb_dev_cdc_dual_ports.dir/home/henr7381/pico/pico-sdk/lib/tinyusb/src/tusb.c.obj
 *fill*         0x000000001000767e        0x2 
 .rodata.__func__.3
                0x0000000010007680       0x11 CMakeFiles/tinyusb_dev_cdc_dual_ports.dir/home/henr7381/pico/pico-sdk/lib/tinyusb/src/tusb.c.obj
 *fill*         0x0000000010007691        0x3 
 .rodata.hw_enumeration_fix_force_ls_j.str1.4
                0x0000000010007694       0xa8 CMakeFiles/tinyusb_dev_cdc_dual_ports.dir/home/henr7381/pico/pico-sdk/src/rp2_common/pico_fix/rp2040_usb_device_enumeration/rp2040_usb_device_enumeration.c.obj
 .rodata.__func__.0
                0x000000001000773c       0x1e CMakeFiles/tinyusb_dev_cdc_dual_ports.dir/home/henr7381/pico/pico-sdk/src/rp2_common/pico_fix/rp2040_usb_device_enumeration/rp2040_usb_device_enumeration.c.obj
 *fill*         0x000000001000775a        0x2 
 .rodata        0x000000001000775c      0x101 /usr/lib/gcc/arm-none-eabi/10.3.1/../../../arm-none-eabi/lib/thumb/v6-m/nofp/libg.a(lib_a-ctype_.o)
                0x000000001000775c                _ctype_
                0x0000000010007860                . = ALIGN (0x4)
 *fill*         0x000000001000785d        0x3 
 *(SORT_BY_ALIGNMENT(SORT_BY_NAME(.flashdata*)))
                0x0000000010007860                . = ALIGN (0x4)

.ARM.extab
 *(.ARM.extab* .gnu.linkonce.armextab.*)
                0x0000000010007860                __exidx_start = .

.ARM.exidx
 *(.ARM.exidx* .gnu.linkonce.armexidx.*)
                0x0000000010007860                __exidx_end = .
                0x0000000010007860                . = ALIGN (0x4)
                0x0000000010007860                __binary_info_start = .

.binary_info    0x0000000010007860       0x20
 *(.binary_info.keep.*)
 .binary_info.keep.__bi_ptr26
                0x0000000010007860        0x4 CMakeFiles/tinyusb_dev_cdc_dual_ports.dir/home/henr7381/pico/pico-sdk/src/rp2_common/pico_standard_binary_info/standard_binary_info.c.obj
 .binary_info.keep.__bi_ptr34
                0x0000000010007864        0x4 CMakeFiles/tinyusb_dev_cdc_dual_ports.dir/home/henr7381/pico/pico-sdk/src/rp2_common/pico_standard_binary_info/standard_binary_info.c.obj
 .binary_info.keep.__bi_ptr42
                0x0000000010007868        0x4 CMakeFiles/tinyusb_dev_cdc_dual_ports.dir/home/henr7381/pico/pico-sdk/src/rp2_common/pico_standard_binary_info/standard_binary_info.c.obj
 .binary_info.keep.__bi_ptr48
                0x000000001000786c        0x4 CMakeFiles/tinyusb_dev_cdc_dual_ports.dir/home/henr7381/pico/pico-sdk/src/rp2_common/pico_standard_binary_info/standard_binary_info.c.obj
 .binary_info.keep.__bi_ptr54