Archive member included to satisfy reference by file (symbol)

/usr/lib/gcc/arm-none-eabi/10.3.1/thumb/v6-m/nofp/libgcc.a(_dvmd_tls.o)
                              CMakeFiles/tinyusb_host_msc_file_explorer.dir/home/henr7381/pico/pico-sdk/src/rp2_common/pico_divider/divider_hardware.S.obj (__aeabi_idiv0)
/usr/lib/gcc/arm-none-eabi/10.3.1/../../../arm-none-eabi/lib/thumb/v6-m/nofp/libg.a(lib_a-atexit.o)
                              /usr/lib/gcc/arm-none-eabi/10.3.1/../../../arm-none-eabi/lib/thumb/v6-m/nofp/crt0.o (atexit)
/usr/lib/gcc/arm-none-eabi/10.3.1/../../../arm-none-eabi/lib/thumb/v6-m/nofp/libg.a(lib_a-calloc.o)
                              CMakeFiles/tinyusb_host_msc_file_explorer.dir/home/henr7381/pico/pico-sdk/src/rp2_common/pico_malloc/malloc.c.obj (calloc)
/usr/lib/gcc/arm-none-eabi/10.3.1/../../../arm-none-eabi/lib/thumb/v6-m/nofp/libg.a(lib_a-callocr.o)
                              /usr/lib/gcc/arm-none-eabi/10.3.1/../../../arm-none-eabi/lib/thumb/v6-m/nofp/libg.a(lib_a-calloc.o) (_calloc_r)
/usr/lib/gcc/arm-none-eabi/10.3.1/../../../arm-none-eabi/lib/thumb/v6-m/nofp/libg.a(lib_a-ctype_.o)
                              CMakeFiles/tinyusb_host_msc_file_explorer.dir/src/msc_app.c.obj (_ctype_)
/usr/lib/gcc/arm-none-eabi/10.3.1/../../../arm-none-eabi/lib/thumb/v6-m/nofp/libg.a(lib_a-fini.o)
                              /usr/lib/gcc/arm-none-eabi/10.3.1/../../../arm-none-eabi/lib/thumb/v6-m/nofp/crt0.o (__libc_fini_array)
/usr/lib/gcc/arm-none-eabi/10.3.1/../../../arm-none-eabi/lib/thumb/v6-m/nofp/libg.a(lib_a-impure.o)
                              CMakeFiles/tinyusb_host_msc_file_explorer.dir/src/msc_app.c.obj (_impure_ptr)
/usr/lib/gcc/arm-none-eabi/10.3.1/../../../arm-none-eabi/lib/thumb/v6-m/nofp/libg.a(lib_a-init.o)
                              /usr/lib/gcc/arm-none-eabi/10.3.1/../../../arm-none-eabi/lib/thumb/v6-m/nofp/crt0.o (__libc_init_array)
/usr/lib/gcc/arm-none-eabi/10.3.1/../../../arm-none-eabi/lib/thumb/v6-m/nofp/libg.a(lib_a-lcltime_r.o)
                              CMakeFiles/tinyusb_host_msc_file_explorer.dir/home/henr7381/pico/pico-sdk/src/common/pico_util/datetime.c.obj (localtime_r)
/usr/lib/gcc/arm-none-eabi/10.3.1/../../../arm-none-eabi/lib/thumb/v6-m/nofp/libg.a(lib_a-malloc.o)
                              CMakeFiles/tinyusb_host_msc_file_explorer.dir/home/henr7381/pico/pico-sdk/src/rp2_common/pico_malloc/malloc.c.obj (malloc)
/usr/lib/gcc/arm-none-eabi/10.3.1/../../../arm-none-eabi/lib/thumb/v6-m/nofp/libg.a(lib_a-mallocr.o)
                              /usr/lib/gcc/arm-none-eabi/10.3.1/../../../arm-none-eabi/lib/thumb/v6-m/nofp/libg.a(lib_a-callocr.o) (_malloc_r)
/usr/lib/gcc/arm-none-eabi/10.3.1/../../../arm-none-eabi/lib/thumb/v6-m/nofp/libg.a(lib_a-memcmp.o)
                              CMakeFiles/tinyusb_host_msc_file_explorer.dir/home/henr7381/pico/pico-sdk/lib/tinyusb/lib/fatfs/source/ff.c.obj (memcmp)
/usr/lib/gcc/arm-none-eabi/10.3.1/../../../arm-none-eabi/lib/thumb/v6-m/nofp/libg.a(lib_a-memmove.o)
                              CMakeFiles/tinyusb_host_msc_file_explorer.dir/src/msc_app.c.obj (memmove)
/usr/lib/gcc/arm-none-eabi/10.3.1/../../../arm-none-eabi/lib/thumb/v6-m/nofp/libg.a(lib_a-mktime.o)
                              CMakeFiles/tinyusb_host_msc_file_explorer.dir/home/henr7381/pico/pico-sdk/src/common/pico_util/datetime.c.obj (mktime)
/usr/lib/gcc/arm-none-eabi/10.3.1/../../../arm-none-eabi/lib/thumb/v6-m/nofp/libg.a(lib_a-mlock.o)
                              /usr/lib/gcc/arm-none-eabi/10.3.1/../../../arm-none-eabi/lib/thumb/v6-m/nofp/libg.a(lib_a-mallocr.o) (__malloc_lock)
/usr/lib/gcc/arm-none-eabi/10.3.1/../../../arm-none-eabi/lib/thumb/v6-m/nofp/libg.a(lib_a-month_lengths.o)
                              /usr/lib/gcc/arm-none-eabi/10.3.1/../../../arm-none-eabi/lib/thumb/v6-m/nofp/libg.a(lib_a-lcltime_r.o) (__month_lengths)
/usr/lib/gcc/arm-none-eabi/10.3.1/../../../arm-none-eabi/lib/thumb/v6-m/nofp/libg.a(lib_a-realloc.o)
                              CMakeFiles/tinyusb_host_msc_file_explorer.dir/home/henr7381/pico/pico-sdk/src/rp2_common/pico_malloc/malloc.c.obj (realloc)
/usr/lib/gcc/arm-none-eabi/10.3.1/../../../arm-none-eabi/lib/thumb/v6-m/nofp/libg.a(lib_a-reallocr.o)
                              /usr/lib/gcc/arm-none-eabi/10.3.1/../../../arm-none-eabi/lib/thumb/v6-m/nofp/libg.a(lib_a-realloc.o) (_realloc_r)
/usr/lib/gcc/arm-none-eabi/10.3.1/../../../arm-none-eabi/lib/thumb/v6-m/nofp/libg.a(lib_a-sbrkr.o)
                              /usr/lib/gcc/arm-none-eabi/10.3.1/../../../arm-none-eabi/lib/thumb/v6-m/nofp/libg.a(lib_a-mallocr.o) (_sbrk_r)
/usr/lib/gcc/arm-none-eabi/10.3.1/../../../arm-none-eabi/lib/thumb/v6-m/nofp/libg.a(lib_a-setbuf.o)
                              CMakeFiles/tinyusb_host_msc_file_explorer.dir/src/msc_app.c.obj (setbuf)
/usr/lib/gcc/arm-none-eabi/10.3.1/../../../arm-none-eabi/lib/thumb/v6-m/nofp/libg.a(lib_a-setvbuf.o)
[...]
Memory Configuration

Name             Origin             Length             Attributes
FLASH            0x0000000010000000 0x0000000000200000 xr
RAM              0x0000000020000000 0x0000000000040000 xrw
SCRATCH_X        0x0000000020040000 0x0000000000001000 xrw
SCRATCH_Y        0x0000000020041000 0x0000000000001000 xrw
*default*        0x0000000000000000 0xffffffffffffffff

Linker script and memory map

LOAD /usr/lib/gcc/arm-none-eabi/10.3.1/thumb/v6-m/nofp/crti.o
LOAD /usr/lib/gcc/arm-none-eabi/10.3.1/thumb/v6-m/nofp/crtbegin.o
LOAD /usr/lib/gcc/arm-none-eabi/10.3.1/../../../arm-none-eabi/lib/thumb/v6-m/nofp/crt0.o

.flash_begin    0x0000000010000000        0x0
                0x0000000010000000                __flash_binary_start = .

.boot2          0x0000000010000000      0x100
                0x0000000010000000                __boot2_start__ = .
 *(.boot2)
 .boot2         0x0000000010000000      0x100 /tmp/cc8ynt1g.o
                0x0000000010000100                __boot2_end__ = .
                0x0000000000000001                ASSERT (((__boot2_end__ - __boot2_start__) == 0x100), ERROR: Pico second stage bootloader must be 256 bytes in size)

.text           0x0000000010000100     0xba44
                0x0000000010000100                __logical_binary_start = .
 *(.vectors)
 .vectors       0x0000000010000100       0xd4 CMakeFiles/tinyusb_host_msc_file_explorer.dir/home/henr7381/pico/pico-sdk/src/rp2_common/pico_crt0/crt0.S.obj
                0x0000000010000100                __vectors
                0x0000000010000100                __VECTOR_TABLE
                0x00000000100001c0                isr_invalid
                0x00000000100001c0                __default_isrs_start
                0x00000000100001c2                isr_nmi
                0x00000000100001c4                isr_hardfault
                0x00000000100001c6                isr_svcall
                0x00000000100001c8                isr_pendsv
                0x00000000100001ca                isr_systick
                0x00000000100001cc                isr_irq30
                0x00000000100001cc                __unhandled_user_irq
                0x00000000100001cc                isr_irq13
                0x00000000100001cc                isr_irq27
                0x00000000100001cc                isr_irq31
                0x00000000100001cc                isr_irq5
                0x00000000100001cc                isr_irq11
                0x00000000100001cc                isr_irq23
                0x00000000100001cc                isr_irq18
                0x00000000100001cc                isr_irq28
                0x00000000100001cc                isr_irq19
                0x00000000100001cc                isr_irq0
                0x00000000100001cc                isr_irq6
                0x00000000100001cc                isr_irq22
                0x00000000100001cc                isr_irq17
                0x00000000100001cc                isr_irq14
                0x00000000100001cc                isr_irq2
                0x00000000100001cc                isr_irq10
                0x00000000100001cc                isr_irq8
                0x00000000100001cc                isr_irq24
                0x00000000100001cc                isr_irq1
                0x00000000100001cc                isr_irq7
                0x00000000100001cc                isr_irq21
                0x00000000100001cc                isr_irq20
                0x00000000100001cc                isr_irq15
                0x00000000100001cc                isr_irq25
                0x00000000100001cc                isr_irq4
                0x00000000100001cc                isr_irq16
                0x00000000100001cc                isr_irq29
                0x00000000100001cc                isr_irq26
                0x00000000100001cc                __default_isrs_end
                0x00000000100001cc                isr_irq3
                0x00000000100001cc                isr_irq12
                0x00000000100001cc                isr_irq9
                0x00000000100001d2                unhandled_user_irq_num_in_r0
 *(.binary_info_header)
 .binary_info_header
                0x00000000100001d4       0x14 CMakeFiles/tinyusb_host_msc_file_explorer.dir/home/henr7381/pico/pico-sdk/src/rp2_common/pico_crt0/crt0.S.obj
                0x00000000100001e8                __binary_info_header_end = .
 *(.embedded_block)
                0x00000000100001e8                __embedded_block_end = .
 *(.reset)
 .reset         0x00000000100001e8       0x9c CMakeFiles/tinyusb_host_msc_file_explorer.dir/home/henr7381/pico/pico-sdk/src/rp2_common/pico_crt0/crt0.S.obj
                0x00000000100001e8                _entry_point
 *(.init)
 .init          0x0000000010000284        0x4 /usr/lib/gcc/arm-none-eabi/10.3.1/thumb/v6-m/nofp/crti.o
                0x0000000010000284                _init
 *(EXCLUDE_FILE(*libm.a: *libc.a:*lib_a-mem*.o *libgcc.a:) .text*)
 .text          0x0000000010000288       0x98 /usr/lib/gcc/arm-none-eabi/10.3.1/thumb/v6-m/nofp/crtbegin.o
 .text.tuh_mount_cb
                0x0000000010000320        0x2 CMakeFiles/tinyusb_host_msc_file_explorer.dir/src/main.c.obj
                0x0000000010000320                tuh_mount_cb
 .text.tuh_umount_cb
                0x0000000010000322        0x2 CMakeFiles/tinyusb_host_msc_file_explorer.dir/src/main.c.obj
                0x0000000010000322                tuh_umount_cb
 .text.led_blinking_task
                0x0000000010000324       0x50 CMakeFiles/tinyusb_host_msc_file_explorer.dir/src/main.c.obj
                0x0000000010000324                led_blinking_task
 .text.main     0x0000000010000374       0x3c CMakeFiles/tinyusb_host_msc_file_explorer.dir/src/main.c.obj
                0x0000000010000374                main
 .text.onCharInput
                0x00000000100003b0       0x28 CMakeFiles/tinyusb_host_msc_file_explorer.dir/src/msc_app.c.obj
 .text.isControlChar
                0x00000000100003d8       0x2c CMakeFiles/tinyusb_host_msc_file_explorer.dir/src/msc_app.c.obj
 .text.isDisplayableChar
                0x0000000010000404       0x12 CMakeFiles/tinyusb_host_msc_file_explorer.dir/src/msc_app.c.obj
 .text.fifoBufAvailable
                0x0000000010000416       0x1a CMakeFiles/tinyusb_host_msc_file_explorer.dir/src/msc_app.c.obj
 .text.fifoBufPop
                0x0000000010000430       0x24 CMakeFiles/tinyusb_host_msc_file_explorer.dir/src/msc_app.c.obj
 .text.fifoBufPush
                0x0000000010000454       0x28 CMakeFiles/tinyusb_host_msc_file_explorer.dir/src/msc_app.c.obj
 .text.getTokenPosition
                0x000000001000047c       0x44 CMakeFiles/tinyusb_host_msc_file_explorer.dir/src/msc_app.c.obj
 .text.disk_io_complete
                0x00000000100004c0       0x10 CMakeFiles/tinyusb_host_msc_file_explorer.dir/src/msc_app.c.obj
 .text.writeToOutput
                0x00000000100004d0       0x22 CMakeFiles/tinyusb_host_msc_file_explorer.dir/src/msc_app.c.obj
 *fill*         0x00000000100004f2        0x2 
 .text.onUnknownCommand
                0x00000000100004f4       0x34 CMakeFiles/tinyusb_host_msc_file_explorer.dir/src/msc_app.c.obj
 .text.clearCurrentLine
                0x0000000010000528       0x38 CMakeFiles/tinyusb_host_msc_file_explorer.dir/src/msc_app.c.obj
 .text.getAutocompletedCommand
                0x0000000010000560       0xd4 CMakeFiles/tinyusb_host_msc_file_explorer.dir/src/msc_app.c.obj
 .text.printLiveAutocompletion
                0x0000000010000634       0x8c CMakeFiles/tinyusb_host_msc_file_explorer.dir/src/msc_app.c.obj
 .text.onAutocompleteRequest
                0x00000000100006c0       0xb8 CMakeFiles/tinyusb_host_msc_file_explorer.dir/src/msc_app.c.obj
 .text.inquiry_complete_cb
                0x0000000010000778       0xb8 CMakeFiles/tinyusb_host_msc_file_explorer.dir/src/msc_app.c.obj
                0x0000000010000778                inquiry_complete_cb
 .text.wait_for_disk_io
                0x0000000010000830       0x20 CMakeFiles/tinyusb_host_msc_file_explorer.dir/src/msc_app.c.obj
 .text.cli_write_char
                0x0000000010000850        0xa CMakeFiles/tinyusb_host_msc_file_explorer.dir/src/msc_app.c.obj
                0x0000000010000850                cli_write_char
 *fill*         0x000000001000085a        0x2 
 .text.embeddedCliDefaultConfig
                0x000000001000085c       0x20 CMakeFiles/tinyusb_host_msc_file_explorer.dir/src/msc_app.c.obj
                0x000000001000085c                embeddedCliDefaultConfig
 .text.embeddedCliRequiredSize
                0x000000001000087c       0x32 CMakeFiles/tinyusb_host_msc_file_explorer.dir/src/msc_app.c.obj
                0x000000001000087c                embeddedCliRequiredSize
 .text.embeddedCliReceiveChar
                0x00000000100008ae       0x1c CMakeFiles/tinyusb_host_msc_file_explorer.dir/src/msc_app.c.obj
                0x00000000100008ae                embeddedCliReceiveChar
 .text.embeddedCliAddBinding
                0x00000000100008ca       0x40 CMakeFiles/tinyusb_host_msc_file_explorer.dir/src/msc_app.c.obj
                0x00000000100008ca                embeddedCliAddBinding
 *fill*         0x000000001000090a        0x2 
 .text.initInternalBindings
                0x000000001000090c       0x2c CMakeFiles/tinyusb_host_msc_file_explorer.dir/src/msc_app.c.obj
 .text.embeddedCliNew
                0x0000000010000938       0xa4 CMakeFiles/tinyusb_host_msc_file_explorer.dir/src/msc_app.c.obj
                0x0000000010000938                embeddedCliNew
 .text.embeddedCliTokenizeArgs
                0x00000000100009dc       0x8c CMakeFiles/tinyusb_host_msc_file_explorer.dir/src/msc_app.c.obj
                0x00000000100009dc                embeddedCliTokenizeArgs
 .text.embeddedCliGetToken
                0x0000000010000a68       0x1c CMakeFiles/tinyusb_host_msc_file_explorer.dir/src/msc_app.c.obj
                0x0000000010000a68                embeddedCliGetToken
 .text.historyGet
                0x0000000010000a84       0x1c CMakeFiles/tinyusb_host_msc_file_explorer.dir/src/msc_app.c.obj
 .text.navigateHistory
                0x0000000010000aa0       0x98 CMakeFiles/tinyusb_host_msc_file_explorer.dir/src/msc_app.c.obj
 .text.onEscapedInput
                0x0000000010000b38       0x32 CMakeFiles/tinyusb_host_msc_file_explorer.dir/src/msc_app.c.obj
 *fill*         0x0000000010000b6a        0x2 
 .text.embeddedCliGetTokenVariable
                0x0000000010000b6c       0x1c CMakeFiles/tinyusb_host_msc_file_explorer.dir/src/msc_app.c.obj
                0x0000000010000b6c                embeddedCliGetTokenVariable
 .text.historyRemove
                0x0000000010000b88       0x66 CMakeFiles/tinyusb_host_msc_file_explorer.dir/src/msc_app.c.obj
 .text.historyPut
                0x0000000010000bee       0x78 CMakeFiles/tinyusb_host_msc_file_explorer.dir/src/msc_app.c.obj
 .text.parseCommand
                0x0000000010000c66      0x12c CMakeFiles/tinyusb_host_msc_file_explorer.dir/src/msc_app.c.obj
 *fill*         0x0000000010000d92        0x2 
 .text.onControlInput
                0x0000000010000d94       0xa4 CMakeFiles/tinyusb_host_msc_file_explorer.dir/src/msc_app.c.obj
 .text.embeddedCliProcess
                0x0000000010000e38       0xae CMakeFiles/tinyusb_host_msc_file_explorer.dir/src/msc_app.c.obj
                0x0000000010000e38                embeddedCliProcess
 .text.embeddedCliGetTokenCount
                0x0000000010000ee6       0x2e CMakeFiles/tinyusb_host_msc_file_explorer.dir/src/msc_app.c.obj
                0x0000000010000ee6                embeddedCliGetTokenCount
 .text.onHelp   0x0000000010000f14      0x140 CMakeFiles/tinyusb_host_msc_file_explorer.dir/src/msc_app.c.obj
 .text.cli_cmd_cat
                0x0000000010001054       0xa8 CMakeFiles/tinyusb_host_msc_file_explorer.dir/src/msc_app.c.obj
                0x0000000010001054                cli_cmd_cat
 .text.cli_cmd_cd
                0x00000000100010fc       0x34 CMakeFiles/tinyusb_host_msc_file_explorer.dir/src/msc_app.c.obj
                0x00000000100010fc                cli_cmd_cd
 .text.cli_cmd_cp
                0x0000000010001130       0xc4 CMakeFiles/tinyusb_host_msc_file_explorer.dir/src/msc_app.c.obj
                0x0000000010001130                cli_cmd_cp
 .text.cli_cmd_ls
                0x00000000100011f4       0xac CMakeFiles/tinyusb_host_msc_file_explorer.dir/src/msc_app.c.obj
                0x00000000100011f4                cli_cmd_ls
 .text.cli_cmd_pwd
                0x00000000100012a0       0x40 CMakeFiles/tinyusb_host_msc_file_explorer.dir/src/msc_app.c.obj
                0x00000000100012a0                cli_cmd_pwd
 .text.cli_cmd_mkdir
                0x00000000100012e0       0x34 CMakeFiles/tinyusb_host_msc_file_explorer.dir/src/msc_app.c.obj
                0x00000000100012e0                cli_cmd_mkdir
 .text.cli_cmd_mv
                0x0000000010001314       0x4c CMakeFiles/tinyusb_host_msc_file_explorer.dir/src/msc_app.c.obj
                0x0000000010001314                cli_cmd_mv
 .text.cli_cmd_rm
                0x0000000010001360       0x44 CMakeFiles/tinyusb_host_msc_file_explorer.dir/src/msc_app.c.obj
                0x0000000010001360                cli_cmd_rm
 .text.msc_app_task
                0x00000000100013a4       0x34 CMakeFiles/tinyusb_host_msc_file_explorer.dir/src/msc_app.c.obj
                0x00000000100013a4                msc_app_task
 .text.tuh_msc_mount_cb
                0x00000000100013d8       0x2c CMakeFiles/tinyusb_host_msc_file_explorer.dir/src/msc_app.c.obj
                0x00000000100013d8                tuh_msc_mount_cb
 .text.tuh_msc_umount_cb
                0x0000000010001404       0x34 CMakeFiles/tinyusb_host_msc_file_explorer.dir/src/msc_app.c.obj
                0x0000000010001404                tuh_msc_umount_cb
 .text.disk_status
                0x0000000010001438       0x16 CMakeFiles/tinyusb_host_msc_file_explorer.dir/src/msc_app.c.obj
                0x0000000010001438                disk_status
 .text.disk_initialize
                0x000000001000144e        0x4 CMakeFiles/tinyusb_host_msc_file_explorer.dir/src/msc_app.c.obj
                0x000000001000144e                disk_initialize
 *fill*         0x0000000010001452        0x2 
 .text.disk_read
                0x0000000010001454       0x3c CMakeFiles/tinyusb_host_msc_file_explorer.dir/src/msc_app.c.obj
                0x0000000010001454                disk_read
 .text.disk_write
                0x0000000010001490       0x3c CMakeFiles/tinyusb_host_msc_file_explorer.dir/src/msc_app.c.obj
                0x0000000010001490                disk_write
 .text.disk_ioctl
                0x00000000100014cc       0x4a CMakeFiles/tinyusb_host_msc_file_explorer.dir/src/msc_app.c.obj
                0x00000000100014cc                disk_ioctl
 *fill*         0x0000000010001516        0x2 
 .text.cli_init
                0x0000000010001518      0x1b8 CMakeFiles/tinyusb_host_msc_file_explorer.dir/src/msc_app.c.obj
                0x0000000010001518                cli_init
 .text.msc_app_init
                0x00000000100016d0       0x30 CMakeFiles/tinyusb_host_msc_file_explorer.dir/src/msc_app.c.obj
                0x00000000100016d0                msc_app_init
 .text.ld_word  0x0000000010001700        0xa CMakeFiles/tinyusb_host_msc_file_explorer.dir/home/henr7381/pico/pico-sdk/lib/tinyusb/lib/fatfs/source/ff.c.obj
 .text.ld_dword
                0x000000001000170a       0x18 CMakeFiles/tinyusb_host_msc_file_explorer.dir/home/henr7381/pico/pico-sdk/lib/tinyusb/lib/fatfs/source/ff.c.obj
 .text.st_word  0x0000000010001722        0x8 CMakeFiles/tinyusb_host_msc_file_explorer.dir/home/henr7381/pico/pico-sdk/lib/tinyusb/lib/fatfs/source/ff.c.obj
 .text.st_dword
                0x000000001000172a       0x10 CMakeFiles/tinyusb_host_msc_file_explorer.dir/home/henr7381/pico/pico-sdk/lib/tinyusb/lib/fatfs/source/ff.c.obj
 .text.dbc_1st  0x000000001000173a        0x4 CMakeFiles/tinyusb_host_msc_file_explorer.dir/home/henr7381/pico/pico-sdk/lib/tinyusb/lib/fatfs/source/ff.c.obj
 .text.dbc_2nd  0x000000001000173e        0x4 CMakeFiles/tinyusb_host_msc_file_explorer.dir/home/henr7381/pico/pico-sdk/lib/tinyusb/lib/fatfs/source/ff.c.obj
 .text.clst2sect
                0x0000000010001742       0x18 CMakeFiles/tinyusb_host_msc_file_explorer.dir/home/henr7381/pico/pico-sdk/lib/tinyusb/lib/fatfs/source/ff.c.obj
 .text.ld_clust
                0x000000001000175a       0x26 CMakeFiles/tinyusb_host_msc_file_explorer.dir/home/henr7381/pico/pico-sdk/lib/tinyusb/lib/fatfs/source/ff.c.obj
 .text.st_clust
                0x0000000010001780       0x26 CMakeFiles/tinyusb_host_msc_file_explorer.dir/home/henr7381/pico/pico-sdk/lib/tinyusb/lib/fatfs/source/ff.c.obj
 *fill*         0x00000000100017a6        0x2 
 .text.pick_lfn
                0x00000000100017a8       0x94 CMakeFiles/tinyusb_host_msc_file_explorer.dir/home/henr7381/pico/pico-sdk/lib/tinyusb/lib/fatfs/source/ff.c.obj
 .text.put_lfn  0x000000001000183c       0x8c CMakeFiles/tinyusb_host_msc_file_explorer.dir/home/henr7381/pico/pico-sdk/lib/tinyusb/lib/fatfs/source/ff.c.obj
 .text.sum_sfn  0x00000000100018c8       0x20 CMakeFiles/tinyusb_host_msc_file_explorer.dir/home/henr7381/pico/pico-sdk/lib/tinyusb/lib/fatfs/source/ff.c.obj
 .text.get_ldnumber
                0x00000000100018e8       0x5c CMakeFiles/tinyusb_host_msc_file_explorer.dir/home/henr7381/pico/pico-sdk/lib/tinyusb/lib/fatfs/source/ff.c.obj
 .text.validate
                0x0000000010001944       0x52 CMakeFiles/tinyusb_host_msc_file_explorer.dir/home/henr7381/pico/pico-sdk/lib/tinyusb/lib/fatfs/source/ff.c.obj
 .text.sync_window
                0x0000000010001996       0x4a CMakeFiles/tinyusb_host_msc_file_explorer.dir/home/henr7381/pico/pico-sdk/lib/tinyusb/lib/fatfs/source/ff.c.obj
 .text.move_window
                0x00000000100019e0       0x36 CMakeFiles/tinyusb_host_msc_file_explorer.dir/home/henr7381/pico/pico-sdk/lib/tinyusb/lib/fatfs/source/ff.c.obj
 *fill*         0x0000000010001a16        0x2 
 .text.check_fs
                0x0000000010001a18       0xdc CMakeFiles/tinyusb_host_msc_file_explorer.dir/home/henr7381/pico/pico-sdk/lib/tinyusb/lib/fatfs/source/ff.c.obj
 .text.find_volume
                0x0000000010001af4       0x6e CMakeFiles/tinyusb_host_msc_file_explorer.dir/home/henr7381/pico/pico-sdk/lib/tinyusb/lib/fatfs/source/ff.c.obj
 *fill*         0x0000000010001b62        0x2 
 .text.mount_volume
                0x0000000010001b64      0x308 CMakeFiles/tinyusb_host_msc_file_explorer.dir/home/henr7381/pico/pico-sdk/lib/tinyusb/lib/fatfs/source/ff.c.obj
 .text.put_fat  0x0000000010001e6c      0x144 CMakeFiles/tinyusb_host_msc_file_explorer.dir/home/henr7381/pico/pico-sdk/lib/tinyusb/lib/fatfs/source/ff.c.obj
 .text.get_fat  0x0000000010001fb0       0xe2 CMakeFiles/tinyusb_host_msc_file_explorer.dir/home/henr7381/pico/pico-sdk/lib/tinyusb/lib/fatfs/source/ff.c.obj
 .text.dir_sdi  0x0000000010002092       0xb4 CMakeFiles/tinyusb_host_msc_file_explorer.dir/home/henr7381/pico/pico-sdk/lib/tinyusb/lib/fatfs/source/ff.c.obj
 .text.create_chain
                0x0000000010002146       0xfe CMakeFiles/tinyusb_host_msc_file_explorer.dir/home/henr7381/pico/pico-sdk/lib/tinyusb/lib/fatfs/source/ff.c.obj
 .text.remove_chain
                0x0000000010002244       0x7c CMakeFiles/tinyusb_host_msc_file_explorer.dir/home/henr7381/pico/pico-sdk/lib/tinyusb/lib/fatfs/source/ff.c.obj
 .text.dir_clear
                0x00000000100022c0       0x56 CMakeFiles/tinyusb_host_msc_file_explorer.dir/home/henr7381/pico/pico-sdk/lib/tinyusb/lib/fatfs/source/ff.c.obj
 .text.dir_next
                0x0000000010002316       0xd4 CMakeFiles/tinyusb_host_msc_file_explorer.dir/home/henr7381/pico/pico-sdk/lib/tinyusb/lib/fatfs/source/ff.c.obj
 .text.dir_alloc
                0x00000000100023ea       0x4e CMakeFiles/tinyusb_host_msc_file_explorer.dir/home/henr7381/pico/pico-sdk/lib/tinyusb/lib/fatfs/source/ff.c.obj
 .text.dir_read
                0x0000000010002438       0xd8 CMakeFiles/tinyusb_host_msc_file_explorer.dir/home/henr7381/pico/pico-sdk/lib/tinyusb/lib/fatfs/source/ff.c.obj
 .text.dir_remove
                0x0000000010002510       0x4a CMakeFiles/tinyusb_host_msc_file_explorer.dir/home/henr7381/pico/pico-sdk/lib/tinyusb/lib/fatfs/source/ff.c.obj
 .text.put_utf  0x000000001000255a       0x3a CMakeFiles/tinyusb_host_msc_file_explorer.dir/home/henr7381/pico/pico-sdk/lib/tinyusb/lib/fatfs/source/ff.c.obj
 .text.get_fileinfo
                0x0000000010002594      0x14a CMakeFiles/tinyusb_host_msc_file_explorer.dir/home/henr7381/pico/pico-sdk/lib/tinyusb/lib/fatfs/source/ff.c.obj
 .text.tchar2uni
                0x00000000100026de       0x4c CMakeFiles/tinyusb_host_msc_file_explorer.dir/home/henr7381/pico/pico-sdk/lib/tinyusb/lib/fatfs/source/ff.c.obj
 *fill*         0x000000001000272a        0x2 
 .text.create_name
                0x000000001000272c      0x324 CMakeFiles/tinyusb_host_msc_file_explorer.dir/home/henr7381/pico/pico-sdk/lib/tinyusb/lib/fatfs/source/ff.c.obj
 .text.cmp_lfn  0x0000000010002a50       0xb0 CMakeFiles/tinyusb_host_msc_file_explorer.dir/home/henr7381/pico/pico-sdk/lib/tinyusb/lib/fatfs/source/ff.c.obj
 .text.dir_find
                0x0000000010002b00       0xe8 CMakeFiles/tinyusb_host_msc_file_explorer.dir/home/henr7381/pico/pico-sdk/lib/tinyusb/lib/fatfs/source/ff.c.obj
 .text.follow_path
                0x0000000010002be8       0xb0 CMakeFiles/tinyusb_host_msc_file_explorer.dir/home/henr7381/pico/pico-sdk/lib/tinyusb/lib/fatfs/source/ff.c.obj
 .text.gen_numname
                0x0000000010002c98       0xac CMakeFiles/tinyusb_host_msc_file_explorer.dir/home/henr7381/pico/pico-sdk/lib/tinyusb/lib/fatfs/source/ff.c.obj
 .text.dir_register
                0x0000000010002d44      0x144 CMakeFiles/tinyusb_host_msc_file_explorer.dir/home/henr7381/pico/pico-sdk/lib/tinyusb/lib/fatfs/source/ff.c.obj
 .text.sync_fs  0x0000000010002e88       0x98 CMakeFiles/tinyusb_host_msc_file_explorer.dir/home/henr7381/pico/pico-sdk/lib/tinyusb/lib/fatfs/source/ff.c.obj
 .text.f_mount  0x0000000010002f20       0x5c CMakeFiles/tinyusb_host_msc_file_explorer.dir/home/henr7381/pico/pico-sdk/lib/tinyusb/lib/fatfs/source/ff.c.obj
                0x0000000010002f20                f_mount
 .text.f_open   0x0000000010002f7c      0x218 CMakeFiles/tinyusb_host_msc_file_explorer.dir/home/henr7381/pico/pico-sdk/lib/tinyusb/lib/fatfs/source/ff.c.obj
                0x0000000010002f7c                f_open
 .text.f_read   0x0000000010003194      0x1ac CMakeFiles/tinyusb_host_msc_file_explorer.dir/home/henr7381/pico/pico-sdk/lib/tinyusb/lib/fatfs/source/ff.c.obj
                0x0000000010003194                f_read
 .text.f_write  0x0000000010003340      0x1f2 CMakeFiles/tinyusb_host_msc_file_explorer.dir/home/henr7381/pico/pico-sdk/lib/tinyusb/lib/fatfs/source/ff.c.obj
                0x0000000010003340                f_write
 *fill*         0x0000000010003532        0x2 
 .text.f_sync   0x0000000010003534       0x9c CMakeFiles/tinyusb_host_msc_file_explorer.dir/home/henr7381/pico/pico-sdk/lib/tinyusb/lib/fatfs/source/ff.c.obj
                0x0000000010003534                f_sync
 .text.f_close  0x00000000100035d0       0x24 CMakeFiles/tinyusb_host_msc_file_explorer.dir/home/henr7381/pico/pico-sdk/lib/tinyusb/lib/fatfs/source/ff.c.obj
                0x00000000100035d0                f_close
 .text.f_chdir  0x00000000100035f4       0x5c CMakeFiles/tinyusb_host_msc_file_explorer.dir/home/henr7381/pico/pico-sdk/lib/tinyusb/lib/fatfs/source/ff.c.obj
                0x00000000100035f4                f_chdir
 .text.f_getcwd
                0x0000000010003650      0x118 CMakeFiles/tinyusb_host_msc_file_explorer.dir/home/henr7381/pico/pico-sdk/lib/tinyusb/lib/fatfs/source/ff.c.obj
                0x0000000010003650                f_getcwd
 .text.f_opendir
                0x0000000010003768       0x6a CMakeFiles/tinyusb_host_msc_file_explorer.dir/home/henr7381/pico/pico-sdk/lib/tinyusb/lib/fatfs/source/ff.c.obj
                0x0000000010003768                f_opendir
 .text.f_closedir
                0x00000000100037d2       0x18 CMakeFiles/tinyusb_host_msc_file_explorer.dir/home/henr7381/pico/pico-sdk/lib/tinyusb/lib/fatfs/source/ff.c.obj
                0x00000000100037d2                f_closedir
 .text.f_readdir
                0x00000000100037ea       0x52 CMakeFiles/tinyusb_host_msc_file_explorer.dir/home/henr7381/pico/pico-sdk/lib/tinyusb/lib/fatfs/source/ff.c.obj
                0x00000000100037ea                f_readdir
 .text.f_unlink
                0x000000001000383c       0xc4 CMakeFiles/tinyusb_host_msc_file_explorer.dir/home/henr7381/pico/pico-sdk/lib/tinyusb/lib/fatfs/source/ff.c.obj
                0x000000001000383c                f_unlink
 .text.f_mkdir  0x0000000010003900      0x124 CMakeFiles/tinyusb_host_msc_file_explorer.dir/home/henr7381/pico/pico-sdk/lib/tinyusb/lib/fatfs/source/ff.c.obj
                0x0000000010003900                f_mkdir
 .text.f_rename
                0x0000000010003a24      0x122 CMakeFiles/tinyusb_host_msc_file_explorer.dir/home/henr7381/pico/pico-sdk/lib/tinyusb/lib/fatfs/source/ff.c.obj
                0x0000000010003a24                f_rename
 *fill*         0x0000000010003b46        0x2 
 .text.ff_uni2oem
                0x0000000010003b48       0x44 CMakeFiles/tinyusb_host_msc_file_explorer.dir/home/henr7381/pico/pico-sdk/lib/tinyusb/lib/fatfs/source/ffunicode.c.obj
                0x0000000010003b48                ff_uni2oem
 .text.ff_oem2uni
                0x0000000010003b8c       0x30 CMakeFiles/tinyusb_host_msc_file_explorer.dir/home/henr7381/pico/pico-sdk/lib/tinyusb/lib/fatfs/source/ffunicode.c.obj
                0x0000000010003b8c                ff_oem2uni
 .text.ff_wtoupper
                0x0000000010003bbc       0xa8 CMakeFiles/tinyusb_host_msc_file_explorer.dir/home/henr7381/pico/pico-sdk/lib/tinyusb/lib/fatfs/source/ffunicode.c.obj
                0x0000000010003bbc                ff_wtoupper
 .text.gpio_set_function
                0x0000000010003c64       0x34 CMakeFiles/tinyusb_host_msc_file_explorer.dir/home/henr7381/pico/pico-sdk/src/rp2_common/hardware_gpio/gpio.c.obj
                0x0000000010003c64                gpio_set_function
 .text.gpio_init
                0x0000000010003c98       0x16 CMakeFiles/tinyusb_host_msc_file_explorer.dir/home/henr7381/pico/pico-sdk/src/rp2_common/hardware_gpio/gpio.c.obj
                0x0000000010003c98                gpio_init
 *fill*         0x0000000010003cae        0x2 
 .text.panic    0x0000000010003cb0       0x30 CMakeFiles/tinyusb_host_msc_file_explorer.dir/home/henr7381/pico/pico-sdk/src/rp2_common/pico_platform_panic/panic.c.obj
                0x0000000010003cb0                panic
 .text.hw_claim_lock
                0x0000000010003ce0       0x18 CMakeFiles/tinyusb_host_msc_file_explorer.dir/home/henr7381/pico/pico-sdk/src/common/hardware_claim/claim.c.obj
                0x0000000010003ce0                hw_claim_lock
 .text.hw_claim_unlock
                0x0000000010003cf8       0x14 CMakeFiles/tinyusb_host_msc_file_explorer.dir/home/henr7381/pico/pico-sdk/src/common/hardware_claim/claim.c.obj
                0x0000000010003cf8                hw_claim_unlock
 .text.hw_claim_or_assert
                0x0000000010003d0c       0x32 CMakeFiles/tinyusb_host_msc_file_explorer.dir/home/henr7381/pico/pico-sdk/src/common/hardware_claim/claim.c.obj
                0x0000000010003d0c                hw_claim_or_assert
 .text.hw_claim_unused_from_range
                0x0000000010003d3e       0x50 CMakeFiles/tinyusb_host_msc_file_explorer.dir/home/henr7381/pico/pico-sdk/src/common/hardware_claim/claim.c.obj
                0x0000000010003d3e                hw_claim_unused_from_range
 *fill*         0x0000000010003d8e        0x2 
 .text.next_striped_spin_lock_num
                0x0000000010003d90       0x1c CMakeFiles/tinyusb_host_msc_file_explorer.dir/home/henr7381/pico/pico-sdk/src/rp2_common/hardware_sync/sync.c.obj
                0x0000000010003d90                next_striped_spin_lock_num
 .text.spin_lock_claim_unused
                0x0000000010003dac       0x20 CMakeFiles/tinyusb_host_msc_file_explorer.dir/home/henr7381/pico/pico-sdk/src/rp2_common/hardware_sync/sync.c.obj
                0x0000000010003dac                spin_lock_claim_unused
 .text.spin_locks_reset
                0x0000000010003dcc       0x20 CMakeFiles/tinyusb_host_msc_file_explorer.dir/home/henr7381/pico/pico-sdk/src/rp2_common/hardware_sync_spin_lock/sync_spin_lock.c.obj
                0x0000000010003dcc                spin_locks_reset
 .text.set_raw_irq_handler_and_unlock
                0x0000000010003dec       0x28 CMakeFiles/tinyusb_host_msc_file_explorer.dir/home/henr7381/pico/pico-sdk/src/rp2_common/hardware_irq/irq.c.obj
 .text.nvic_ipr0
                0x0000000010003e14        0x8 CMakeFiles/tinyusb_host_msc_file_explorer.dir/home/henr7381/pico/pico-sdk/src/rp2_common/hardware_irq/irq.c.obj
 .text.runtime_init_per_core_irq_priorities
                0x0000000010003e1c       0x1c CMakeFiles/tinyusb_host_msc_file_explorer.dir/home/henr7381/pico/pico-sdk/src/rp2_common/hardware_irq/irq.c.obj
                0x0000000010003e1c                runtime_init_per_core_irq_priorities
 .text.make_j_16
                0x0000000010003e38       0x4c CMakeFiles/tinyusb_host_msc_file_explorer.dir/home/henr7381/pico/pico-sdk/src/rp2_common/hardware_irq/irq.c.obj
 .text.insert_bl_32
                0x0000000010003e84       0x40 CMakeFiles/tinyusb_host_msc_file_explorer.dir/home/henr7381/pico/pico-sdk/src/rp2_common/hardware_irq/irq.c.obj
 .text.irq_is_enabled
                0x0000000010003ec4       0x18 CMakeFiles/tinyusb_host_msc_file_explorer.dir/home/henr7381/pico/pico-sdk/src/rp2_common/hardware_irq/irq.c.obj
                0x0000000010003ec4                irq_is_enabled
 .text.irq_set_mask_n_enabled
                0x0000000010003edc       0x1c CMakeFiles/tinyusb_host_msc_file_explorer.dir/home/henr7381/pico/pico-sdk/src/rp2_common/hardware_irq/irq.c.obj
                0x0000000010003edc                irq_set_mask_n_enabled
 .text.irq_set_enabled
                0x0000000010003ef8       0x14 CMakeFiles/tinyusb_host_msc_file_explorer.dir/home/henr7381/pico/pico-sdk/src/rp2_common/hardware_irq/irq.c.obj
                0x0000000010003ef8                irq_set_enabled
 .text.irq_get_vtable_handler
                0x0000000010003f0c       0x10 CMakeFiles/tinyusb_host_msc_file_explorer.dir/home/henr7381/pico/pico-sdk/src/rp2_common/hardware_irq/irq.c.obj
                0x0000000010003f0c                irq_get_vtable_handler
 .text.irq_set_exclusive_handler
                0x0000000010003f1c       0x54 CMakeFiles/tinyusb_host_msc_file_explorer.dir/home/henr7381/pico/pico-sdk/src/rp2_common/hardware_irq/irq.c.obj
                0x0000000010003f1c                irq_set_exclusive_handler
 .text.irq_add_shared_handler
                0x0000000010003f70      0x238 CMakeFiles/tinyusb_host_msc_file_explorer.dir/home/henr7381/pico/pico-sdk/src/rp2_common/hardware_irq/irq.c.obj
                0x0000000010003f70                irq_add_shared_handler
 .text.irq_remove_handler
                0x00000000100041a8      0x1b0 CMakeFiles/tinyusb_host_msc_file_explorer.dir/home/henr7381/pico/pico-sdk/src/rp2_common/hardware_irq/irq.c.obj
                0x00000000100041a8                irq_remove_handler
 .text.irq_add_tail_to_free_list
                0x0000000010004358       0xf4 CMakeFiles/tinyusb_host_msc_file_explorer.dir/home/henr7381/pico/pico-sdk/src/rp2_common/hardware_irq/irq.c.obj
                0x0000000010004358                irq_add_tail_to_free_list
 .text.lock_init
                0x000000001000444c       0x10 CMakeFiles/tinyusb_host_msc_file_explorer.dir/home/henr7381/pico/pico-sdk/src/common/pico_sync/lock_core.c.obj
                0x000000001000444c                lock_init
 .text.mutex_init
                0x000000001000445c       0x1a CMakeFiles/tinyusb_host_msc_file_explorer.dir/home/henr7381/pico/pico-sdk/src/common/pico_sync/mutex.c.obj
                0x000000001000445c                mutex_init
 .text.recursive_mutex_init
                0x0000000010004476       0x1e CMakeFiles/tinyusb_host_msc_file_explorer.dir/home/henr7381/pico/pico-sdk/src/common/pico_sync/mutex.c.obj
                0x0000000010004476                recursive_mutex_init
 .text.runtime_init_mutex
                0x0000000010004494       0x4c CMakeFiles/tinyusb_host_msc_file_explorer.dir/home/henr7381/pico/pico-sdk/src/common/pico_sync/mutex.c.obj
                0x0000000010004494                runtime_init_mutex
 .text.critical_section_init_with_lock_num
                0x00000000100044e0       0x14 CMakeFiles/tinyusb_host_msc_file_explorer.dir/home/henr7381/pico/pico-sdk/src/common/pico_sync/critical_section.c.obj
                0x00000000100044e0                critical_section_init_with_lock_num
 .text.critical_section_init
                0x00000000100044f4       0x14 CMakeFiles/tinyusb_host_msc_file_explorer.dir/home/henr7381/pico/pico-sdk/src/common/pico_sync/critical_section.c.obj
                0x00000000100044f4                critical_section_init
 .text.make_alarm_id
                0x0000000010004508        0x6 CMakeFiles/tinyusb_host_msc_file_explorer.dir/home/henr7381/pico/pico-sdk/src/common/pico_time/time.c.obj
 *fill*         0x000000001000450e        0x2 
 .text.sleep_until_callback
                0x0000000010004510       0x30 CMakeFiles/tinyusb_host_msc_file_explorer.dir/home/henr7381/pico/pico-sdk/src/common/pico_time/time.c.obj
 .text.alarm_pool_irq_handler
                0x0000000010004540      0x2e4 CMakeFiles/tinyusb_host_msc_file_explorer.dir/home/henr7381/pico/pico-sdk/src/common/pico_time/time.c.obj
 .text.alarm_pool_post_alloc_init
                0x0000000010004824       0x94 CMakeFiles/tinyusb_host_msc_file_explorer.dir/home/henr7381/pico/pico-sdk/src/common/pico_time/time.c.obj
 .text.alarm_pool_get_default
                0x00000000100048b8       0x2c CMakeFiles/tinyusb_host_msc_file_explorer.dir/home/henr7381/pico/pico-sdk/src/common/pico_time/time.c.obj
                0x00000000100048b8                alarm_pool_get_default
 .text.alarm_pool_add_alarm_at_force_in_context
                0x00000000100048e4       0xb0 CMakeFiles/tinyusb_host_msc_file_explorer.dir/home/henr7381/pico/pico-sdk/src/common/pico_time/time.c.obj
                0x00000000100048e4                alarm_pool_add_alarm_at_force_in_context
 .text.alarm_pool_add_alarm_at
                0x0000000010004994       0x3c CMakeFiles/tinyusb_host_msc_file_explorer.dir/home/henr7381/pico/pico-sdk/src/common/pico_time/time.c.obj
                0x0000000010004994                alarm_pool_add_alarm_at
 .text.alarm_pool_cancel_alarm
                0x00000000100049d0       0x78 CMakeFiles/tinyusb_host_msc_file_explorer.dir/home/henr7381/pico/pico-sdk/src/common/pico_time/time.c.obj
                0x00000000100049d0                alarm_pool_cancel_alarm
 .text.sleep_until
                0x0000000010004a48       0xc8 CMakeFiles/tinyusb_host_msc_file_explorer.dir/home/henr7381/pico/pico-sdk/src/common/pico_time/time.c.obj
                0x0000000010004a48                sleep_until
 .text.sleep_us
                0x0000000010004b10       0x24 CMakeFiles/tinyusb_host_msc_file_explorer.dir/home/henr7381/pico/pico-sdk/src/common/pico_time/time.c.obj
                0x0000000010004b10                sleep_us
 .text.sleep_ms
                0x0000000010004b34       0x14 CMakeFiles/tinyusb_host_msc_file_explorer.dir/home/henr7381/pico/pico-sdk/src/common/pico_time/time.c.obj
                0x0000000010004b34                sleep_ms
 .text.best_effort_wfe_or_timeout
                0x0000000010004b48       0xd8 CMakeFiles/tinyusb_host_msc_file_explorer.dir/home/henr7381/pico/pico-sdk/src/common/pico_time/time.c.obj
                0x0000000010004b48                best_effort_wfe_or_timeout
 .text.alarm_pool_get_default_timer
                0x0000000010004c20        0x8 CMakeFiles/tinyusb_host_msc_file_explorer.dir/home/henr7381/pico/pico-sdk/src/common/pico_time/time.c.obj
                0x0000000010004c20                alarm_pool_get_default_timer
 .text.runtime_init_default_alarm_pool
                0x0000000010004c28       0x38 CMakeFiles/tinyusb_host_msc_file_explorer.dir/home/henr7381/pico/pico-sdk/src/common/pico_time/time.c.obj
                0x0000000010004c28                runtime_init_default_alarm_pool
 .text.timer_hardware_alarm_claim
                0x0000000010004c60       0x14 CMakeFiles/tinyusb_host_msc_file_explorer.dir/home/henr7381/pico/pico-sdk/src/rp2_common/hardware_timer/timer.c.obj
                0x0000000010004c60                timer_hardware_alarm_claim
 .text.timer_time_us_64
                0x0000000010004c74       0x10 CMakeFiles/tinyusb_host_msc_file_explorer.dir/home/henr7381/pico/pico-sdk/src/rp2_common/hardware_timer/timer.c.obj
                0x0000000010004c74                timer_time_us_64
 .text.timer_busy_wait_until
                0x0000000010004c84       0x1a CMakeFiles/tinyusb_host_msc_file_explorer.dir/home/henr7381/pico/pico-sdk/src/rp2_common/hardware_timer/timer.c.obj
                0x0000000010004c84                timer_busy_wait_until
 .text.timer_busy_wait_us
                0x0000000010004c9e       0x38 CMakeFiles/tinyusb_host_msc_file_explorer.dir/home/henr7381/pico/pico-sdk/src/rp2_common/hardware_timer/timer.c.obj
                0x0000000010004c9e                timer_busy_wait_us
 *fill*         0x0000000010004cd6        0x2 
 .text.time_us_64
                0x0000000010004cd8       0x10 CMakeFiles/tinyusb_host_msc_file_explorer.dir/home/henr7381/pico/pico-sdk/src/rp2_common/hardware_timer/timer.c.obj
                0x0000000010004cd8                time_us_64
 .text.busy_wait_us
                0x0000000010004ce8       0x14 CMakeFiles/tinyusb_host_msc_file_explorer.dir/home/henr7381/pico/pico-sdk/src/rp2_common/hardware_timer/timer.c.obj
                0x0000000010004ce8                busy_wait_us
 .text.busy_wait_until
                0x0000000010004cfc       0x14 CMakeFiles/tinyusb_host_msc_file_explorer.dir/home/henr7381/pico/pico-sdk/src/rp2_common/hardware_timer/timer.c.obj
                0x0000000010004cfc                busy_wait_until
 .text.uart_disable_before_lcr_write
                0x0000000010004d10       0x48 CMakeFiles/tinyusb_host_msc_file_explorer.dir/home/henr7381/pico/pico-sdk/src/rp2_common/hardware_uart/uart.c.obj
 .text.uart_write_lcr_bits_masked
                0x0000000010004d58       0x20 CMakeFiles/tinyusb_host_msc_file_explorer.dir/home/henr7381/pico/pico-sdk/src/rp2_common/hardware_uart/uart.c.obj
 .text.uart_set_baudrate
                0x0000000010004d78       0x5c CMakeFiles/tinyusb_host_msc_file_explorer.dir/home/henr7381/pico/pico-sdk/src/rp2_common/hardware_uart/uart.c.obj
                0x0000000010004d78                uart_set_baudrate
 .text.uart_set_translate_crlf
                0x0000000010004dd4       0x28 CMakeFiles/tinyusb_host_msc_file_explorer.dir/home/henr7381/pico/pico-sdk/src/rp2_common/hardware_uart/uart.c.obj
                0x0000000010004dd4                uart_set_translate_crlf
 .text.uart_init
                0x0000000010004dfc       0x84 CMakeFiles/tinyusb_host_msc_file_explorer.dir/home/henr7381/pico/pico-sdk/src/rp2_common/hardware_uart/uart.c.obj
                0x0000000010004dfc                uart_init
 .text.clock_configure_internal
                0x0000000010004e80       0xc4 CMakeFiles/tinyusb_host_msc_file_explorer.dir/home/henr7381/pico/pico-sdk/src/rp2_common/hardware_clocks/clocks.c.obj
 .text.clock_configure_int_divider
                0x0000000010004f44       0x28 CMakeFiles/tinyusb_host_msc_file_explorer.dir/home/henr7381/pico/pico-sdk/src/rp2_common/hardware_clocks/clocks.c.obj
                0x0000000010004f44                clock_configure_int_divider
 .text.clock_configure_undivided
                0x0000000010004f6c       0x12 CMakeFiles/tinyusb_host_msc_file_explorer.dir/home/henr7381/pico/pico-sdk/src/rp2_common/hardware_clocks/clocks.c.obj
                0x0000000010004f6c                clock_configure_undivided
 *fill*         0x0000000010004f7e        0x2 
 .text.clock_get_hz
                0x0000000010004f80        0xc CMakeFiles/tinyusb_host_msc_file_explorer.dir/home/henr7381/pico/pico-sdk/src/rp2_common/hardware_clocks/clocks.c.obj
                0x0000000010004f80                clock_get_hz
 .text.pll_init
                0x0000000010004f8c      0x120 CMakeFiles/tinyusb_host_msc_file_explorer.dir/home/henr7381/pico/pico-sdk/src/rp2_common/hardware_pll/pll.c.obj
                0x0000000010004f8c                pll_init
 .text.tick_start
                0x00000000100050ac       0x10 CMakeFiles/tinyusb_host_msc_file_explorer.dir/home/henr7381/pico/pico-sdk/src/rp2_common/hardware_ticks/ticks.c.obj
                0x00000000100050ac                tick_start
 .text.xosc_init
                0x00000000100050bc       0x28 CMakeFiles/tinyusb_host_msc_file_explorer.dir/home/henr7381/pico/pico-sdk/src/rp2_common/hardware_xosc/xosc.c.obj
                0x00000000100050bc                xosc_init
 .text.runtime_run_initializers_from
                0x00000000100050e4       0x18 CMakeFiles/tinyusb_host_msc_file_explorer.dir/home/henr7381/pico/pico-sdk/src/rp2_common/pico_runtime/runtime.c.obj
 .text.first_per_core_initializer
                0x00000000100050fc        0x2 CMakeFiles/tinyusb_host_msc_file_explorer.dir/home/henr7381/pico/pico-sdk/src/rp2_common/pico_runtime/runtime.c.obj
 *fill*         0x00000000100050fe        0x2 
 .text.runtime_run_initializers
                0x0000000010005100       0x10 CMakeFiles/tinyusb_host_msc_file_explorer.dir/home/henr7381/pico/pico-sdk/src/rp2_common/pico_runtime/runtime.c.obj
                0x0000000010005100                runtime_run_initializers
 .text.runtime_init_early_resets
                0x0000000010005110       0x2c CMakeFiles/tinyusb_host_msc_file_explorer.dir/home/henr7381/pico/pico-sdk/src/rp2_common/pico_runtime_init/runtime_init.c.obj
                0x0000000010005110                runtime_init_early_resets
 .text.runtime_init_usb_power_down
                0x000000001000513c       0x1c CMakeFiles/tinyusb_host_msc_file_explorer.dir/home/henr7381/pico/pico-sdk/src/rp2_common/pico_runtime_init/runtime_init.c.obj
                0x000000001000513c                runtime_init_usb_power_down
 .text.runtime_init_post_clock_resets
                0x0000000010005158       0x20 CMakeFiles/tinyusb_host_msc_file_explorer.dir/home/henr7381/pico/pico-sdk/src/rp2_common/pico_runtime_init/runtime_init.c.obj
                0x0000000010005158                runtime_init_post_clock_resets
 .text.runtime_init_rp2040_gpio_ie_disable
                0x0000000010005178       0x14 CMakeFiles/tinyusb_host_msc_file_explorer.dir/home/henr7381/pico/pico-sdk/src/rp2_common/pico_runtime_init/runtime_init.c.obj
                0x0000000010005178                runtime_init_rp2040_gpio_ie_disable
 .text.runtime_init_spin_locks_reset
                0x000000001000518c        0x8 CMakeFiles/tinyusb_host_msc_file_explorer.dir/home/henr7381/pico/pico-sdk/src/rp2_common/pico_runtime_init/runtime_init.c.obj
                0x000000001000518c                runtime_init_spin_locks_reset
 .text.runtime_init_install_ram_vector_table
                0x0000000010005194       0x1c CMakeFiles/tinyusb_host_msc_file_explorer.dir/home/henr7381/pico/pico-sdk/src/rp2_common/pico_runtime_init/runtime_init.c.obj
                0x0000000010005194                runtime_init_install_ram_vector_table
 .text.start_all_ticks
                0x00000000100051b0       0x28 CMakeFiles/tinyusb_host_msc_file_explorer.dir/home/henr7381/pico/pico-sdk/src/rp2_common/pico_runtime_init/runtime_init_clocks.c.obj
 .text.runtime_init_clocks
                0x00000000100051d8       0xcc CMakeFiles/tinyusb_host_msc_file_explorer.dir/home/henr7381/pico/pico-sdk/src/rp2_common/pico_runtime_init/runtime_init_clocks.c.obj
                0x00000000100051d8                runtime_init_clocks
 .text          0x00000000100052a4       0x10 CMakeFiles/tinyusb_host_msc_file_explorer.dir/home/henr7381/pico/pico-sdk/src/rp2_common/pico_bit_ops/bit_ops_aeabi.S.obj
 .text.rom_func_lookup
                0x00000000100052b4       0x10 CMakeFiles/tinyusb_host_msc_file_explorer.dir/home/henr7381/pico/pico-sdk/src/rp2_common/pico_bootrom/bootrom.c.obj
                0x00000000100052b4                rom_func_lookup
 .text.rom_data_lookup
                0x00000000100052c4       0x10 CMakeFiles/tinyusb_host_msc_file_explorer.dir/home/henr7381/pico/pico-sdk/src/rp2_common/pico_bootrom/bootrom.c.obj
                0x00000000100052c4                rom_data_lookup
 .text.rom_funcs_lookup
                0x00000000100052d4       0x36 CMakeFiles/tinyusb_host_msc_file_explorer.dir/home/henr7381/pico/pico-sdk/src/rp2_common/pico_bootrom/bootrom.c.obj
                0x00000000100052d4                rom_funcs_lookup
 *fill*         0x000000001000530a        0x2 
 .text.__wrap___aeabi_idiv
                0x000000001000530c       0x50 CMakeFiles/tinyusb_host_msc_file_explorer.dir/home/henr7381/pico/pico-sdk/src/rp2_common/pico_divider/divider_hardware.S.obj
                0x000000001000530c                __wrap___aeabi_idivmod
                0x000000001000530c                divmod_s32s32
                0x000000001000530c                div_s32s32
                0x000000001000530c                __wrap___aeabi_idiv
                0x0000000010005314                divmod_s32s32_unsafe
                0x0000000010005340                divmod_s32s32_savestate
 .text.__wrap___aeabi_uidiv
                0x000000001000535c       0x4c CMakeFiles/tinyusb_host_msc_file_explorer.dir/home/henr7381/pico/pico-sdk/src/rp2_common/pico_divider/divider_hardware.S.obj
                0x000000001000535c                __wrap___aeabi_uidiv
                0x000000001000535c                __wrap___aeabi_uidivmod
                0x000000001000535c                div_u32u32
                0x000000001000535c                divmod_u32u32
                0x0000000010005364                divmod_u32u32_unsafe
                0x000000001000538c                divmod_u32u32_savestate
 .text.__wrap___aeabi_ldiv
                0x00000000100053a8      0x424 CMakeFiles/tinyusb_host_msc_file_explorer.dir/home/henr7381/pico/pico-sdk/src/rp2_common/pico_divider/divider_hardware.S.obj
                0x00000000100053a8                div_s64s64
                0x00000000100053a8                divmod_s64s64
                0x00000000100053a8                __wrap___aeabi_ldivmod
                0x00000000100053d8                div_u64u64
                0x00000000100053d8                divmod_u64u64
                0x00000000100053d8                __wrap___aeabi_uldivmod
                0x00000000100053e8                divmod_u64u64_savestate
                0x0000000010005408                divmod_s64s64_unsafe
                0x0000000010005490                divmod_u64u64_unsafe
 .text.__wrap___aeabi_darithmetic
                0x00000000100057cc       0x80 CMakeFiles/tinyusb_host_msc_file_explorer.dir/home/henr7381/pico/pico-sdk/src/rp2_common/pico_double/double_aeabi_rp2040.S.obj
                0x00000000100057cc                __wrap___aeabi_drsub
                0x00000000100057d2                __wrap___aeabi_dsub
                0x00000000100057e4                __wrap___aeabi_dadd
                0x00000000100057f6                __wrap___aeabi_ddiv
                0x0000000010005832                __wrap___aeabi_dmul
 .text.__wrap___aeabi_cdcmple
                0x000000001000584c       0x6c CMakeFiles/tinyusb_host_msc_file_explorer.dir/home/henr7381/pico/pico-sdk/src/rp2_common/pico_double/double_aeabi_rp2040.S.obj
                0x000000001000584c                __wrap___aeabi_cdrcmple
                0x000000001000585c                __wrap___aeabi_cdcmple
                0x000000001000585c                __wrap___aeabi_cdcmpeq
 .text.__wrap___aeabi_dcmplt
                0x00000000100058b8        0xc CMakeFiles/tinyusb_host_msc_file_explorer.dir/home/henr7381/pico/pico-sdk/src/rp2_common/pico_double/double_aeabi_rp2040.S.obj
                0x00000000100058b8                __wrap___aeabi_dcmplt
 .text.__wrap___aeabi_dcmple
                0x00000000100058c4       0x10 CMakeFiles/tinyusb_host_msc_file_explorer.dir/home/henr7381/pico/pico-sdk/src/rp2_common/pico_double/double_aeabi_rp2040.S.obj
                0x00000000100058c4                __wrap___aeabi_dcmple
 .text.__wrap___aeabi_dcmpge
                0x00000000100058d4       0x10 CMakeFiles/tinyusb_host_msc_file_explorer.dir/home/henr7381/pico/pico-sdk/src/rp2_common/pico_double/double_aeabi_rp2040.S.obj
                0x00000000100058d4                __wrap___aeabi_dcmpge
 .text.__wrap___aeabi_dcmpgt
                0x00000000100058e4        0xa CMakeFiles/tinyusb_host_msc_file_explorer.dir/home/henr7381/pico/pico-sdk/src/rp2_common/pico_double/double_aeabi_rp2040.S.obj
                0x00000000100058e4                __wrap___aeabi_dcmpgt
 .text.__wrap___aeabi_dcmpun
                0x00000000100058ee       0x18 CMakeFiles/tinyusb_host_msc_file_explorer.dir/home/henr7381/pico/pico-sdk/src/rp2_common/pico_double/double_aeabi_rp2040.S.obj
                0x00000000100058ee                __wrap___aeabi_dcmpun
 *fill*         0x0000000010005906        0x2 
 .text.__wrap___aeabi_i2d
                0x0000000010005908       0x38 CMakeFiles/tinyusb_host_msc_file_explorer.dir/home/henr7381/pico/pico-sdk/src/rp2_common/pico_double/double_aeabi_rp2040.S.obj
                0x0000000010005908                __wrap___aeabi_ui2d
                0x0000000010005910                __wrap___aeabi_i2d
 .text.__wrap___aeabi_d2iz
                0x0000000010005940       0x48 CMakeFiles/tinyusb_host_msc_file_explorer.dir/home/henr7381/pico/pico-sdk/src/rp2_common/pico_double/double_aeabi_rp2040.S.obj
                0x0000000010005940                __wrap___aeabi_d2iz
                0x0000000010005940                double2int_z
 .text.__wrap___aeabi_d2uiz
                0x0000000010005988       0x18 CMakeFiles/tinyusb_host_msc_file_explorer.dir/home/henr7381/pico/pico-sdk/src/rp2_common/pico_double/double_aeabi_rp2040.S.obj
                0x0000000010005988                double2uint
                0x0000000010005988                __wrap___aeabi_d2uiz
 .text.__aeabi_double_init
                0x00000000100059a0       0xc8 CMakeFiles/tinyusb_host_msc_file_explorer.dir/home/henr7381/pico/pico-sdk/src/rp2_common/pico_double/double_init_rom_rp2040.c.obj
                0x00000000100059a0                __aeabi_double_init
 .text.double_table_shim_on_use_helper
                0x0000000010005a68       0x34 CMakeFiles/tinyusb_host_msc_file_explorer.dir/home/henr7381/pico/pico-sdk/src/rp2_common/pico_double/double_v1_rom_shim_rp2040.S.obj
                0x0000000010005a68                double_table_shim_on_use_helper
 .text.__wrap___aeabi_dsub
                0x0000000010005a9c       0x10 CMakeFiles/tinyusb_host_msc_file_explorer.dir/home/henr7381/pico/pico-sdk/src/rp2_common/pico_double/double_v1_rom_shim_rp2040.S.obj
                0x0000000010005a9c                drsub_shim
                0x0000000010005aa2                dsub_shim
 .text.dadd_shim
                0x0000000010005aac      0x15c CMakeFiles/tinyusb_host_msc_file_explorer.dir/home/henr7381/pico/pico-sdk/src/rp2_common/pico_double/double_v1_rom_shim_rp2040.S.obj
                0x0000000010005aac                dadd_shim
 .text.dmul_shim
                0x0000000010005c08      0x15c CMakeFiles/tinyusb_host_msc_file_explorer.dir/home/henr7381/pico/pico-sdk/src/rp2_common/pico_double/double_v1_rom_shim_rp2040.S.obj
                0x0000000010005c08                dmul_shim
 .text.ddiv_shim
                0x0000000010005d64      0x1b0 CMakeFiles/tinyusb_host_msc_file_explorer.dir/home/henr7381/pico/pico-sdk/src/rp2_common/pico_double/double_v1_rom_shim_rp2040.S.obj
                0x0000000010005d64                ddiv_shim
 .text.double2uint_shim
                0x0000000010005f14        0xe CMakeFiles/tinyusb_host_msc_file_explorer.dir/home/henr7381/pico/pico-sdk/src/rp2_common/pico_double/double_v1_rom_shim_rp2040.S.obj
                0x0000000010005f14                double2uint_shim
                0x0000000010005f16                double2ufix_shim
 *fill*         0x0000000010005f22        0x2 
 .text.double2uint64_shim
                0x0000000010005f24       0x70 CMakeFiles/tinyusb_host_msc_file_explorer.dir/home/henr7381/pico/pico-sdk/src/rp2_common/pico_double/double_v1_rom_shim_rp2040.S.obj
                0x0000000010005f24                double2uint64_shim
                0x0000000010005f26                double2ufix64_shim
                0x0000000010005f46                d2fix_a
 .text.dunpacks
                0x0000000010005f94       0x3c CMakeFiles/tinyusb_host_msc_file_explorer.dir/home/henr7381/pico/pico-sdk/src/rp2_common/pico_double/double_v1_rom_shim_rp2040.S.obj
                0x0000000010005f94                dunpacks
 .text.__aeabi_lmul
                0x0000000010005fd0       0x32 CMakeFiles/tinyusb_host_msc_file_explorer.dir/home/henr7381/pico/pico-sdk/src/rp2_common/pico_int64_ops/pico_int64_ops_aeabi.S.obj
                0x0000000010005fd0                __wrap___aeabi_lmul
 *fill*         0x0000000010006002        0x2 
 .text.__aeabi_float_init
                0x0000000010006004       0xfc CMakeFiles/tinyusb_host_msc_file_explorer.dir/home/henr7381/pico/pico-sdk/src/rp2_common/pico_float/float_init_rom_rp2040.c.obj
                0x0000000010006004                __aeabi_float_init
 .text.float_table_shim_on_use_helper
                0x0000000010006100       0x34 CMakeFiles/tinyusb_host_msc_file_explorer.dir/home/henr7381/pico/pico-sdk/src/rp2_common/pico_float/float_v1_rom_shim_rp2040.S.obj
                0x0000000010006100                float_table_shim_on_use_helper
 .text.__wrap_malloc
                0x0000000010006134       0x24 CMakeFiles/tinyusb_host_msc_file_explorer.dir/home/henr7381/pico/pico-sdk/src/rp2_common/pico_malloc/malloc.c.obj
                0x0000000010006134                __wrap_malloc
 .text          0x0000000010006158       0x10 CMakeFiles/tinyusb_host_msc_file_explorer.dir/home/henr7381/pico/pico-sdk/src/rp2_common/pico_mem_ops/mem_ops_aeabi.S.obj
                0x0000000010006158                __aeabi_mem_init
 .text.memset   0x0000000010006168        0xc CMakeFiles/tinyusb_host_msc_file_explorer.dir/home/henr7381/pico/pico-sdk/src/rp2_common/pico_mem_ops/mem_ops_aeabi.S.obj
                0x0000000010006168                __wrap_memset
 .text.memcpy   0x0000000010006174        0xc CMakeFiles/tinyusb_host_msc_file_explorer.dir/home/henr7381/pico/pico-sdk/src/rp2_common/pico_mem_ops/mem_ops_aeabi.S.obj
                0x0000000010006174                __wrap___aeabi_memcpy
                0x0000000010006174                __wrap_memcpy
 .text._out_null
                0x0000000010006180        0x2 CMakeFiles/tinyusb_host_msc_file_explorer.dir/home/henr7381/pico/pico-sdk/src/rp2_common/pico_printf/printf.c.obj
 .text._out_fct
                0x0000000010006182        0xe CMakeFiles/tinyusb_host_msc_file_explorer.dir/home/henr7381/pico/pico-sdk/src/rp2_common/pico_printf/printf.c.obj
 .text._atoi    0x0000000010006190       0x24 CMakeFiles/tinyusb_host_msc_file_explorer.dir/home/henr7381/pico/pico-sdk/src/rp2_common/pico_printf/printf.c.obj
 .text._out_rev
                0x00000000100061b4       0xae CMakeFiles/tinyusb_host_msc_file_explorer.dir/home/henr7381/pico/pico-sdk/src/rp2_common/pico_printf/printf.c.obj
 .text._ntoa_format
                0x0000000010006262      0x112 CMakeFiles/tinyusb_host_msc_file_explorer.dir/home/henr7381/pico/pico-sdk/src/rp2_common/pico_printf/printf.c.obj
 .text._ntoa_long
                0x0000000010006374       0xbc CMakeFiles/tinyusb_host_msc_file_explorer.dir/home/henr7381/pico/pico-sdk/src/rp2_common/pico_printf/printf.c.obj
 .text._ntoa_long_long
                0x0000000010006430       0xe2 CMakeFiles/tinyusb_host_msc_file_explorer.dir/home/henr7381/pico/pico-sdk/src/rp2_common/pico_printf/printf.c.obj
 *fill*         0x0000000010006512        0x2 
 .text._etoa    0x0000000010006514      0x414 CMakeFiles/tinyusb_host_msc_file_explorer.dir/home/henr7381/pico/pico-sdk/src/rp2_common/pico_printf/printf.c.obj
 .text._ftoa    0x0000000010006928      0x354 CMakeFiles/tinyusb_host_msc_file_explorer.dir/home/henr7381/pico/pico-sdk/src/rp2_common/pico_printf/printf.c.obj
 .text._vsnprintf
                0x0000000010006c7c      0x624 CMakeFiles/tinyusb_host_msc_file_explorer.dir/home/henr7381/pico/pico-sdk/src/rp2_common/pico_printf/printf.c.obj
 .text.vfctprintf
                0x00000000100072a0       0x20 CMakeFiles/tinyusb_host_msc_file_explorer.dir/home/henr7381/pico/pico-sdk/src/rp2_common/pico_printf/printf.c.obj
                0x00000000100072a0                vfctprintf
 .text._exit    0x00000000100072c0        0x4 CMakeFiles/tinyusb_host_msc_file_explorer.dir/home/henr7381/pico/pico-sdk/src/rp2_common/pico_clib_interface/newlib_interface.c.obj
                0x00000000100072c0                _exit
 .text._sbrk    0x00000000100072c4       0x38 CMakeFiles/tinyusb_host_msc_file_explorer.dir/home/henr7381/pico/pico-sdk/src/rp2_common/pico_clib_interface/newlib_interface.c.obj
                0x00000000100072c4                _sbrk
 .text._read    0x00000000100072fc       0x24 CMakeFiles/tinyusb_host_msc_file_explorer.dir/home/henr7381/pico/pico-sdk/src/rp2_common/pico_clib_interface/newlib_interface.c.obj
                0x00000000100072fc                _read
 .text._write   0x0000000010007320       0x22 CMakeFiles/tinyusb_host_msc_file_explorer.dir/home/henr7381/pico/pico-sdk/src/rp2_common/pico_clib_interface/newlib_interface.c.obj
                0x0000000010007320                _write
 .text._close   0x0000000010007342        0x6 CMakeFiles/tinyusb_host_msc_file_explorer.dir/home/henr7381/pico/pico-sdk/src/rp2_common/pico_clib_interface/newlib_interface.c.obj
                0x0000000010007342                _close
 .text._lseek   0x0000000010007348        0x6 CMakeFiles/tinyusb_host_msc_file_explorer.dir/home/henr7381/pico/pico-sdk/src/rp2_common/pico_clib_interface/newlib_interface.c.obj
                0x0000000010007348                _lseek
 .text._fstat   0x000000001000734e        0x6 CMakeFiles/tinyusb_host_msc_file_explorer.dir/home/henr7381/pico/pico-sdk/src/rp2_common/pico_clib_interface/newlib_interface.c.obj
                0x000000001000734e                _fstat
 .text._isatty  0x0000000010007354        0xc CMakeFiles/tinyusb_host_msc_file_explorer.dir/home/henr7381/pico/pico-sdk/src/rp2_common/pico_clib_interface/newlib_interface.c.obj
                0x0000000010007354                _isatty
 .text.exit     0x0000000010007360        0x6 CMakeFiles/tinyusb_host_msc_file_explorer.dir/home/henr7381/pico/pico-sdk/src/rp2_common/pico_clib_interface/newlib_interface.c.obj
                0x0000000010007360                exit
 *fill*         0x0000000010007366        0x2 
 .text.__assert_func
                0x0000000010007368       0x3c CMakeFiles/tinyusb_host_msc_file_explorer.dir/home/henr7381/pico/pico-sdk/src/rp2_common/pico_clib_interface/newlib_interface.c.obj
                0x0000000010007368                __assert_func
 .text.runtime_init
                0x00000000100073a4       0x28 CMakeFiles/tinyusb_host_msc_file_explorer.dir/home/henr7381/pico/pico-sdk/src/rp2_common/pico_clib_interface/newlib_interface.c.obj
                0x00000000100073a4                runtime_init
 .text.stdio_out_chars_no_crlf
                0x00000000100073cc        0xe CMakeFiles/tinyusb_host_msc_file_explorer.dir/home/henr7381/pico/pico-sdk/src/rp2_common/pico_stdio/stdio.c.obj
 *fill*         0x00000000100073da        0x2 
 .text.stdio_out_chars_crlf
                0x00000000100073dc       0x80 CMakeFiles/tinyusb_host_msc_file_explorer.dir/home/henr7381/pico/pico-sdk/src/rp2_common/pico_stdio/stdio.c.obj
 .text.stdio_stack_buffer_flush
                0x000000001000745c       0x44 CMakeFiles/tinyusb_host_msc_file_explorer.dir/home/henr7381/pico/pico-sdk/src/rp2_common/pico_stdio/stdio.c.obj
 .text.stdio_buffered_printer
                0x00000000100074a0       0x20 CMakeFiles/tinyusb_host_msc_file_explorer.dir/home/henr7381/pico/pico-sdk/src/rp2_common/pico_stdio/stdio.c.obj
 .text.stdout_serialize_begin
                0x00000000100074c0       0x30 CMakeFiles/tinyusb_host_msc_file_explorer.dir/home/henr7381/pico/pico-sdk/src/rp2_common/pico_stdio/stdio.c.obj
                0x00000000100074c0                stdout_serialize_begin
 .text.stdout_serialize_end
                0x00000000100074f0       0x10 CMakeFiles/tinyusb_host_msc_file_explorer.dir/home/henr7381/pico/pico-sdk/src/rp2_common/pico_stdio/stdio.c.obj
                0x00000000100074f0                stdout_serialize_end
 .text.stdio_put_string
                0x0000000010007500       0x94 CMakeFiles/tinyusb_host_msc_file_explorer.dir/home/henr7381/pico/pico-sdk/src/rp2_common/pico_stdio/stdio.c.obj
                0x0000000010007500                stdio_put_string
 .text.stdio_get_until
                0x0000000010007594       0x88 CMakeFiles/tinyusb_host_msc_file_explorer.dir/home/henr7381/pico/pico-sdk/src/rp2_common/pico_stdio/stdio.c.obj
                0x0000000010007594                stdio_get_until
 .text.stdio_set_driver_enabled
                0x000000001000761c       0x2c CMakeFiles/tinyusb_host_msc_file_explorer.dir/home/henr7381/pico/pico-sdk/src/rp2_common/pico_stdio/stdio.c.obj
                0x000000001000761c                stdio_set_driver_enabled
 .text.stdio_flush
                0x0000000010007648       0x20 CMakeFiles/tinyusb_host_msc_file_explorer.dir/home/henr7381/pico/pico-sdk/src/rp2_common/pico_stdio/stdio.c.obj
                0x0000000010007648                stdio_flush
 .text.stdio_getchar_timeout_us
                0x0000000010007668       0x54 CMakeFiles/tinyusb_host_msc_file_explorer.dir/home/henr7381/pico/pico-sdk/src/rp2_common/pico_stdio/stdio.c.obj
                0x0000000010007668                stdio_getchar_timeout_us
 .text.__wrap_putchar
                0x00000000100076bc       0x1c CMakeFiles/tinyusb_host_msc_file_explorer.dir/home/henr7381/pico/pico-sdk/src/rp2_common/pico_stdio/stdio.c.obj
                0x00000000100076bc                stdio_putchar
                0x00000000100076bc                __wrap_putchar
 .text.__wrap_puts
                0x00000000100076d8       0x1e CMakeFiles/tinyusb_host_msc_file_explorer.dir/home/henr7381/pico/pico-sdk/src/rp2_common/pico_stdio/stdio.c.obj
                0x00000000100076d8                __wrap_puts
                0x00000000100076d8                stdio_puts
 *fill*         0x00000000100076f6        0x2 
 .text.__wrap_vprintf
                0x00000000100076f8       0x40 CMakeFiles/tinyusb_host_msc_file_explorer.dir/home/henr7381/pico/pico-sdk/src/rp2_common/pico_stdio/stdio.c.obj
                0x00000000100076f8                __wrap_vprintf
                0x00000000100076f8                stdio_vprintf
 .text.__wrap_printf
                0x0000000010007738       0x18 CMakeFiles/tinyusb_host_msc_file_explorer.dir/home/henr7381/pico/pico-sdk/src/rp2_common/pico_stdio/stdio.c.obj
                0x0000000010007738                stdio_printf
                0x0000000010007738                __wrap_printf
 .text.stdio_uart_out_chars
                0x0000000010007750       0x74 CMakeFiles/tinyusb_host_msc_file_explorer.dir/home/henr7381/pico/pico-sdk/src/rp2_common/pico_stdio_uart/stdio_uart.c.obj
 .text.stdio_uart_in_chars
                0x00000000100077c4       0x80 CMakeFiles/tinyusb_host_msc_file_explorer.dir/home/henr7381/pico/pico-sdk/src/rp2_common/pico_stdio_uart/stdio_uart.c.obj
                0x00000000100077c4                stdio_uart_in_chars
 .text.on_uart_rx
                0x0000000010007844       0x28 CMakeFiles/tinyusb_host_msc_file_explorer.dir/home/henr7381/pico/pico-sdk/src/rp2_common/pico_stdio_uart/stdio_uart.c.obj
 .text.stdio_uart_out_flush
                0x000000001000786c       0x10 CMakeFiles/tinyusb_host_msc_file_explorer.dir/home/henr7381/pico/pico-sdk/src/rp2_common/pico_stdio_uart/stdio_uart.c.obj
 .text.stdio_uart_set_chars_available_callback
                0x000000001000787c       0x90 CMakeFiles/tinyusb_host_msc_file_explorer.dir/home/henr7381/pico/pico-sdk/src/rp2_common/pico_stdio_uart/stdio_uart.c.obj
 .text.stdio_uart_init_full
                0x000000001000790c       0x44 CMakeFiles/tinyusb_host_msc_file_explorer.dir/home/henr7381/pico/pico-sdk/src/rp2_common/pico_stdio_uart/stdio_uart.c.obj
                0x000000001000790c                stdio_uart_init_full
 .text.board_init
                0x0000000010007950       0x30 CMakeFiles/tinyusb_host_msc_file_explorer.dir/home/henr7381/pico/pico-sdk/lib/tinyusb/hw/bsp/rp2040/family.c.obj
                0x0000000010007950                board_init
 .text.board_led_write
                0x0000000010007980       0x1c CMakeFiles/tinyusb_host_msc_file_explorer.dir/home/henr7381/pico/pico-sdk/lib/tinyusb/hw/bsp/rp2040/family.c.obj
                0x0000000010007980                board_led_write
 .text.board_getchar
                0x000000001000799c        0xa CMakeFiles/tinyusb_host_msc_file_explorer.dir/home/henr7381/pico/pico-sdk/lib/tinyusb/hw/bsp/rp2040/family.c.obj
                0x000000001000799c                board_getchar
 *fill*         0x00000000100079a6        0x2 
 .text._retrieve_unique_id_on_boot
                0x00000000100079a8       0x10 CMakeFiles/tinyusb_host_msc_file_explorer.dir/home/henr7381/pico/pico-sdk/src/rp2_common/pico_unique_id/unique_id.c.obj
 .text.flash_get_unique_id
                0x00000000100079b8       0x46 CMakeFiles/tinyusb_host_msc_file_explorer.dir/home/henr7381/pico/pico-sdk/src/rp2_common/hardware_flash/flash.c.obj
                0x00000000100079b8                flash_get_unique_id
 *fill*         0x00000000100079fe        0x2 
 .text.get_dev_ep
                0x0000000010007a00       0x38 CMakeFiles/tinyusb_host_msc_file_explorer.dir/home/henr7381/pico/pico-sdk/lib/tinyusb/src/portable/raspberrypi/rp2040/hcd_rp2040.c.obj
 .text._next_free_interrupt_ep
                0x0000000010007a38       0x24 CMakeFiles/tinyusb_host_msc_file_explorer.dir/home/henr7381/pico/pico-sdk/lib/tinyusb/src/portable/raspberrypi/rp2040/hcd_rp2040.c.obj
 .text._hw_endpoint_allocate
                0x0000000010007a5c       0x70 CMakeFiles/tinyusb_host_msc_file_explorer.dir/home/henr7381/pico/pico-sdk/lib/tinyusb/src/portable/raspberrypi/rp2040/hcd_rp2040.c.obj
 .text.hcd_init
                0x0000000010007acc       0x70 CMakeFiles/tinyusb_host_msc_file_explorer.dir/home/henr7381/pico/pico-sdk/lib/tinyusb/src/portable/raspberrypi/rp2040/hcd_rp2040.c.obj
                0x0000000010007acc                hcd_init
 .text.hcd_port_reset
                0x0000000010007b3c       0x24 CMakeFiles/tinyusb_host_msc_file_explorer.dir/home/henr7381/pico/pico-sdk/lib/tinyusb/src/portable/raspberrypi/rp2040/hcd_rp2040.c.obj
                0x0000000010007b3c                hcd_port_reset
 .text.hcd_port_reset_end
                0x0000000010007b60        0x2 CMakeFiles/tinyusb_host_msc_file_explorer.dir/home/henr7381/pico/pico-sdk/lib/tinyusb/src/portable/raspberrypi/rp2040/hcd_rp2040.c.obj
                0x0000000010007b60                hcd_port_reset_end
 *fill*         0x0000000010007b62        0x2 
 .text.hcd_port_connect_status
                0x0000000010007b64       0x38 CMakeFiles/tinyusb_host_msc_file_explorer.dir/home/henr7381/pico/pico-sdk/lib/tinyusb/src/portable/raspberrypi/rp2040/hcd_rp2040.c.obj
                0x0000000010007b64                hcd_port_connect_status
 .text.hcd_port_speed_get
                0x0000000010007b9c       0x48 CMakeFiles/tinyusb_host_msc_file_explorer.dir/home/henr7381/pico/pico-sdk/lib/tinyusb/src/portable/raspberrypi/rp2040/hcd_rp2040.c.obj
                0x0000000010007b9c                hcd_port_speed_get
 .text._hw_endpoint_init
                0x0000000010007be4      0x128 CMakeFiles/tinyusb_host_msc_file_explorer.dir/home/henr7381/pico/pico-sdk/lib/tinyusb/src/portable/raspberrypi/rp2040/hcd_rp2040.c.obj
 .text.hcd_device_close
                0x0000000010007d0c       0x64 CMakeFiles/tinyusb_host_msc_file_explorer.dir/home/henr7381/pico/pico-sdk/lib/tinyusb/src/portable/raspberrypi/rp2040/hcd_rp2040.c.obj
                0x0000000010007d0c                hcd_device_close
 .text.hcd_int_enable
                0x0000000010007d70       0x2c CMakeFiles/tinyusb_host_msc_file_explorer.dir/home/henr7381/pico/pico-sdk/lib/tinyusb/src/portable/raspberrypi/rp2040/hcd_rp2040.c.obj
                0x0000000010007d70                hcd_int_enable
 .text.hcd_edpt_open
                0x0000000010007d9c       0x58 CMakeFiles/tinyusb_host_msc_file_explorer.dir/home/henr7381/pico/pico-sdk/lib/tinyusb/src/portable/raspberrypi/rp2040/hcd_rp2040.c.obj
                0x0000000010007d9c                hcd_edpt_open
 .text.hcd_edpt_xfer
                0x0000000010007df4      0x110 CMakeFiles/tinyusb_host_msc_file_explorer.dir/home/henr7381/pico/pico-sdk/lib/tinyusb/src/portable/raspberrypi/rp2040/hcd_rp2040.c.obj
                0x0000000010007df4                hcd_edpt_xfer
 .text.hcd_edpt_abort_xfer
                0x0000000010007f04        0x4 CMakeFiles/tinyusb_host_msc_file_explorer.dir/home/henr7381/pico/pico-sdk/lib/tinyusb/src/portable/raspberrypi/rp2040/hcd_rp2040.c.obj
                0x0000000010007f04                hcd_edpt_abort_xfer
 .text.hcd_setup_send
                0x0000000010007f08       0xd0 CMakeFiles/tinyusb_host_msc_file_explorer.dir/home/henr7381/pico/pico-sdk/lib/tinyusb/src/portable/raspberrypi/rp2040/hcd_rp2040.c.obj
                0x0000000010007f08                hcd_setup_send
 .text.unaligned_memcpy
                0x0000000010007fd8       0x14 CMakeFiles/tinyusb_host_msc_file_explorer.dir/home/henr7381/pico/pico-sdk/lib/tinyusb/src/portable/raspberrypi/rp2040/rp2040_usb.c.obj
 .text.rp2040_usb_init
                0x0000000010007fec       0x44 CMakeFiles/tinyusb_host_msc_file_explorer.dir/home/henr7381/pico/pico-sdk/lib/tinyusb/src/portable/raspberrypi/rp2040/rp2040_usb.c.obj
                0x0000000010007fec                rp2040_usb_init
 .text.hw_endpoint_xfer_start
                0x0000000010008030       0x60 CMakeFiles/tinyusb_host_msc_file_explorer.dir/home/henr7381/pico/pico-sdk/lib/tinyusb/src/portable/raspberrypi/rp2040/rp2040_usb.c.obj
                0x0000000010008030                hw_endpoint_xfer_start
 .text._control_blocking_complete_cb
                0x0000000010008090        0x8 CMakeFiles/tinyusb_host_msc_file_explorer.dir/home/henr7381/pico/pico-sdk/lib/tinyusb/src/host/usbh.c.obj
 .text.get_new_address
                0x0000000010008098       0x34 CMakeFiles/tinyusb_host_msc_file_explorer.dir/home/henr7381/pico/pico-sdk/lib/tinyusb/src/host/usbh.c.obj
 .text.clear_device
                0x00000000100080cc       0x26 CMakeFiles/tinyusb_host_msc_file_explorer.dir/home/henr7381/pico/pico-sdk/lib/tinyusb/src/host/usbh.c.obj
 *fill*         0x00000000100080f2        0x2 
 .text._control_xfer_complete
                0x00000000100080f4       0x64 CMakeFiles/tinyusb_host_msc_file_explorer.dir/home/henr7381/pico/pico-sdk/lib/tinyusb/src/host/usbh.c.obj
 .text.enum_full_complete
                0x0000000010008158       0x20 CMakeFiles/tinyusb_host_msc_file_explorer.dir/home/henr7381/pico/pico-sdk/lib/tinyusb/src/host/usbh.c.obj
 .text._parse_configuration_descriptor
                0x0000000010008178      0x14c CMakeFiles/tinyusb_host_msc_file_explorer.dir/home/henr7381/pico/pico-sdk/lib/tinyusb/src/host/usbh.c.obj
 .text.process_removing_device
                0x00000000100082c4      0x144 CMakeFiles/tinyusb_host_msc_file_explorer.dir/home/henr7381/pico/pico-sdk/lib/tinyusb/src/host/usbh.c.obj
 .text.tuh_event_hook_cb
                0x0000000010008408        0x2 CMakeFiles/tinyusb_host_msc_file_explorer.dir/home/henr7381/pico/pico-sdk/lib/tinyusb/src/host/usbh.c.obj
                0x0000000010008408                tuh_event_hook_cb
 *fill*         0x000000001000840a        0x2 
 .text.tuh_speed_get
                0x000000001000840c       0x2c CMakeFiles/tinyusb_host_msc_file_explorer.dir/home/henr7381/pico/pico-sdk/lib/tinyusb/src/host/usbh.c.obj
                0x000000001000840c                tuh_speed_get
 .text.tuh_rhport_is_active
                0x0000000010008438       0x14 CMakeFiles/tinyusb_host_msc_file_explorer.dir/home/henr7381/pico/pico-sdk/lib/tinyusb/src/host/usbh.c.obj
                0x0000000010008438                tuh_rhport_is_active
 .text.tuh_inited
                0x000000001000844c       0x14 CMakeFiles/tinyusb_host_msc_file_explorer.dir/home/henr7381/pico/pico-sdk/lib/tinyusb/src/host/usbh.c.obj
                0x000000001000844c                tuh_inited
 .text.tuh_init
                0x0000000010008460      0x11c CMakeFiles/tinyusb_host_msc_file_explorer.dir/home/henr7381/pico/pico-sdk/lib/tinyusb/src/host/usbh.c.obj
                0x0000000010008460                tuh_init
 .text.tuh_task_event_ready
                0x000000001000857c       0x20 CMakeFiles/tinyusb_host_msc_file_explorer.dir/home/henr7381/pico/pico-sdk/lib/tinyusb/src/host/usbh.c.obj
                0x000000001000857c                tuh_task_event_ready
 .text.tuh_edpt_abort_xfer
                0x000000001000859c       0xcc CMakeFiles/tinyusb_host_msc_file_explorer.dir/home/henr7381/pico/pico-sdk/lib/tinyusb/src/host/usbh.c.obj
                0x000000001000859c                tuh_edpt_abort_xfer
 .text.usbh_get_rhport
                0x0000000010008668       0x28 CMakeFiles/tinyusb_host_msc_file_explorer.dir/home/henr7381/pico/pico-sdk/lib/tinyusb/src/host/usbh.c.obj
                0x0000000010008668                usbh_get_rhport
 .text.usbh_edpt_control_open
                0x0000000010008690       0x30 CMakeFiles/tinyusb_host_msc_file_explorer.dir/home/henr7381/pico/pico-sdk/lib/tinyusb/src/host/usbh.c.obj
 .text.usbh_control_xfer_cb
                0x00000000100086c0      0x138 CMakeFiles/tinyusb_host_msc_file_explorer.dir/home/henr7381/pico/pico-sdk/lib/tinyusb/src/host/usbh.c.obj
 .text.usbh_edpt_claim
                0x00000000100087f8       0x58 CMakeFiles/tinyusb_host_msc_file_explorer.dir/home/henr7381/pico/pico-sdk/lib/tinyusb/src/host/usbh.c.obj
                0x00000000100087f8                usbh_edpt_claim
 .text.usbh_edpt_release
                0x0000000010008850       0x50 CMakeFiles/tinyusb_host_msc_file_explorer.dir/home/henr7381/pico/pico-sdk/lib/tinyusb/src/host/usbh.c.obj
                0x0000000010008850                usbh_edpt_release
 .text.usbh_edpt_xfer_with_callback
                0x00000000100088a0       0xc0 CMakeFiles/tinyusb_host_msc_file_explorer.dir/home/henr7381/pico/pico-sdk/lib/tinyusb/src/host/usbh.c.obj
                0x00000000100088a0                usbh_edpt_xfer_with_callback
 .text.tuh_edpt_open
                0x0000000010008960       0x44 CMakeFiles/tinyusb_host_msc_file_explorer.dir/home/henr7381/pico/pico-sdk/lib/tinyusb/src/host/usbh.c.obj
                0x0000000010008960                tuh_edpt_open
 .text.usbh_driver_set_config_complete
                0x00000000100089a4       0x98 CMakeFiles/tinyusb_host_msc_file_explorer.dir/home/henr7381/pico/pico-sdk/lib/tinyusb/src/host/usbh.c.obj
                0x00000000100089a4                usbh_driver_set_config_complete
 .text.process_enumeration
                0x0000000010008a3c      0x32c CMakeFiles/tinyusb_host_msc_file_explorer.dir/home/henr7381/pico/pico-sdk/lib/tinyusb/src/host/usbh.c.obj
 .text.enum_new_device
                0x0000000010008d68       0xb8 CMakeFiles/tinyusb_host_msc_file_explorer.dir/home/henr7381/pico/pico-sdk/lib/tinyusb/src/host/usbh.c.obj
 .text.tuh_task_ext
                0x0000000010008e20      0x1fc CMakeFiles/tinyusb_host_msc_file_explorer.dir/home/henr7381/pico/pico-sdk/lib/tinyusb/src/host/usbh.c.obj
                0x0000000010008e20                tuh_task_ext
 .text.tuh_control_xfer
                0x000000001000901c      0x154 CMakeFiles/tinyusb_host_msc_file_explorer.dir/home/henr7381/pico/pico-sdk/lib/tinyusb/src/host/usbh.c.obj
                0x000000001000901c                tuh_control_xfer
 .text.enum_request_set_addr
                0x0000000010009170       0xd8 CMakeFiles/tinyusb_host_msc_file_explorer.dir/home/henr7381/pico/pico-sdk/lib/tinyusb/src/host/usbh.c.obj
 .text._get_descriptor
                0x0000000010009248       0x66 CMakeFiles/tinyusb_host_msc_file_explorer.dir/home/henr7381/pico/pico-sdk/lib/tinyusb/src/host/usbh.c.obj
 .text.tuh_descriptor_get
                0x00000000100092ae       0x1e CMakeFiles/tinyusb_host_msc_file_explorer.dir/home/henr7381/pico/pico-sdk/lib/tinyusb/src/host/usbh.c.obj
                0x00000000100092ae                tuh_descriptor_get
 .text.tuh_descriptor_get_device
                0x00000000100092cc       0x24 CMakeFiles/tinyusb_host_msc_file_explorer.dir/home/henr7381/pico/pico-sdk/lib/tinyusb/src/host/usbh.c.obj
                0x00000000100092cc                tuh_descriptor_get_device
 .text.tuh_descriptor_get_configuration
                0x00000000100092f0       0x1c CMakeFiles/tinyusb_host_msc_file_explorer.dir/home/henr7381/pico/pico-sdk/lib/tinyusb/src/host/usbh.c.obj
                0x00000000100092f0                tuh_descriptor_get_configuration
 .text.tuh_configuration_set
                0x000000001000930c       0x4e CMakeFiles/tinyusb_host_msc_file_explorer.dir/home/henr7381/pico/pico-sdk/lib/tinyusb/src/host/usbh.c.obj
                0x000000001000930c                tuh_configuration_set
 *fill*         0x000000001000935a        0x2 
 .text.connection_port_reset_complete
                0x000000001000935c       0x4c CMakeFiles/tinyusb_host_msc_file_explorer.dir/home/henr7381/pico/pico-sdk/lib/tinyusb/src/host/hub.c.obj
 .text.hub_port_clear_feature
                0x00000000100093a8       0x78 CMakeFiles/tinyusb_host_msc_file_explorer.dir/home/henr7381/pico/pico-sdk/lib/tinyusb/src/host/hub.c.obj
                0x00000000100093a8                hub_port_clear_feature
 .text.hub_get_status_complete
                0x0000000010009420       0x88 CMakeFiles/tinyusb_host_msc_file_explorer.dir/home/henr7381/pico/pico-sdk/lib/tinyusb/src/host/hub.c.obj
 .text.hub_port_set_feature
                0x00000000100094a8       0x78 CMakeFiles/tinyusb_host_msc_file_explorer.dir/home/henr7381/pico/pico-sdk/lib/tinyusb/src/host/hub.c.obj
                0x00000000100094a8                hub_port_set_feature
 .text.connection_clear_conn_change_complete
                0x0000000010009520       0x78 CMakeFiles/tinyusb_host_msc_file_explorer.dir/home/henr7381/pico/pico-sdk/lib/tinyusb/src/host/hub.c.obj
 .text.config_set_port_power
                0x0000000010009598       0x50 CMakeFiles/tinyusb_host_msc_file_explorer.dir/home/henr7381/pico/pico-sdk/lib/tinyusb/src/host/hub.c.obj
 .text.config_port_power_complete
                0x00000000100095e8       0x94 CMakeFiles/tinyusb_host_msc_file_explorer.dir/home/henr7381/pico/pico-sdk/lib/tinyusb/src/host/hub.c.obj
 .text.hub_port_get_status
                0x000000001000967c       0x6e CMakeFiles/tinyusb_host_msc_file_explorer.dir/home/henr7381/pico/pico-sdk/lib/tinyusb/src/host/hub.c.obj
                0x000000001000967c                hub_port_get_status
 *fill*         0x00000000100096ea        0x2 
 .text.hub_init
                0x00000000100096ec       0x14 CMakeFiles/tinyusb_host_msc_file_explorer.dir/home/henr7381/pico/pico-sdk/lib/tinyusb/src/host/hub.c.obj
                0x00000000100096ec                hub_init
 .text.hub_deinit
                0x0000000010009700        0x4 CMakeFiles/tinyusb_host_msc_file_explorer.dir/home/henr7381/pico/pico-sdk/lib/tinyusb/src/host/hub.c.obj
                0x0000000010009700                hub_deinit
 .text.hub_open
                0x0000000010009704       0x90 CMakeFiles/tinyusb_host_msc_file_explorer.dir/home/henr7381/pico/pico-sdk/lib/tinyusb/src/host/hub.c.obj
                0x0000000010009704                hub_open
 .text.hub_close
                0x0000000010009794       0x24 CMakeFiles/tinyusb_host_msc_file_explorer.dir/home/henr7381/pico/pico-sdk/lib/tinyusb/src/host/hub.c.obj
                0x0000000010009794                hub_close
 .text.hub_edpt_status_xfer
                0x00000000100097b8       0x24 CMakeFiles/tinyusb_host_msc_file_explorer.dir/home/henr7381/pico/pico-sdk/lib/tinyusb/src/host/hub.c.obj
                0x00000000100097b8                hub_edpt_status_xfer
 .text.hub_port_get_status_complete
                0x00000000100097dc       0xa0 CMakeFiles/tinyusb_host_msc_file_explorer.dir/home/henr7381/pico/pico-sdk/lib/tinyusb/src/host/hub.c.obj
 .text.hub_clear_feature_complete_stub
                0x000000001000987c       0x28 CMakeFiles/tinyusb_host_msc_file_explorer.dir/home/henr7381/pico/pico-sdk/lib/tinyusb/src/host/hub.c.obj
 .text.hub_set_config
                0x00000000100098a4       0x78 CMakeFiles/tinyusb_host_msc_file_explorer.dir/home/henr7381/pico/pico-sdk/lib/tinyusb/src/host/hub.c.obj
                0x00000000100098a4                hub_set_config
 .text.hub_xfer_cb
                0x000000001000991c       0xa0 CMakeFiles/tinyusb_host_msc_file_explorer.dir/home/henr7381/pico/pico-sdk/lib/tinyusb/src/host/hub.c.obj
                0x000000001000991c                hub_xfer_cb
 .text.config_read_capacity_complete
                0x00000000100099bc       0x88 CMakeFiles/tinyusb_host_msc_file_explorer.dir/home/henr7381/pico/pico-sdk/lib/tinyusb/src/class/msc/msc_host.c.obj
 .text.tuh_msc_get_block_count
                0x0000000010009a44       0x1c CMakeFiles/tinyusb_host_msc_file_explorer.dir/home/henr7381/pico/pico-sdk/lib/tinyusb/src/class/msc/msc_host.c.obj
                0x0000000010009a44                tuh_msc_get_block_count
 .text.tuh_msc_get_block_size
                0x0000000010009a60       0x1c CMakeFiles/tinyusb_host_msc_file_explorer.dir/home/henr7381/pico/pico-sdk/lib/tinyusb/src/class/msc/msc_host.c.obj
                0x0000000010009a60                tuh_msc_get_block_size
 .text.tuh_msc_mounted
                0x0000000010009a7c       0x14 CMakeFiles/tinyusb_host_msc_file_explorer.dir/home/henr7381/pico/pico-sdk/lib/tinyusb/src/class/msc/msc_host.c.obj
                0x0000000010009a7c                tuh_msc_mounted
 .text.tuh_msc_scsi_command
                0x0000000010009a90       0x98 CMakeFiles/tinyusb_host_msc_file_explorer.dir/home/henr7381/pico/pico-sdk/lib/tinyusb/src/class/msc/msc_host.c.obj
                0x0000000010009a90                tuh_msc_scsi_command
 .text.tuh_msc_read_capacity
                0x0000000010009b28       0x68 CMakeFiles/tinyusb_host_msc_file_explorer.dir/home/henr7381/pico/pico-sdk/lib/tinyusb/src/class/msc/msc_host.c.obj
                0x0000000010009b28                tuh_msc_read_capacity
 .text.tuh_msc_inquiry
                0x0000000010009b90       0x84 CMakeFiles/tinyusb_host_msc_file_explorer.dir/home/henr7381/pico/pico-sdk/lib/tinyusb/src/class/msc/msc_host.c.obj
                0x0000000010009b90                tuh_msc_inquiry
 .text.tuh_msc_test_unit_ready
                0x0000000010009c14       0x5c CMakeFiles/tinyusb_host_msc_file_explorer.dir/home/henr7381/pico/pico-sdk/lib/tinyusb/src/class/msc/msc_host.c.obj
                0x0000000010009c14                tuh_msc_test_unit_ready
 .text.config_get_maxlun_complete
                0x0000000010009c70       0x3c CMakeFiles/tinyusb_host_msc_file_explorer.dir/home/henr7381/pico/pico-sdk/lib/tinyusb/src/class/msc/msc_host.c.obj
 .text.config_request_sense_complete
                0x0000000010009cac       0x48 CMakeFiles/tinyusb_host_msc_file_explorer.dir/home/henr7381/pico/pico-sdk/lib/tinyusb/src/class/msc/msc_host.c.obj
 .text.tuh_msc_request_sense
                0x0000000010009cf4       0x70 CMakeFiles/tinyusb_host_msc_file_explorer.dir/home/henr7381/pico/pico-sdk/lib/tinyusb/src/class/msc/msc_host.c.obj
                0x0000000010009cf4                tuh_msc_request_sense
 .text.config_test_unit_ready_complete
                0x0000000010009d64       0x58 CMakeFiles/tinyusb_host_msc_file_explorer.dir/home/henr7381/pico/pico-sdk/lib/tinyusb/src/class/msc/msc_host.c.obj
 .text.tuh_msc_read10
                0x0000000010009dbc       0xcc CMakeFiles/tinyusb_host_msc_file_explorer.dir/home/henr7381/pico/pico-sdk/lib/tinyusb/src/class/msc/msc_host.c.obj
                0x0000000010009dbc                tuh_msc_read10
 .text.tuh_msc_write10
                0x0000000010009e88       0xc8 CMakeFiles/tinyusb_host_msc_file_explorer.dir/home/henr7381/pico/pico-sdk/lib/tinyusb/src/class/msc/msc_host.c.obj
                0x0000000010009e88                tuh_msc_write10
 .text.msch_init
                0x0000000010009f50       0x18 CMakeFiles/tinyusb_host_msc_file_explorer.dir/home/henr7381/pico/pico-sdk/lib/tinyusb/src/class/msc/msc_host.c.obj
                0x0000000010009f50                msch_init
 .text.msch_deinit
                0x0000000010009f68        0x4 CMakeFiles/tinyusb_host_msc_file_explorer.dir/home/henr7381/pico/pico-sdk/lib/tinyusb/src/class/msc/msc_host.c.obj
                0x0000000010009f68                msch_deinit
 .text.msch_close
                0x0000000010009f6c       0x3c CMakeFiles/tinyusb_host_msc_file_explorer.dir/home/henr7381/pico/pico-sdk/lib/tinyusb/src/class/msc/msc_host.c.obj
                0x0000000010009f6c                msch_close
 .text.msch_xfer_cb
                0x0000000010009fa8      0x168 CMakeFiles/tinyusb_host_msc_file_explorer.dir/home/henr7381/pico/pico-sdk/lib/tinyusb/src/class/msc/msc_host.c.obj
                0x0000000010009fa8                msch_xfer_cb
 .text.msch_open
                0x000000001000a110       0xd8 CMakeFiles/tinyusb_host_msc_file_explorer.dir/home/henr7381/pico/pico-sdk/lib/tinyusb/src/class/msc/msc_host.c.obj
                0x000000001000a110                msch_open
 .text.msch_set_config
                0x000000001000a1e8       0xa8 CMakeFiles/tinyusb_host_msc_file_explorer.dir/home/henr7381/pico/pico-sdk/lib/tinyusb/src/class/msc/msc_host.c.obj
                0x000000001000a1e8                msch_set_config
 .text.tu_edpt_claim
                0x000000001000a290       0x50 CMakeFiles/tinyusb_host_msc_file_explorer.dir/home/henr7381/pico/pico-sdk/lib/tinyusb/src/tusb.c.obj
                0x000000001000a290                tu_edpt_claim
 .text.tu_edpt_release
                0x000000001000a2e0       0x3c CMakeFiles/tinyusb_host_msc_file_explorer.dir/home/henr7381/pico/pico-sdk/lib/tinyusb/src/tusb.c.obj
                0x000000001000a2e0                tu_edpt_release
 .text.tu_edpt_validate
                0x000000001000a31c       0xac CMakeFiles/tinyusb_host_msc_file_explorer.dir/home/henr7381/pico/pico-sdk/lib/tinyusb/src/tusb.c.obj
                0x000000001000a31c                tu_edpt_validate
 .text.tu_edpt_bind_driver
                0x000000001000a3c8       0x26 CMakeFiles/tinyusb_host_msc_file_explorer.dir/home/henr7381/pico/pico-sdk/lib/tinyusb/src/tusb.c.obj
                0x000000001000a3c8                tu_edpt_bind_driver
 .text.tu_desc_get_interface_total_len
                0x000000001000a3ee       0x3e CMakeFiles/tinyusb_host_msc_file_explorer.dir/home/henr7381/pico/pico-sdk/lib/tinyusb/src/tusb.c.obj
                0x000000001000a3ee                tu_desc_get_interface_total_len
 .text.advance_index
                0x000000001000a42c       0x1a CMakeFiles/tinyusb_host_msc_file_explorer.dir/home/henr7381/pico/pico-sdk/lib/tinyusb/src/common/tusb_fifo.c.obj
 .text._tu_fifo_peek
                0x000000001000a446       0x56 CMakeFiles/tinyusb_host_msc_file_explorer.dir/home/henr7381/pico/pico-sdk/lib/tinyusb/src/common/tusb_fifo.c.obj
 .text.tu_fifo_empty
                0x000000001000a49c       0x10 CMakeFiles/tinyusb_host_msc_file_explorer.dir/home/henr7381/pico/pico-sdk/lib/tinyusb/src/common/tusb_fifo.c.obj
                0x000000001000a49c                tu_fifo_empty
 .text.tu_fifo_full
                0x000000001000a4ac       0x28 CMakeFiles/tinyusb_host_msc_file_explorer.dir/home/henr7381/pico/pico-sdk/lib/tinyusb/src/common/tusb_fifo.c.obj
                0x000000001000a4ac                tu_fifo_full
 .text.tu_fifo_read
                0x000000001000a4d4       0x42 CMakeFiles/tinyusb_host_msc_file_explorer.dir/home/henr7381/pico/pico-sdk/lib/tinyusb/src/common/tusb_fifo.c.obj
                0x000000001000a4d4                tu_fifo_read
 .text.tu_fifo_write
                0x000000001000a516       0x64 CMakeFiles/tinyusb_host_msc_file_explorer.dir/home/henr7381/pico/pico-sdk/lib/tinyusb/src/common/tusb_fifo.c.obj
                0x000000001000a516                tu_fifo_write
 .text.tu_fifo_clear
                0x000000001000a57a       0x3e CMakeFiles/tinyusb_host_msc_file_explorer.dir/home/henr7381/pico/pico-sdk/lib/tinyusb/src/common/tusb_fifo.c.obj
                0x000000001000a57a                tu_fifo_clear
 .text          0x000000001000a5b8       0x28 /usr/lib/gcc/arm-none-eabi/10.3.1/../../../arm-none-eabi/lib/thumb/v6-m/nofp/libg.a(lib_a-malloc.o)
                0x000000001000a5b8                malloc
                0x000000001000a5cc                free
 .text          0x000000001000a5e0      0x574 /usr/lib/gcc/arm-none-eabi/10.3.1/../../../arm-none-eabi/lib/thumb/v6-m/nofp/libg.a(lib_a-mallocr.o)
                0x000000001000a5e0                _malloc_r
 .text          0x000000001000ab54       0x48 /usr/lib/gcc/arm-none-eabi/10.3.1/../../../arm-none-eabi/lib/thumb/v6-m/nofp/libg.a(lib_a-memcmp.o)
                0x000000001000ab54                memcmp
 .text          0x000000001000ab9c       0xac /usr/lib/gcc/arm-none-eabi/10.3.1/../../../arm-none-eabi/lib/thumb/v6-m/nofp/libg.a(lib_a-memmove.o)
                0x000000001000ab9c                memmove
 .text          0x000000001000ac48        0x8 /usr/lib/gcc/arm-none-eabi/10.3.1/../../../arm-none-eabi/lib/thumb/v6-m/nofp/libg.a(lib_a-mlock.o)
                0x000000001000ac48                __malloc_lock
                0x000000001000ac4c                __malloc_unlock
 .text          0x000000001000ac50       0x24 /usr/lib/gcc/arm-none-eabi/10.3.1/../../../arm-none-eabi/lib/thumb/v6-m/nofp/libg.a(lib_a-sbrkr.o)
                0x000000001000ac50                _sbrk_r
 .text          0x000000001000ac74       0x14 /usr/lib/gcc/arm-none-eabi/10.3.1/../../../arm-none-eabi/lib/thumb/v6-m/nofp/libg.a(lib_a-setbuf.o)
                0x000000001000ac74                setbuf
 .text          0x000000001000ac88      0x174 /usr/lib/gcc/arm-none-eabi/10.3.1/../../../arm-none-eabi/lib/thumb/v6-m/nofp/libg.a(lib_a-setvbuf.o)
                0x000000001000ac88                setvbuf
 .text          0x000000001000adfc       0xc0 /usr/lib/gcc/arm-none-eabi/10.3.1/../../../arm-none-eabi/lib/thumb/v6-m/nofp/libg.a(lib_a-strchr.o)
                0x000000001000adfc                strchr
 .text          0x000000001000aebc       0x88 /usr/lib/gcc/arm-none-eabi/10.3.1/../../../arm-none-eabi/lib/thumb/v6-m/nofp/libg.a(lib_a-strcmp.o)
                0x000000001000aebc                strcmp
 .text          0x000000001000af44       0x5c /usr/lib/gcc/arm-none-eabi/10.3.1/../../../arm-none-eabi/lib/thumb/v6-m/nofp/libg.a(lib_a-strlen-stub.o)
                0x000000001000af44                strlen
 .text          0x000000001000afa0      0x1c0 /usr/lib/gcc/arm-none-eabi/10.3.1/../../../arm-none-eabi/lib/thumb/v6-m/nofp/libg.a(lib_a-fflush.o)
                0x000000001000afa0                __sflush_r
                0x000000001000b0e0                _fflush_r
                0x000000001000b10c                fflush
 .text          0x000000001000b160      0x248 /usr/lib/gcc/arm-none-eabi/10.3.1/../../../arm-none-eabi/lib/thumb/v6-m/nofp/libg.a(lib_a-findfp.o)
                0x000000001000b164                _cleanup_r
                0x000000001000b260                __sfmoreglue
                0x000000001000b290                __sfp
                0x000000001000b340                _cleanup
                0x000000001000b358                __sinit
                0x000000001000b368                __sfp_lock_acquire
                0x000000001000b36c                __sfp_lock_release
                0x000000001000b370                __sinit_lock_acquire
                0x000000001000b374                __sinit_lock_release
                0x000000001000b378                __fp_lock_all
                0x000000001000b390                __fp_unlock_all
 .text          0x000000001000b3a8      0x260 /usr/lib/gcc/arm-none-eabi/10.3.1/../../../arm-none-eabi/lib/thumb/v6-m/nofp/libg.a(lib_a-freer.o)
                0x000000001000b3a8                _malloc_trim_r
                0x000000001000b444                _free_r
 .text          0x000000001000b608       0x88 /usr/lib/gcc/arm-none-eabi/10.3.1/../../../arm-none-eabi/lib/thumb/v6-m/nofp/libg.a(lib_a-fwalk.o)
                0x000000001000b608                _fwalk
                0x000000001000b648                _fwalk_reent
 .text          0x000000001000b690      0x144 /usr/lib/gcc/arm-none-eabi/10.3.1/../../../arm-none-eabi/lib/thumb/v6-m/nofp/libg.a(lib_a-makebuf.o)
                0x000000001000b690                __smakebuf_r
                0x000000001000b774                __swhatbuf_r
 .text          0x000000001000b7d4       0xa4 /usr/lib/gcc/arm-none-eabi/10.3.1/../../../arm-none-eabi/lib/thumb/v6-m/nofp/libg.a(lib_a-stdio.o)
                0x000000001000b7d4                __sread
                0x000000001000b7fc                __seofread
                0x000000001000b800                __swrite
                0x000000001000b840                __sseek
                0x000000001000b86c                __sclose
 .text          0x000000001000b878       0x28 /usr/lib/gcc/arm-none-eabi/10.3.1/../../../arm-none-eabi/lib/thumb/v6-m/nofp/libg.a(lib_a-writer.o)
                0x000000001000b878                _write_r
 .text          0x000000001000b8a0       0x24 /usr/lib/gcc/arm-none-eabi/10.3.1/../../../arm-none-eabi/lib/thumb/v6-m/nofp/libg.a(lib_a-closer.o)
                0x000000001000b8a0                _close_r